
> react-vite-app@0.8.0 build
> vite build && node scripts/create-granite-config.js

[36mvite v7.2.2 [32mbuilding client environment for production...[36m[39m
transforming...
[32m??[39m 740 modules transformed.
