
> react-vite-app@0.8.0 test:coverage:components
> vitest src/components src/pages --coverage --run


 RUN  v4.0.16 C:/Users/ghkdd/gemini-projects/solve-climb
      Coverage enabled with v8

stdout | src/components/__tests__/ClimbGraphic.test.tsx
[Env] ?섍꼍 蹂???뺣낫
  [2026-01-05T09:13:23.720Z] [Env] 媛쒕컻 ?섍꼍: true
  [2026-01-05T09:13:23.720Z] [Env] ?꾨줈?뺤뀡 ?섍꼍: false
  [2026-01-05T09:13:23.720Z] [Env] Supabase URL: ?ㅼ젙??  [2026-01-05T09:13:23.720Z] [Env] Supabase Anon Key: ?ㅼ젙??[Supabase] 肄쒕갚 URL: http://localhost:3000/auth/callback

 ??src/components/__tests__/QuizCard.test.tsx (32 tests) 248ms
node.exe : stderr | src/components/__tests__/StatusCard.test.tsx > StatusCard > should display error state when fetchUs
erData fails
위치 C:\Program Files\nodejs\npm.ps1:29 문자:3
+   & $NODE_EXE $NPM_CLI_JS $args
+   ~~~~~~~~~~~~~~~~~~~~~~~~~~~~~
    + CategoryInfo          : NotSpecified: (stderr | src/co...hUserData fails:String) [], RemoteException
    + FullyQualifiedErrorId : NativeCommandError
 
Failed to calculate user data: Error: Failed to get state
    at Object.<anonymous> (C:/Users/ghkdd/gemini-projects/solve-climb/src/components/__tests__/StatusCard.test.tsx:93:1
3)
    at Object.Mock [as getState] (file:///C:/Users/ghkdd/gemini-projects/solve-climb/node_modules/@vitest/spy/dist/inde
x.js:285:34)
    at fetchUserData (C:/Users/ghkdd/gemini-projects/solve-climb/src/components/StatusCard.tsx:29:50)
    at C:/Users/ghkdd/gemini-projects/solve-climb/src/components/StatusCard.tsx:21:5
    at commitHookEffectListMount (C:\Users\ghkdd\gemini-projects\solve-climb\node_modules\react-dom\cjs\react-dom.devel
opment.js:23189:26)
    at commitPassiveMountOnFiber (C:\Users\ghkdd\gemini-projects\solve-climb\node_modules\react-dom\cjs\react-dom.devel
opment.js:24970:11)
    at commitPassiveMountEffects_complete (C:\Users\ghkdd\gemini-projects\solve-climb\node_modules\react-dom\cjs\react-
dom.development.js:24930:9)
    at commitPassiveMountEffects_begin (C:\Users\ghkdd\gemini-projects\solve-climb\node_modules\react-dom\cjs\react-dom
.development.js:24917:7)
    at commitPassiveMountEffects (C:\Users\ghkdd\gemini-projects\solve-climb\node_modules\react-dom\cjs\react-dom.devel
opment.js:24905:3)
    at flushPassiveEffectsImpl (C:\Users\ghkdd\gemini-projects\solve-climb\node_modules\react-dom\cjs\react-dom.develop
ment.js:27078:3)

stdout | src/components/__tests__/ClimbGraphic.test.tsx > ClimbGraphic > should call onLevelLongPress when level button is long pressed
LevelButton: 湲멸쾶 ?꾨Ⅴ湲??쒖옉
LevelButton: 2珥?寃쎄낵 - ?좎뒪???쒖떆
ClimbGraphic: onLongPress ?몄텧?? level: 1 onLevelLongPress: true

stdout | src/components/__tests__/ClimbGraphic.test.tsx > LevelButton > should trigger long press after 2 seconds
LevelButton: 湲멸쾶 ?꾨Ⅴ湲??쒖옉
LevelButton: 2珥?寃쎄낵 - ?좎뒪???쒖떆

stdout | src/components/__tests__/ClimbGraphic.test.tsx > LevelButton > should cancel long press on mouse up
LevelButton: 湲멸쾶 ?꾨Ⅴ湲??쒖옉

 ??src/components/__tests__/ClimbGraphic.test.tsx (13 tests) 311ms
 ??src/components/__tests__/DataResetSection.test.tsx (6 tests) 848ms
     ??should call confirm before resetting  520ms
 ??src/components/__tests__/StatusCard.test.tsx (8 tests) 895ms
 ??src/components/__tests__/ProfileForm.test.tsx (13 tests) 1630ms
     ??should show error for nickname longer than 10 characters  328ms
stderr | src/components/__tests__/TierProgressBar.test.tsx > TierProgressBar > should handle error when calculateTier f
ails
Failed to load tier info: Error: Failed to calculate tier
    at C:/Users/ghkdd/gemini-projects/solve-climb/src/components/__tests__/TierProgressBar.test.tsx:208:48
    at file:///C:/Users/ghkdd/gemini-projects/solve-climb/node_modules/@vitest/runner/dist/index.js:145:11
    at file:///C:/Users/ghkdd/gemini-projects/solve-climb/node_modules/@vitest/runner/dist/index.js:915:26
    at file:///C:/Users/ghkdd/gemini-projects/solve-climb/node_modules/@vitest/runner/dist/index.js:1243:20
    at new Promise (<anonymous>)
    at runWithTimeout (file:///C:/Users/ghkdd/gemini-projects/solve-climb/node_modules/@vitest/runner/dist/index.js:120
9:10)
    at file:///C:/Users/ghkdd/gemini-projects/solve-climb/node_modules/@vitest/runner/dist/index.js:1653:37
    at Traces.$ (file:///C:/Users/ghkdd/gemini-projects/solve-climb/node_modules/vitest/dist/chunks/traces.U4xDYhzZ.js:
115:27)
    at trace (file:///C:/Users/ghkdd/gemini-projects/solve-climb/node_modules/vitest/dist/chunks/test.B8ej_ZHS.js:239:2
1)
    at runTest (file:///C:/Users/ghkdd/gemini-projects/solve-climb/node_modules/@vitest/runner/dist/index.js:1653:12)

 ??src/components/__tests__/TierProgressBar.test.tsx (10 tests) 455ms
stdout | src/components/__tests__/QuickActionsSection.test.tsx
[Env] ?섍꼍 蹂???뺣낫
  [2026-01-05T09:13:27.060Z] [Env] 媛쒕컻 ?섍꼍: true
  [2026-01-05T09:13:27.060Z] [Env] ?꾨줈?뺤뀡 ?섍꼍: false
  [2026-01-05T09:13:27.060Z] [Env] Supabase URL: ?ㅼ젙??  [2026-01-05T09:13:27.060Z] [Env] Supabase Anon Key: ?ㅼ젙??[Supabase] 肄쒕갚 URL: http://localhost:3000/auth/callback

stderr | src/components/__tests__/QuickActionsSection.test.tsx > QuickActionsSection > should handle stamina increment
Warning: An update to QuickActionsSection2 inside a test was not wrapped in act(...).

When testing, code that causes React state updates should be wrapped into act(...):

act(() => {
  /* fire events that update state */
});
/* assert on the output */

This ensures that you're testing the behavior the user would see in the browser. Learn more at https://reactjs.org/link
/wrap-tests-with-act
    at QuickActionsSection2 (C:/Users/ghkdd/gemini-projects/solve-climb/src/components/debug/QuickActionsSection.tsx:31
:46)

stderr | src/components/__tests__/QuickActionsSection.test.tsx > QuickActionsSection > should handle minerals increment
Warning: An update to QuickActionsSection2 inside a test was not wrapped in act(...).

When testing, code that causes React state updates should be wrapped into act(...):

act(() => {
  /* fire events that update state */
});
/* assert on the output */

This ensures that you're testing the behavior the user would see in the browser. Learn more at https://reactjs.org/link
/wrap-tests-with-act
    at QuickActionsSection2 (C:/Users/ghkdd/gemini-projects/solve-climb/src/components/debug/QuickActionsSection.tsx:31
:46)

 ??src/components/__tests__/TierBadge.test.tsx (15 tests) 452ms
 ??src/components/__tests__/ClimbGraphicBackgrounds.test.tsx (8 tests) 419ms
 ??src/components/__tests__/QuickActionsSection.test.tsx (9 tests) 226ms
 ??src/components/__tests__/StaminaGauge.test.tsx (15 tests) 437ms
 ??src/components/__tests__/Header.test.tsx (8 tests) 370ms
stdout | src/pages/__tests__/ResultPage.test.tsx
[Env] ?섍꼍 蹂???뺣낫
  [2026-01-05T09:13:30.649Z] [Env] 媛쒕컻 ?섍꼍: true
  [2026-01-05T09:13:30.649Z] [Env] ?꾨줈?뺤뀡 ?섍꼍: false
  [2026-01-05T09:13:30.649Z] [Env] Supabase URL: ?ㅼ젙??  [2026-01-05T09:13:30.649Z] [Env] Supabase Anon Key: ?ㅼ젙??[Supabase] 肄쒕갚 URL: http://localhost:3000/auth/callback

 ??src/components/__tests__/SubCategoryHeader.test.tsx (8 tests) 295ms
 ??src/components/__tests__/QwertyKeypad.test.tsx (24 tests) 370ms
 ??src/pages/__tests__/ResultPage.test.tsx (1 test) 234ms
 ??src/components/__tests__/TierUpgradeModal.test.tsx (11 tests) 170ms
stderr | src/components/__tests__/ChallengeCard.test.tsx > ChallengeCard > should render error state when challenge fai
ls to load
Failed to load today challenge: Error: Failed to load
    at C:/Users/ghkdd/gemini-projects/solve-climb/src/components/__tests__/ChallengeCard.test.tsx:81:52
    at file:///C:/Users/ghkdd/gemini-projects/solve-climb/node_modules/@vitest/runner/dist/index.js:145:11
    at file:///C:/Users/ghkdd/gemini-projects/solve-climb/node_modules/@vitest/runner/dist/index.js:915:26
    at file:///C:/Users/ghkdd/gemini-projects/solve-climb/node_modules/@vitest/runner/dist/index.js:1243:20
    at new Promise (<anonymous>)
    at runWithTimeout (file:///C:/Users/ghkdd/gemini-projects/solve-climb/node_modules/@vitest/runner/dist/index.js:120
9:10)
    at file:///C:/Users/ghkdd/gemini-projects/solve-climb/node_modules/@vitest/runner/dist/index.js:1653:37
    at Traces.$ (file:///C:/Users/ghkdd/gemini-projects/solve-climb/node_modules/vitest/dist/chunks/traces.U4xDYhzZ.js:
115:27)
    at trace (file:///C:/Users/ghkdd/gemini-projects/solve-climb/node_modules/vitest/dist/chunks/test.B8ej_ZHS.js:239:2
1)
    at runTest (file:///C:/Users/ghkdd/gemini-projects/solve-climb/node_modules/@vitest/runner/dist/index.js:1653:12)

stderr | src/components/__tests__/ChallengeCard.test.tsx > ChallengeCard > should disable button when challenge is not 
loaded
Failed to load today challenge: Error: Failed to load
    at C:/Users/ghkdd/gemini-projects/solve-climb/src/components/__tests__/ChallengeCard.test.tsx:124:52
    at file:///C:/Users/ghkdd/gemini-projects/solve-climb/node_modules/@vitest/runner/dist/index.js:145:11
    at file:///C:/Users/ghkdd/gemini-projects/solve-climb/node_modules/@vitest/runner/dist/index.js:915:26
    at file:///C:/Users/ghkdd/gemini-projects/solve-climb/node_modules/@vitest/runner/dist/index.js:1243:20
    at new Promise (<anonymous>)
    at runWithTimeout (file:///C:/Users/ghkdd/gemini-projects/solve-climb/node_modules/@vitest/runner/dist/index.js:120
9:10)
    at file:///C:/Users/ghkdd/gemini-projects/solve-climb/node_modules/@vitest/runner/dist/index.js:1653:37
    at Traces.$ (file:///C:/Users/ghkdd/gemini-projects/solve-climb/node_modules/vitest/dist/chunks/traces.U4xDYhzZ.js:
115:27)
    at trace (file:///C:/Users/ghkdd/gemini-projects/solve-climb/node_modules/vitest/dist/chunks/test.B8ej_ZHS.js:239:2
1)
    at runTest (file:///C:/Users/ghkdd/gemini-projects/solve-climb/node_modules/@vitest/runner/dist/index.js:1653:12)

 ??src/components/__tests__/ChallengeCard.test.tsx (9 tests) 165ms
stderr | src/components/__tests__/MyRecordCard.test.tsx > MyRecordCard > should render records after loading
Warning: An update to MyRecordCard inside a test was not wrapped in act(...).

When testing, code that causes React state updates should be wrapped into act(...):

act(() => {
  /* fire events that update state */
});
/* assert on the output */

This ensures that you're testing the behavior the user would see in the browser. Learn more at https://reactjs.org/link
/wrap-tests-with-act
    at MyRecordCard (C:/Users/ghkdd/gemini-projects/solve-climb/src/components/MyRecordCard.tsx:10:25)
Warning: An update to MyRecordCard inside a test was not wrapped in act(...).

When testing, code that causes React state updates should be wrapped into act(...):

act(() => {
  /* fire events that update state */
});
/* assert on the output */

This ensures that you're testing the behavior the user would see in the browser. Learn more at https://reactjs.org/link
/wrap-tests-with-act
    at MyRecordCard (C:/Users/ghkdd/gemini-projects/solve-climb/src/components/MyRecordCard.tsx:10:25)
