
> react-vite-app@0.8.0 test:all
> vitest --run


[1m[46m RUN [49m[22m [36mv4.0.16 [39m[90mC:/Users/ghkdd/gemini-projects/solve-climb[39m

node.exe : [90mstderr[2m | src/utils/__tests__/debugPresets.test.ts[2m > [22m[2mdebugPres
ets - Custom Presets[2m > [22m[2mgetCustomPresets[2m > [22m[2mshould handle corrupted lo
calStorage data gracefully
위치 C:\Program Files\nodejs\npm.ps1:29 문자:3
+   & $NODE_EXE $NPM_CLI_JS $args
+   ~~~~~~~~~~~~~~~~~~~~~~~~~~~~~
    + CategoryInfo          : NotSpecified: ([90mstderr[2m...data gracefully:String) [], Re 
   moteException
    + FullyQualifiedErrorId : NativeCommandError
 
[22m[39mFailed to load custom presets: SyntaxError: Unexpected token 'i', "invalid json" is 
not valid JSON
    at JSON.parse (<anonymous>)
    at Module.getCustomPresets (C:/Users/ghkdd/gemini-projects/solve-climb/src/utils/debugPres
ets.ts:398:26)
    at C:/Users/ghkdd/gemini-projects/solve-climb/src/utils/__tests__/debugPresets.test.ts:173
:23
    at [90mfile:///C:/Users/ghkdd/gemini-projects/solve-climb/[39mnode_modules/[4m@vitest[
24m/runner/dist/index.js:145:11
    at [90mfile:///C:/Users/ghkdd/gemini-projects/solve-climb/[39mnode_modules/[4m@vitest[
24m/runner/dist/index.js:915:26
    at [90mfile:///C:/Users/ghkdd/gemini-projects/solve-climb/[39mnode_modules/[4m@vitest[
24m/runner/dist/index.js:1243:20
    at new Promise (<anonymous>)
    at runWithTimeout [90m(file:///C:/Users/ghkdd/gemini-projects/solve-climb/[39mnode_modul
es/[4m@vitest[24m/runner/dist/index.js:1209:10[90m)[39m
    at [90mfile:///C:/Users/ghkdd/gemini-projects/solve-climb/[39mnode_modules/[4m@vitest[
24m/runner/dist/index.js:1653:37
    at Traces.$ [90m(file:///C:/Users/ghkdd/gemini-projects/solve-climb/[39mnode_modules/[4
mvitest[24m/dist/chunks/traces.U4xDYhzZ.js:115:27[90m)[39m

[90mstderr[2m | src/utils/__tests__/debugPresets.test.ts[2m > [22m[2mdebugPresets - Custo
m Presets[2m > [22m[2msaveCustomPreset[2m > [22m[2mshould throw error on localStorage fa
ilure
[22m[39mFailed to save custom preset: Error: Storage quota exceeded
    at Object.<anonymous> (C:/Users/ghkdd/gemini-projects/solve-climb/src/utils/__tests__/debu
gPresets.test.ts:225:15)
    at Object.Mock [as setItem] [90m(file:///C:/Users/ghkdd/gemini-projects/solve-climb/[39m
node_modules/[4m@vitest[24m/spy/dist/index.js:285:34[90m)[39m
    at Module.saveCustomPreset (C:/Users/ghkdd/gemini-projects/solve-climb/src/utils/debugPres
ets.ts:422:18)
    at C:/Users/ghkdd/gemini-projects/solve-climb/src/utils/__tests__/debugPresets.test.ts:236
:20
    at Proxy.assertThrows [90m(file:///C:/Users/ghkdd/gemini-projects/solve-climb/[39mnode_m
odules/[4mchai[24m/index.js:2798:5[90m)[39m
    at Proxy.methodWrapper [90m(file:///C:/Users/ghkdd/gemini-projects/solve-climb/[39mnode_
modules/[4mchai[24m/index.js:1700:25[90m)[39m
    at Proxy.<anonymous> [90m(file:///C:/Users/ghkdd/gemini-projects/solve-climb/[39mnode_mo
dules/[4m@vitest[24m/expect/dist/index.js:1149:12[90m)[39m
    at Proxy.overwritingMethodWrapper [90m(file:///C:/Users/ghkdd/gemini-projects/solve-climb
/[39mnode_modules/[4mchai[24m/index.js:1750:33[90m)[39m
    at Proxy.<anonymous> [90m(file:///C:/Users/ghkdd/gemini-projects/solve-climb/[39mnode_mo
dules/[4m@vitest[24m/expect/dist/index.js:1485:16[90m)[39m
    at Proxy.<anonymous> [90m(file:///C:/Users/ghkdd/gemini-projects/solve-climb/[39mnode_mo
dules/[4m@vitest[24m/expect/dist/index.js:1090:14[90m)[39m

[90mstderr[2m | src/utils/__tests__/debugPresets.test.ts[2m > [22m[2mdebugPresets - Custo
m Presets[2m > [22m[2mimportCustomPresets[2m > [22m[2mshould throw error for invalid JSO
N
[22m[39mFailed to import custom presets: SyntaxError: Unexpected token 'i', "invalid json" i
s not valid JSON
    at JSON.parse (<anonymous>)
    at Module.importCustomPresets (C:/Users/ghkdd/gemini-projects/solve-climb/src/utils/debugP
resets.ts:452:26)
    at C:/Users/ghkdd/gemini-projects/solve-climb/src/utils/__tests__/debugPresets.test.ts:349
:20
    at Proxy.assertThrows [90m(file:///C:/Users/ghkdd/gemini-projects/solve-climb/[39mnode_m
odules/[4mchai[24m/index.js:2798:5[90m)[39m
    at Proxy.methodWrapper [90m(file:///C:/Users/ghkdd/gemini-projects/solve-climb/[39mnode_
modules/[4mchai[24m/index.js:1700:25[90m)[39m
    at Proxy.<anonymous> [90m(file:///C:/Users/ghkdd/gemini-projects/solve-climb/[39mnode_mo
dules/[4m@vitest[24m/expect/dist/index.js:1149:12[90m)[39m
    at Proxy.overwritingMethodWrapper [90m(file:///C:/Users/ghkdd/gemini-projects/solve-climb
/[39mnode_modules/[4mchai[24m/index.js:1750:33[90m)[39m
    at Proxy.<anonymous> [90m(file:///C:/Users/ghkdd/gemini-projects/solve-climb/[39mnode_mo
dules/[4m@vitest[24m/expect/dist/index.js:1485:16[90m)[39m
    at Proxy.<anonymous> [90m(file:///C:/Users/ghkdd/gemini-projects/solve-climb/[39mnode_mo
dules/[4m@vitest[24m/expect/dist/index.js:1090:14[90m)[39m
    at Proxy.methodWrapper [90m(file:///C:/Users/ghkdd/gemini-projects/solve-climb/[39mnode_
modules/[4mchai[24m/index.js:1700:25[90m)[39m

[90mstderr[2m | src/utils/__tests__/debugPresets.test.ts[2m > [22m[2mdebugPresets - Custo
m Presets[2m > [22m[2mimportCustomPresets[2m > [22m[2mshould throw error when JSON is no
t an array
[22m[39mFailed to import custom presets: Error: Invalid preset format: must be an array
    at Module.importCustomPresets (C:/Users/ghkdd/gemini-projects/solve-climb/src/utils/debugP
resets.ts:456:13)
    at C:/Users/ghkdd/gemini-projects/solve-climb/src/utils/__tests__/debugPresets.test.ts:354
:20
    at Proxy.assertThrows [90m(file:///C:/Users/ghkdd/gemini-projects/solve-climb/[39mnode_m
odules/[4mchai[24m/index.js:2798:5[90m)[39m
    at Proxy.methodWrapper [90m(file:///C:/Users/ghkdd/gemini-projects/solve-climb/[39mnode_
modules/[4mchai[24m/index.js:1700:25[90m)[39m
    at Proxy.<anonymous> [90m(file:///C:/Users/ghkdd/gemini-projects/solve-climb/[39mnode_mo
dules/[4m@vitest[24m/expect/dist/index.js:1149:12[90m)[39m
    at Proxy.overwritingMethodWrapper [90m(file:///C:/Users/ghkdd/gemini-projects/solve-climb
/[39mnode_modules/[4mchai[24m/index.js:1750:33[90m)[39m
    at Proxy.<anonymous> [90m(file:///C:/Users/ghkdd/gemini-projects/solve-climb/[39mnode_mo
dules/[4m@vitest[24m/expect/dist/index.js:1485:16[90m)[39m
    at Proxy.<anonymous> [90m(file:///C:/Users/ghkdd/gemini-projects/solve-climb/[39mnode_mo
dules/[4m@vitest[24m/expect/dist/index.js:1090:14[90m)[39m
    at Proxy.methodWrapper [90m(file:///C:/Users/ghkdd/gemini-projects/solve-climb/[39mnode_
modules/[4mchai[24m/index.js:1700:25[90m)[39m
    at C:/Users/ghkdd/gemini-projects/solve-climb/src/utils/__tests__/debugPresets.test.ts:354
:47

[90mstderr[2m | src/utils/__tests__/debugPresets.test.ts[2m > [22m[2mdebugPresets - Custo
m Presets[2m > [22m[2mimportCustomPresets[2m > [22m[2mshould throw error when preset is 
missing required fields
[22m[39mFailed to import custom presets: Error: Invalid preset format: invalid
    at Module.importCustomPresets (C:/Users/ghkdd/gemini-projects/solve-climb/src/utils/debugP
resets.ts:462:15)
    at C:/Users/ghkdd/gemini-projects/solve-climb/src/utils/__tests__/debugPresets.test.ts:360
:20
    at Proxy.assertThrows [90m(file:///C:/Users/ghkdd/gemini-projects/solve-climb/[39mnode_m
odules/[4mchai[24m/index.js:2798:5[90m)[39m
    at Proxy.methodWrapper [90m(file:///C:/Users/ghkdd/gemini-projects/solve-climb/[39mnode_
modules/[4mchai[24m/index.js:1700:25[90m)[39m
    at Proxy.<anonymous> [90m(file:///C:/Users/ghkdd/gemini-projects/solve-climb/[39mnode_mo
dules/[4m@vitest[24m/expect/dist/index.js:1149:12[90m)[39m
    at Proxy.overwritingMethodWrapper [90m(file:///C:/Users/ghkdd/gemini-projects/solve-climb
/[39mnode_modules/[4mchai[24m/index.js:1750:33[90m)[39m
    at Proxy.<anonymous> [90m(file:///C:/Users/ghkdd/gemini-projects/solve-climb/[39mnode_mo
dules/[4m@vitest[24m/expect/dist/index.js:1485:16[90m)[39m
    at Proxy.<anonymous> [90m(file:///C:/Users/ghkdd/gemini-projects/solve-climb/[39mnode_mo
dules/[4m@vitest[24m/expect/dist/index.js:1090:14[90m)[39m
    at Proxy.methodWrapper [90m(file:///C:/Users/ghkdd/gemini-projects/solve-climb/[39mnode_
modules/[4mchai[24m/index.js:1700:25[90m)[39m
    at C:/Users/ghkdd/gemini-projects/solve-climb/src/utils/__tests__/debugPresets.test.ts:360
:47

[90mstderr[2m | src/utils/__tests__/debugPresets.test.ts[2m > [22m[2mdebugPresets - Prese
t History[2m > [22m[2msavePresetHistory and getPresetHistories[2m > [22m[2mshould handle
 corrupted localStorage gracefully
[22m[39mFailed to load preset history: SyntaxError: Unexpected token 'i', "invalid json" is 
not valid JSON
    at JSON.parse (<anonymous>)
    at Module.getPresetHistories (C:/Users/ghkdd/gemini-projects/solve-climb/src/utils/debugPr
esets.ts:280:28)
    at C:/Users/ghkdd/gemini-projects/solve-climb/src/utils/__tests__/debugPresets.test.ts:511
:25
    at [90mfile:///C:/Users/ghkdd/gemini-projects/solve-climb/[39mnode_modules/[4m@vitest[
24m/runner/dist/index.js:145:11
    at [90mfile:///C:/Users/ghkdd/gemini-projects/solve-climb/[39mnode_modules/[4m@vitest[
24m/runner/dist/index.js:915:26
    at [90mfile:///C:/Users/ghkdd/gemini-projects/solve-climb/[39mnode_modules/[4m@vitest[
24m/runner/dist/index.js:1243:20
    at new Promise (<anonymous>)
    at runWithTimeout [90m(file:///C:/Users/ghkdd/gemini-projects/solve-climb/[39mnode_modul
es/[4m@vitest[24m/runner/dist/index.js:1209:10[90m)[39m
    at [90mfile:///C:/Users/ghkdd/gemini-projects/solve-climb/[39mnode_modules/[4m@vitest[
24m/runner/dist/index.js:1653:37
    at Traces.$ [90m(file:///C:/Users/ghkdd/gemini-projects/solve-climb/[39mnode_modules/[4
mvitest[24m/dist/chunks/traces.U4xDYhzZ.js:115:27[90m)[39m

[90mstderr[2m | src/utils/__tests__/debugPresets.test.ts[2m > [22m[2mdebugPresets - apply
Preset[2m > [22m[2mshould save failure history when action fails
[22m[39mFailed to execute action [1/4]: reset 
Action details: {
  "type": "reset",
  "target": "all"
} 
Error: [object Object]

 [31m??[39m src/utils/__tests__/debugPresets.test.ts [2m([22m[2m69 tests[22m[2m | [22m[31m5 failed[39m[2m)[22m[32m 56[2mms[22m[39m
       [32m??[39m should return empty array when localStorage is empty[32m 2[2mms[22m[39m
       [32m??[39m should return saved custom presets[32m 1[2mms[22m[39m
       [32m??[39m should handle corrupted localStorage data gracefully[32m 6[2mms[22m[39m
       [32m??[39m should save a new custom preset[32m 1[2mms[22m[39m
       [32m??[39m should update existing preset when id matches[32m 1[2mms[22m[39m
       [32m??[39m should throw error on localStorage failure[32m 2[2mms[22m[39m
       [32m??[39m should delete existing preset[32m 1[2mms[22m[39m
       [32m??[39m should not throw error when deleting non-existent preset[32m 0[2mms[22m[39m
       [32m??[39m should only delete the specified preset[32m 1[2mms[22m[39m
       [32m??[39m should export empty array when no presets exist[32m 0[2mms[22m[39m
       [32m??[39m should export all custom presets as JSON[32m 0[2mms[22m[39m
       [32m??[39m should import valid preset array[32m 1[2mms[22m[39m
       [32m??[39m should throw error for invalid JSON[32m 1[2mms[22m[39m
       [32m??[39m should throw error when JSON is not an array[32m 1[2mms[22m[39m
       [32m??[39m should throw error when preset is missing required fields[32m 1[2mms[22m[39m
       [32m??[39m should merge with existing presets without duplicates[32m 1[2mms[22m[39m
       [32m??[39m should not duplicate presets with same id[32m 0[2mms[22m[39m
       [32m??[39m should automatically add isCustom flag to imported presets[32m 0[2mms[22m[39m
       [32m??[39m should save and retrieve preset history[32m 1[2mms[22m[39m
       [32m??[39m should maintain history order (newest first)[32m 0[2mms[22m[39m
       [32m??[39m should limit history to MAX_HISTORY_COUNT (50)[32m 6[2mms[22m[39m
       [32m??[39m should handle error history[32m 0[2mms[22m[39m
       [32m??[39m should handle corrupted localStorage gracefully[32m 1[2mms[22m[39m
       [32m??[39m should clear all preset history[32m 0[2mms[22m[39m
     [32m??[39m should have predefined presets[32m 0[2mms[22m[39m
     [32m??[39m should have preset with id "newbie"[32m 0[2mms[22m[39m
     [32m??[39m should have preset with id "veteran"[32m 0[2mms[22m[39m
     [32m??[39m should have preset with id "crisis"[32m 0[2mms[22m[39m
     [32m??[39m should have all presets with required fields[32m 0[2mms[22m[39m
       [32m??[39m should execute reset action with target "all"[32m 2[2mms[22m[39m
       [32m??[39m should execute reset action with target "score"[32m 0[2mms[22m[39m
       [32m??[39m should execute reset action with default target "all"[32m 0[2mms[22m[39m
       [32m??[39m should execute reset action with target "minerals"[32m 0[2mms[22m[39m
       [32m??[39m should execute reset action with target "tier"[32m 0[2mms[22m[39m
       [32m??[39m should throw error when reset fails[32m 1[2mms[22m[39m
       [32m??[39m should execute setTier action with valid level[32m 0[2mms[22m[39m
       [32m??[39m should throw error when level is undefined[32m 0[2mms[22m[39m
       [32m??[39m should throw error when setTier fails[32m 0[2mms[22m[39m
       [32m??[39m should execute setMasteryScore action with valid value[32m 0[2mms[22m[39m
       [32m??[39m should throw error when value is undefined[32m 0[2mms[22m[39m
       [32m??[39m should throw error when setMasteryScore fails[32m 0[2mms[22m[39m
       [32m??[39m should execute setMinerals action with valid value[32m 0[2mms[22m[39m
       [32m??[39m should throw error when value is undefined[32m 0[2mms[22m[39m
[90mstderr[2m | src/hooks/__tests__/useMyPageStats.test.ts[2m > [22m[2museMyPageStats[2m
 > [22m[2mshould fallback to direct query when RPC fails
[22m[39mRPC function not found (404), falling back to direct query

       [32m??[39m should execute setStamina action with valid value[32m 0[2mms[22m[39m
       [32m??[39m should throw error when value is undefined[32m 0[2mms[22m[39m
[31m       [31m횞[31m should execute grantAllItems action with default quantity[39m[32m 1[2mms[22m[39m
[31m       [31m횞[31m should execute grantAllItems action with custom quantity[39m[32m 1[2mms[22m[39m
       [32m??[39m should throw error when items query fails[32m 0[2mms[22m[39m
[31m       [31m횞[31m should throw error when upsert fails[39m[32m 2[2mms[22m[39m
[31m       [31m횞[31m should handle empty items array[39m[32m 1[2mms[22m[39m
       [32m??[39m should execute grantAllBadges action successfully[32m 1[2mms[22m[39m
       [32m??[39m should handle badge grant failures gracefully[32m 1[2mms[22m[39m
       [32m??[39m should handle badge grant when result.value.success is false[32m 0[2mms[22m[39m
       [32m??[39m should throw error when badges query fails[32m 0[2mms[22m[39m
[31m       [31m횞[31m should update existing game session[39m[32m 1[2mms[22m[39m
       [32m??[39m should set timeLimit when no active session[32m 0[2mms[22m[39m
       [32m??[39m should map seconds to correct TimeLimit value[32m 1[2mms[22m[39m
       [32m??[39m should use default seconds (5) when not provided[32m 0[2mms[22m[39m
       [32m??[39m should throw error when sessionError code is not PGRST116[32m 0[2mms[22m[39m
       [32m??[39m should throw error when session query fails (non-PGRST116)[32m 0[2mms[22m[39m
       [32m??[39m should throw error for unknown action type[32m 0[2mms[22m[39m
     [32m??[39m should apply newbie preset successfully[32m 1[2mms[22m[39m
     [32m??[39m should apply veteran preset with dynamic score calculation[32m 1[2mms[22m[39m
     [32m??[39m should apply custom preset successfully[32m 1[2mms[22m[39m
     [32m??[39m should save failure history when action fails[32m 1[2mms[22m[39m
     [32m??[39m should call refetch callback when provided[32m 0[2mms[22m[39m
     [32m??[39m should not call refetch when not provided[32m 0[2mms[22m[39m
     [32m??[39m should throw error for setMasteryScore with -1 in non-veteran preset[32m 0[2mms[22m[39m
     [32m??[39m should throw error when preset is not found[32m 0[2mms[22m[39m
 [31m??[39m src/hooks/__tests__/useBadgeChecker.test.ts [2m([22m[2m6 tests[22m[2m | [22m[31m6 failed[39m[2m)[22m[32m 30[2mms[22m[39m
[31m     [31m횞[31m should not award badges if criteria not met[39m[32m 16[2mms[22m[39m
[31m     [31m횞[31m should award altitude badge when condition met[39m[32m 2[2mms[22m[39m
[31m     [31m횞[31m should award streak badge when condition met[39m[32m 2[2mms[22m[39m
[31m     [31m횞[31m should award accuracy badge when condition met[39m[32m 2[2mms[22m[39m
[31m     [31m횞[31m should award level badge when condition met[39m[32m 3[2mms[22m[39m
[31m     [31m횞[31m should NOT award already owned badges[39m[32m 2[2mms[22m[39m
[90mstderr[2m | tests/integration/rpc-validation.test.ts[2m > [22m[2mRPC ?묐떟 寃利?[2m > [
22m[2m??궧 愿??RPC[2m > [22m[2mget_ranking_v2 ?묐떟 ?뺤떇
[22m[39m[MSW] Warning: intercepted a request without a matching request handler:

  ??POST https://aekcjzxxjczqibxkoakg.supabase.co/rest/v1/rpc/get_ranking_v2

  ??Request body: {"p_mode":"total","p_limit":10}

If you still wish to intercept this unhandled request, please create a request handler for it.
Read more: https://mswjs.io/docs/http/intercepting-requests

[90mstderr[2m | src/hooks/__tests__/useMyPageStats.test.ts[2m > [22m[2museMyPageStats[2m
 > [22m[2mshould handle RPC error (non-404)
[22m[39mRPC function error, falling back to direct query: { code: [32m'PGRST500'[39m, mess
age: [32m'Server error'[39m }

[90mstderr[2m | src/hooks/__tests__/useMyPageStats.test.ts[2m > [22m[2museMyPageStats[2m
 > [22m[2mshould handle profile query error
[22m[39m[useMyPageStats] ?꾨줈??議고쉶 ?ㅽ뙣: { message: [32m'Profile not found'[39m }

[90mstderr[2m | src/hooks/__tests__/useMyPageStats.test.ts[2m > [22m[2museMyPageStats[2m
 > [22m[2mshould handle profile query error
[22m[39mRPC function not found (404), falling back to direct query

[90mstderr[2m | src/hooks/__tests__/useMyPageStats.test.ts[2m > [22m[2museMyPageStats[2m
 > [22m[2mshould handle empty levelRecords
[22m[39mRPC function not found (404), falling back to direct query

[90mstderr[2m | src/hooks/__tests__/useMyPageStats.test.ts[2m > [22m[2museMyPageStats[2m
 > [22m[2mshould calculate bestSubject from theme_mapping
[22m[39mRPC function not found (404), falling back to direct query

[90mstdout[2m | src/stores/__tests__/useLevelProgressStore.test.ts[2m > [22m[2museLevelProgressStore[2m > [22m[2mshould get level progress for existing category and subTopic
[22m[39m[useLevelProgressStore] clearLevel called: {
  world: [32m'math'[39m,
  category: [32m'addition'[39m,
  level: [33m1[39m,
  mode: [32m'time-attack'[39m,
  score: [33m100[39m,
  hasSessionData: [33mfalse[39m
}

[90mstderr[2m | src/stores/__tests__/useLevelProgressStore.test.ts[2m > [22m[2museLevelPr
ogressStore[2m > [22m[2mshould get level progress for existing category and subTopic
[22m[39m[useLevelProgressStore] No user found, skipping Supabase sync

[90mstdout[2m | src/stores/__tests__/useLevelProgressStore.test.ts[2m > [22m[2museLevelProgressStore[2m > [22m[2mshould get level progress for existing category and subTopic
[22m[39m[useLevelProgressStore] Current user: [90mundefined[39m

[90mstdout[2m | src/stores/__tests__/useLevelProgressStore.test.ts[2m > [22m[2museLevelProgressStore[2m > [22m[2mshould check if level is cleared
[22m[39m[useLevelProgressStore] clearLevel called: {
  world: [32m'math'[39m,
  category: [32m'addition'[39m,
  level: [33m1[39m,
  mode: [32m'time-attack'[39m,
  score: [33m100[39m,
  hasSessionData: [33mfalse[39m
}

[90mstderr[2m | src/stores/__tests__/useLevelProgressStore.test.ts[2m > [22m[2museLevelPr
ogressStore[2m > [22m[2mshould check if level is cleared
[22m[39m[useLevelProgressStore] No user found, skipping Supabase sync

[90mstdout[2m | src/stores/__tests__/useLevelProgressStore.test.ts[2m > [22m[2museLevelProgressStore[2m > [22m[2mshould check if level is cleared
[22m[39m[useLevelProgressStore] Current user: [90mundefined[39m

[90mstdout[2m | src/stores/__tests__/useLevelProgressStore.test.ts[2m > [22m[2museLevelProgressStore[2m > [22m[2mshould get next level correctly
[22m[39m[useLevelProgressStore] clearLevel called: {
  world: [32m'math'[39m,
  category: [32m'addition'[39m,
  level: [33m1[39m,
  mode: [32m'time-attack'[39m,
  score: [33m100[39m,
  hasSessionData: [33mfalse[39m
}
[useLevelProgressStore] clearLevel called: {
  world: [32m'math'[39m,
  category: [32m'addition'[39m,
  level: [33m2[39m,
  mode: [32m'time-attack'[39m,
  score: [33m150[39m,
  hasSessionData: [33mfalse[39m
}

[90mstderr[2m | src/stores/__tests__/useLevelProgressStore.test.ts[2m > [22m[2museLevelPr
ogressStore[2m > [22m[2mshould get next level correctly
[22m[39m[useLevelProgressStore] No user found, skipping Supabase sync
[useLevelProgressStore] No user found, skipping Supabase sync

[90mstdout[2m | src/stores/__tests__/useLevelProgressStore.test.ts[2m > [22m[2museLevelProgressStore[2m > [22m[2mshould get next level correctly
[22m[39m[useLevelProgressStore] Current user: [90mundefined[39m
[useLevelProgressStore] Current user: [90mundefined[39m

[90mstdout[2m | src/stores/__tests__/useLevelProgressStore.test.ts[2m > [22m[2museLevelProgressStore[2m > [22m[2mshould clear level and update best score
[22m[39m[useLevelProgressStore] clearLevel called: {
  world: [32m'math'[39m,
  category: [32m'addition'[39m,
  level: [33m1[39m,
  mode: [32m'time-attack'[39m,
  score: [33m100[39m,
  hasSessionData: [33mfalse[39m
}

[90mstdout[2m | src/stores/__tests__/useLevelProgressStore.test.ts[2m > [22m[2museLevelProgressStore[2m > [22m[2mshould clear level and update best score
[22m[39m[useLevelProgressStore] Current user: user-123
[clearLevel] Calling submit_game_result RPC: { score: [33m100[39m, gameMode: [32m'timeattack'[39m }

[90mstdout[2m | src/stores/__tests__/useLevelProgressStore.test.ts[2m > [22m[2museLevelProgressStore[2m > [22m[2mshould clear level and update best score
[22m[39m[clearLevel] Weekly score updated successfully via RPC

[90mstdout[2m | src/stores/__tests__/useLevelProgressStore.test.ts[2m > [22m[2museLevelProgressStore[2m > [22m[2mshould update best score when new score is higher
[22m[39m[useLevelProgressStore] clearLevel called: {
  world: [32m'math'[39m,
  category: [32m'addition'[39m,
  level: [33m1[39m,
  mode: [32m'time-attack'[39m,
  score: [33m100[39m,
  hasSessionData: [33mfalse[39m
}

[90mstdout[2m | src/stores/__tests__/useLevelProgressStore.test.ts[2m > [22m[2museLevelProgressStore[2m > [22m[2mshould update best score when new score is higher
[22m[39m[useLevelProgressStore] Current user: user-123
[clearLevel] Calling submit_game_result RPC: { score: [33m100[39m, gameMode: [32m'timeattack'[39m }

[90mstdout[2m | src/stores/__tests__/useLevelProgressStore.test.ts[2m > [22m[2museLevelProgressStore[2m > [22m[2mshould update best score when new score is higher
[22m[39m[clearLevel] Weekly score updated successfully via RPC

[90mstdout[2m | src/stores/__tests__/useLevelProgressStore.test.ts[2m > [22m[2museLevelProgressStore[2m > [22m[2mshould not update best score when new score is lower
[22m[39m[useLevelProgressStore] clearLevel called: {
  world: [32m'math'[39m,
  category: [32m'addition'[39m,
  level: [33m1[39m,
  mode: [32m'time-attack'[39m,
  score: [33m150[39m,
  hasSessionData: [33mfalse[39m
}

[90mstdout[2m | src/stores/__tests__/useLevelProgressStore.test.ts[2m > [22m[2museLevelProgressStore[2m > [22m[2mshould not update best score when new score is lower
[22m[39m[useLevelProgressStore] Current user: user-123
[clearLevel] Calling submit_game_result RPC: { score: [33m150[39m, gameMode: [32m'timeattack'[39m }

[90mstdout[2m | src/stores/__tests__/useLevelProgressStore.test.ts[2m > [22m[2museLevelProgressStore[2m > [22m[2mshould not update best score when new score is lower
[22m[39m[clearLevel] Weekly score updated successfully via RPC

[90mstdout[2m | src/stores/__tests__/useLevelProgressStore.test.ts[2m > [22m[2museLevelProgressStore[2m > [22m[2mshould get best records for category and subTopic
[22m[39m[useLevelProgressStore] clearLevel called: {
  world: [32m'math'[39m,
  category: [32m'addition'[39m,
  level: [33m1[39m,
  mode: [32m'time-attack'[39m,
  score: [33m100[39m,
  hasSessionData: [33mfalse[39m
}
[useLevelProgressStore] clearLevel called: {
  world: [32m'math'[39m,
  category: [32m'addition'[39m,
  level: [33m2[39m,
  mode: [32m'survival'[39m,
  score: [33m200[39m,
  hasSessionData: [33mfalse[39m
}

[90mstdout[2m | src/stores/__tests__/useLevelProgressStore.test.ts[2m > [22m[2museLevelProgressStore[2m > [22m[2mshould get best records for category and subTopic
[22m[39m[useLevelProgressStore] Current user: user-123
[clearLevel] Calling submit_game_result RPC: { score: [33m100[39m, gameMode: [32m'timeattack'[39m }
[useLevelProgressStore] Current user: user-123
[clearLevel] Calling submit_game_result RPC: { score: [33m200[39m, gameMode: [32m'survival'[39m }

[90mstdout[2m | src/stores/__tests__/useLevelProgressStore.test.ts[2m > [22m[2museLevelProgressStore[2m > [22m[2mshould get best records for category and subTopic
[22m[39m[clearLevel] Weekly score updated successfully via RPC
[clearLevel] Weekly score updated successfully via RPC

[90mstdout[2m | src/stores/__tests__/useLevelProgressStore.test.ts[2m > [22m[2museLevelProgressStore[2m > [22m[2mshould handle different game modes
[22m[39m[useLevelProgressStore] clearLevel called: {
  world: [32m'math'[39m,
  category: [32m'addition'[39m,
  level: [33m1[39m,
  mode: [32m'time-attack'[39m,
  score: [33m100[39m,
  hasSessionData: [33mfalse[39m
}
[useLevelProgressStore] clearLevel called: {
  world: [32m'math'[39m,
  category: [32m'addition'[39m,
  level: [33m1[39m,
  mode: [32m'survival'[39m,
  score: [33m150[39m,
  hasSessionData: [33mfalse[39m
}

[90mstdout[2m | src/stores/__tests__/useLevelProgressStore.test.ts[2m > [22m[2museLevelProgressStore[2m > [22m[2mshould handle different game modes
[22m[39m[useLevelProgressStore] Current user: user-123
[clearLevel] Calling submit_game_result RPC: { score: [33m100[39m, gameMode: [32m'timeattack'[39m }
[useLevelProgressStore] Current user: user-123
[clearLevel] Calling submit_game_result RPC: { score: [33m150[39m, gameMode: [32m'survival'[39m }

[90mstdout[2m | src/stores/__tests__/useLevelProgressStore.test.ts[2m > [22m[2museLevelProgressStore[2m > [22m[2mshould handle different game modes
[22m[39m[clearLevel] Weekly score updated successfully via RPC
[clearLevel] Weekly score updated successfully via RPC

[90mstdout[2m | src/stores/__tests__/useLevelProgressStore.test.ts[2m > [22m[2museLevelProgressStore[2m > [22m[2mshould reset progress
[22m[39m[useLevelProgressStore] clearLevel called: {
  world: [32m'math'[39m,
  category: [32m'addition'[39m,
  level: [33m1[39m,
  mode: [32m'time-attack'[39m,
  score: [33m100[39m,
  hasSessionData: [33mfalse[39m
}

[90mstdout[2m | src/stores/__tests__/useLevelProgressStore.test.ts[2m > [22m[2museLevelProgressStore[2m > [22m[2mshould reset progress
[22m[39m[useLevelProgressStore] Current user: user-123
[clearLevel] Calling submit_game_result RPC: { score: [33m100[39m, gameMode: [32m'timeattack'[39m }

[90mstdout[2m | src/stores/__tests__/useLevelProgressStore.test.ts[2m > [22m[2museLevelProgressStore[2m > [22m[2mshould reset progress
[22m[39m[clearLevel] Weekly score updated successfully via RPC

[90mstderr[2m | src/hooks/__tests__/useMyPageStats.test.ts[2m > [22m[2museMyPageStats[2m
 > [22m[2mshould handle theme_mapping query error
[22m[39mRPC function not found (404), falling back to direct query

[90mstderr[2m | tests/integration/rpc-validation.test.ts[2m > [22m[2mRPC ?묐떟 寃利?[2m > [
22m[2m??궧 愿??RPC[2m > [22m[2mpurchase_item ?묐떟 ?뺤떇
[22m[39m[MSW] Warning: intercepted a request without a matching request handler:

  ??POST https://aekcjzxxjczqibxkoakg.supabase.co/rest/v1/rpc/purchase_item

  ??Request body: {"p_item_id":-999}

If you still wish to intercept this unhandled request, please create a request handler for it.
Read more: https://mswjs.io/docs/http/intercepting-requests

[90mstderr[2m | tests/integration/rpc-validation.test.ts[2m > [22m[2mRPC ?묐떟 寃利?[2m > [
22m[2m??궧 愿??RPC[2m > [22m[2mget_leaderboard ?묐떟 ?뺤떇
[22m[39m[MSW] Warning: intercepted a request without a matching request handler:

  ??POST https://aekcjzxxjczqibxkoakg.supabase.co/rest/v1/rpc/get_leaderboard

  ??Request body: {"p_mode":"total","p_limit":10}

If you still wish to intercept this unhandled request, please create a request handler for it.
Read more: https://mswjs.io/docs/http/intercepting-requests

[90mstderr[2m | src/hooks/__tests__/useMyPageStats.test.ts[2m > [22m[2museMyPageStats[2m
 > [22m[2mshould handle user_level_records query error
[22m[39mRPC function not found (404), falling back to direct query

[90mstderr[2m | src/hooks/__tests__/useMyPageStats.test.ts[2m > [22m[2museMyPageStats[2m
 > [22m[2mshould handle user_level_records query error
[22m[39mFailed to fetch user stats: { message: [32m'Query failed'[39m }

 [32m??[39m tests/integration/rpc-validation.test.ts [2m([22m[2m3 tests[22m[2m)[22m[33m 604[2mms[22m[39m
       [33m[2m??[22m[39m get_ranking_v2 ?묐떟 ?뺤떇 [33m 480[2mms[22m[39m
[90mstderr[2m | src/hooks/__tests__/useMyPageStats.test.ts[2m > [22m[2museMyPageStats[2m
 > [22m[2mshould handle bestSubject fallback to name when theme_id not found
[22m[39mRPC function not found (404), falling back to direct query

[90mstderr[2m | src/hooks/__tests__/useMyPageStats.test.ts[2m > [22m[2museMyPageStats[2m
 > [22m[2mshould handle RPC catch block with status 404
[22m[39mRPC function not found (404), falling back to direct query

[90mstderr[2m | src/hooks/__tests__/useMyPageStats.test.ts[2m > [22m[2museMyPageStats[2m
 > [22m[2mshould handle RPC catch block with other error
[22m[39mFailed to fetch user stats: TypeError: __vite_ssr_import_1__.supabase.from(...).sele
ct(...).eq(...).maybeSingle is not a function
    at fetchStats (C:/Users/ghkdd/gemini-projects/solve-climb/src/hooks/useMyPageStats.ts:179:
12)

 [31m??[39m src/hooks/__tests__/useMyPageStats.test.ts [2m([22m[2m14 tests[22m[2m | [22m[31m2 failed[39m[2m)[22m[33m 1075[2mms[22m[39m
     [32m??[39m should return default stats when no session[32m 24[2mms[22m[39m
     [32m??[39m should fetch stats from RPC when available[32m 88[2mms[22m[39m
     [32m??[39m should fallback to direct query when RPC fails[32m 97[2mms[22m[39m
     [32m??[39m should handle local session[32m 79[2mms[22m[39m
     [32m??[39m should handle RPC error (non-404)[32m 77[2mms[22m[39m
     [32m??[39m should handle profile query error[32m 76[2mms[22m[39m
     [32m??[39m should handle empty levelRecords[32m 76[2mms[22m[39m
[31m     [31m횞[31m should calculate bestSubject from theme_mapping[39m[32m 93[2mms[22m[39m
     [32m??[39m should handle theme_mapping query error[32m 78[2mms[22m[39m
     [32m??[39m should handle user_level_records query error[32m 76[2mms[22m[39m
     [32m??[39m should handle refetch[32m 76[2mms[22m[39m
[31m     [31m횞[31m should handle bestSubject fallback to name when theme_id not found[39m[32m 77[2mms[22m[39m
     [32m??[39m should handle RPC catch block with status 404[32m 76[2mms[22m[39m
     [32m??[39m should handle RPC catch block with other error[32m 76[2mms[22m[39m
[90mstdout[2m | src/stores/__tests__/useLevelProgressStore.test.ts[2m > [22m[2museLevelProgressStore[2m > [22m[2mshould get best records across multiple levels
[22m[39m[useLevelProgressStore] clearLevel called: {
  world: [32m'math'[39m,
  category: [32m'addition'[39m,
  level: [33m1[39m,
  mode: [32m'time-attack'[39m,
  score: [33m100[39m,
  hasSessionData: [33mfalse[39m
}
[useLevelProgressStore] clearLevel called: {
  world: [32m'math'[39m,
  category: [32m'addition'[39m,
  level: [33m2[39m,
  mode: [32m'time-attack'[39m,
  score: [33m200[39m,
  hasSessionData: [33mfalse[39m
}
[useLevelProgressStore] clearLevel called: {
  world: [32m'math'[39m,
  category: [32m'addition'[39m,
  level: [33m3[39m,
  mode: [32m'time-attack'[39m,
  score: [33m150[39m,
  hasSessionData: [33mfalse[39m
}

[90mstdout[2m | src/stores/__tests__/useLevelProgressStore.test.ts[2m > [22m[2museLevelProgressStore[2m > [22m[2mshould get best records across multiple levels
[22m[39m[useLevelProgressStore] Current user: user-123
[clearLevel] Calling submit_game_result RPC: { score: [33m100[39m, gameMode: [32m'timeattack'[39m }
[useLevelProgressStore] Current user: user-123
[clearLevel] Calling submit_game_result RPC: { score: [33m200[39m, gameMode: [32m'timeattack'[39m }
[useLevelProgressStore] Current user: user-123
[clearLevel] Calling submit_game_result RPC: { score: [33m150[39m, gameMode: [32m'timeattack'[39m }

[90mstdout[2m | src/stores/__tests__/useLevelProgressStore.test.ts[2m > [22m[2museLevelProgressStore[2m > [22m[2mshould get best records across multiple levels
[22m[39m[clearLevel] Weekly score updated successfully via RPC
[clearLevel] Weekly score updated successfully via RPC
[clearLevel] Weekly score updated successfully via RPC

[90mstdout[2m | src/stores/__tests__/useLevelProgressStore.test.ts[2m > [22m[2museLevelProgressStore[2m > [22m[2mshould handle clearLevel error gracefully
[22m[39m[useLevelProgressStore] clearLevel called: {
  world: [32m'math'[39m,
  category: [32m'addition'[39m,
  level: [33m1[39m,
  mode: [32m'time-attack'[39m,
  score: [33m100[39m,
  hasSessionData: [33mfalse[39m
}

[90mstdout[2m | src/stores/__tests__/useLevelProgressStore.test.ts[2m > [22m[2museLevelProgressStore[2m > [22m[2mshould handle clearLevel error gracefully
[22m[39m[useLevelProgressStore] Current user: user-123
[clearLevel] Calling submit_game_result RPC: { score: [33m100[39m, gameMode: [32m'timeattack'[39m }

[90mstdout[2m | src/stores/__tests__/useLevelProgressStore.test.ts[2m > [22m[2museLevelProgressStore[2m > [22m[2mshould handle clearLevel when user is not logged in
[22m[39m[useLevelProgressStore] clearLevel called: {
  world: [32m'math'[39m,
  category: [32m'addition'[39m,
  level: [33m1[39m,
  mode: [32m'time-attack'[39m,
  score: [33m100[39m,
  hasSessionData: [33mfalse[39m
}

[90mstdout[2m | src/stores/__tests__/useLevelProgressStore.test.ts[2m > [22m[2museLevelProgressStore[2m > [22m[2mshould handle clearLevel when user is not logged in
[22m[39m[useLevelProgressStore] Current user: [90mundefined[39m

[90mstderr[2m | src/stores/__tests__/useLevelProgressStore.test.ts[2m > [22m[2museLevelPr
ogressStore[2m > [22m[2mshould handle clearLevel when user is not logged in
[22m[39m[useLevelProgressStore] No user found, skipping Supabase sync

[90mstdout[2m | src/stores/__tests__/useLevelProgressStore.test.ts[2m > [22m[2museLevelProgressStore[2m > [22m[2mshould handle getNextLevel with non-sequential cleared levels
[22m[39m[useLevelProgressStore] clearLevel called: {
  world: [32m'math'[39m,
  category: [32m'addition'[39m,
  level: [33m1[39m,
  mode: [32m'time-attack'[39m,
  score: [33m100[39m,
  hasSessionData: [33mfalse[39m
}
[useLevelProgressStore] clearLevel called: {
  world: [32m'math'[39m,
  category: [32m'addition'[39m,
  level: [33m3[39m,
  mode: [32m'time-attack'[39m,
  score: [33m150[39m,
  hasSessionData: [33mfalse[39m
}

[90mstdout[2m | src/stores/__tests__/useLevelProgressStore.test.ts[2m > [22m[2museLevelProgressStore[2m > [22m[2mshould handle getNextLevel with non-sequential cleared levels
[22m[39m[useLevelProgressStore] Current user: user-123
[clearLevel] Calling submit_game_result RPC: { score: [33m100[39m, gameMode: [32m'timeattack'[39m }
[useLevelProgressStore] Current user: user-123
[clearLevel] Calling submit_game_result RPC: { score: [33m150[39m, gameMode: [32m'timeattack'[39m }

[90mstdout[2m | src/stores/__tests__/useLevelProgressStore.test.ts[2m > [22m[2museLevelProgressStore[2m > [22m[2mshould handle getNextLevel with non-sequential cleared levels
[22m[39m[clearLevel] Weekly score updated successfully via RPC
[clearLevel] Weekly score updated successfully via RPC

[90mstdout[2m | src/stores/__tests__/useLevelProgressStore.test.ts[2m > [22m[2museLevelProgressStore[2m > [22m[2mshould get best records with only time-attack scores
[22m[39m[useLevelProgressStore] clearLevel called: {
  world: [32m'math'[39m,
  category: [32m'addition'[39m,
  level: [33m1[39m,
  mode: [32m'time-attack'[39m,
  score: [33m100[39m,
  hasSessionData: [33mfalse[39m
}
[useLevelProgressStore] clearLevel called: {
  world: [32m'math'[39m,
  category: [32m'addition'[39m,
  level: [33m2[39m,
  mode: [32m'time-attack'[39m,
  score: [33m200[39m,
  hasSessionData: [33mfalse[39m
}

[90mstdout[2m | src/stores/__tests__/useLevelProgressStore.test.ts[2m > [22m[2museLevelProgressStore[2m > [22m[2mshould get best records with only time-attack scores
[22m[39m[useLevelProgressStore] Current user: [90mundefined[39m
[useLevelProgressStore] Current user: [90mundefined[39m

[90mstderr[2m | src/stores/__tests__/useLevelProgressStore.test.ts[2m > [22m[2museLevelPr
ogressStore[2m > [22m[2mshould get best records with only time-attack scores
[22m[39m[useLevelProgressStore] No user found, skipping Supabase sync
[useLevelProgressStore] No user found, skipping Supabase sync

[90mstdout[2m | src/stores/__tests__/useLevelProgressStore.test.ts[2m > [22m[2museLevelProgressStore[2m > [22m[2mshould get best records with only survival scores
[22m[39m[useLevelProgressStore] clearLevel called: {
  world: [32m'math'[39m,
  category: [32m'addition'[39m,
  level: [33m1[39m,
  mode: [32m'survival'[39m,
  score: [33m150[39m,
  hasSessionData: [33mfalse[39m
}
[useLevelProgressStore] clearLevel called: {
  world: [32m'math'[39m,
  category: [32m'addition'[39m,
  level: [33m2[39m,
  mode: [32m'survival'[39m,
  score: [33m250[39m,
  hasSessionData: [33mfalse[39m
}

[90mstderr[2m | src/stores/__tests__/useLevelProgressStore.test.ts[2m > [22m[2museLevelPr
ogressStore[2m > [22m[2mshould get best records with only survival scores
[22m[39m[useLevelProgressStore] No user found, skipping Supabase sync
[useLevelProgressStore] No user found, skipping Supabase sync

[90mstdout[2m | src/stores/__tests__/useLevelProgressStore.test.ts[2m > [22m[2museLevelProgressStore[2m > [22m[2mshould get best records with only survival scores
[22m[39m[useLevelProgressStore] Current user: [90mundefined[39m
[useLevelProgressStore] Current user: [90mundefined[39m

[90mstdout[2m | src/stores/__tests__/useLevelProgressStore.test.ts[2m > [22m[2museLevelProgressStore[2m > [22m[2mshould handle syncProgress when local score is higher
[22m[39m[useLevelProgressStore] clearLevel called: {
  world: [32m'math'[39m,
  category: [32m'addition'[39m,
  level: [33m1[39m,
  mode: [32m'time-attack'[39m,
  score: [33m200[39m,
  hasSessionData: [33mfalse[39m
}

[90mstderr[2m | src/stores/__tests__/useLevelProgressStore.test.ts[2m > [22m[2museLevelPr
ogressStore[2m > [22m[2mshould handle syncProgress when local score is higher
[22m[39m[useLevelProgressStore] No user found, skipping Supabase sync

[90mstdout[2m | src/stores/__tests__/useLevelProgressStore.test.ts[2m > [22m[2museLevelProgressStore[2m > [22m[2mshould handle syncProgress when local score is higher
[22m[39m[useLevelProgressStore] Current user: [90mundefined[39m

[90mstdout[2m | src/stores/__tests__/useLevelProgressStore.test.ts[2m > [22m[2museLevelProgressStore[2m > [22m[2mshould handle syncProgress when server score is higher
[22m[39m[useLevelProgressStore] clearLevel called: {
  world: [32m'math'[39m,
  category: [32m'addition'[39m,
  level: [33m1[39m,
  mode: [32m'time-attack'[39m,
  score: [33m100[39m,
  hasSessionData: [33mfalse[39m
}

[90mstderr[2m | src/stores/__tests__/useLevelProgressStore.test.ts[2m > [22m[2museLevelPr
ogressStore[2m > [22m[2mshould handle syncProgress when server score is higher
[22m[39m[useLevelProgressStore] No user found, skipping Supabase sync

[90mstdout[2m | src/stores/__tests__/useLevelProgressStore.test.ts[2m > [22m[2museLevelProgressStore[2m > [22m[2mshould handle syncProgress when server score is higher
[22m[39m[useLevelProgressStore] Current user: [90mundefined[39m

[90mstdout[2m | src/stores/__tests__/useLevelProgressStore.test.ts[2m > [22m[2museLevelProgressStore[2m > [22m[2mshould handle clearLevel when score is lower than existing best
[22m[39m[useLevelProgressStore] clearLevel called: {
  world: [32m'math'[39m,
  category: [32m'addition'[39m,
  level: [33m1[39m,
  mode: [32m'time-attack'[39m,
  score: [33m200[39m,
  hasSessionData: [33mfalse[39m
}

[90mstdout[2m | src/stores/__tests__/useLevelProgressStore.test.ts[2m > [22m[2museLevelProgressStore[2m > [22m[2mshould handle clearLevel when score is lower than existing best
[22m[39m[useLevelProgressStore] Current user: user-123
[clearLevel] Calling submit_game_result RPC: { score: [33m200[39m, gameMode: [32m'timeattack'[39m }

[90mstdout[2m | src/stores/__tests__/useLevelProgressStore.test.ts[2m > [22m[2museLevelProgressStore[2m > [22m[2mshould handle clearLevel when score is lower than existing best
[22m[39m[clearLevel] Weekly score updated successfully via RPC

[90mstdout[2m | src/stores/__tests__/useLevelProgressStore.test.ts[2m > [22m[2museLevelProgressStore[2m > [22m[2mshould handle clearLevel when score is lower than existing best
[22m[39m[useLevelProgressStore] clearLevel called: {
  world: [32m'math'[39m,
  category: [32m'addition'[39m,
  level: [33m1[39m,
  mode: [32m'time-attack'[39m,
  score: [33m100[39m,
  hasSessionData: [33mfalse[39m
}

[90mstdout[2m | src/stores/__tests__/useLevelProgressStore.test.ts[2m > [22m[2museLevelProgressStore[2m > [22m[2mshould handle clearLevel when score is lower than existing best
[22m[39m[useLevelProgressStore] Current user: user-123
[clearLevel] Calling submit_game_result RPC: { score: [33m100[39m, gameMode: [32m'timeattack'[39m }

[90mstdout[2m | src/stores/__tests__/useLevelProgressStore.test.ts[2m > [22m[2museLevelProgressStore[2m > [22m[2mshould handle clearLevel when score is lower than existing best
[22m[39m[clearLevel] Weekly score updated successfully via RPC

[90mstderr[2m | src/stores/__tests__/useLevelProgressStore.test.ts[2m > [22m[2museLevelPr
ogressStore[2m > [22m[2mshould handle fetchRanking when data is null
[22m[39m??[RPC Validation Error] get_ranking_v2: { _errors: [ [32m'Invalid input: expected 
array, received null'[39m ] }

[90mstderr[2m | src/stores/__tests__/useLevelProgressStore.test.ts[2m > [22m[2museLevelPr
ogressStore[2m > [22m[2mshould handle fetchRanking when data is null
[22m[39mFailed to fetch ranking: {
  message: [32m'?곗씠??寃利??ㅽ뙣 (get_ranking_v2)'[39m,
  details: { _errors: [ [32m'Invalid input: expected array, received null'[39m ] }
}

[90mstderr[2m | src/stores/__tests__/useLevelProgressStore.test.ts[2m > [22m[2museLevelPr
ogressStore[2m > [22m[2mshould handle fetchRanking with custom limit
[22m[39mFailed to fetch ranking: TypeError: __vite_ssr_import_2__.supabase.from(...).select(
...).eq(...).order is not a function
    at Object.fetchRanking (C:/Users/ghkdd/gemini-projects/solve-climb/src/stores/useLevelProg
ressStore.ts:406:18)
    at C:/Users/ghkdd/gemini-projects/solve-climb/src/stores/__tests__/useLevelProgressStore.t
est.ts:935:28
    at [90mC:\Users\ghkdd\gemini-projects\solve-climb\[39mnode_modules\[4m@testing-library
[24m\react\dist\act-compat.js:47:24
    at act [90m(C:\Users\ghkdd\gemini-projects\solve-climb\[39mnode_modules\[4mreact[24m\c
js\react.development.js:2512:16[90m)[39m
    at Proxy.<anonymous> [90m(C:\Users\ghkdd\gemini-projects\solve-climb\[39mnode_modules\[
4m@testing-library[24m\react\dist\act-compat.js:46:25[90m)[39m
    at C:/Users/ghkdd/gemini-projects/solve-climb/src/stores/__tests__/useLevelProgressStore.t
est.ts:934:11
    at [90mfile:///C:/Users/ghkdd/gemini-projects/solve-climb/[39mnode_modules/[4m@vitest[
24m/runner/dist/index.js:145:11
    at [90mfile:///C:/Users/ghkdd/gemini-projects/solve-climb/[39mnode_modules/[4m@vitest[
24m/runner/dist/index.js:915:26
    at [90mfile:///C:/Users/ghkdd/gemini-projects/solve-climb/[39mnode_modules/[4m@vitest[
24m/runner/dist/index.js:1243:20
    at new Promise (<anonymous>)

 [31m??[39m src/stores/__tests__/useLevelProgressStore.test.ts [2m([22m[2m37 tests[22m[2m | [22m[31m5 failed[39m[2m)[22m[33m 1190[2mms[22m[39m
     [32m??[39m should initialize with empty progress[32m 17[2mms[22m[39m
     [32m??[39m should get empty level progress for non-existent category[32m 4[2mms[22m[39m
     [32m??[39m should get level progress for existing category and subTopic[32m 5[2mms[22m[39m
     [32m??[39m should check if level is cleared[32m 3[2mms[22m[39m
     [32m??[39m should get next level correctly[32m 6[2mms[22m[39m
     [32m??[39m should clear level and update best score[32m 4[2mms[22m[39m
     [32m??[39m should update best score when new score is higher[32m 3[2mms[22m[39m
     [32m??[39m should not update best score when new score is lower[32m 3[2mms[22m[39m
     [32m??[39m should get best records for category and subTopic[32m 3[2mms[22m[39m
     [32m??[39m should handle different game modes[32m 4[2mms[22m[39m
     [32m??[39m should reset progress[32m 17[2mms[22m[39m
[31m     [31m횞[31m should sync progress from Supabase[39m[33m 1030[2mms[22m[39m
     [32m??[39m should handle syncProgress error gracefully[32m 5[2mms[22m[39m
     [32m??[39m should handle syncProgress when user is not logged in[32m 2[2mms[22m[39m
     [32m??[39m should fetch ranking successfully[32m 25[2mms[22m[39m
     [32m??[39m should handle fetchRanking error gracefully[32m 5[2mms[22m[39m
     [32m??[39m should get best records across multiple levels[32m 2[2mms[22m[39m
     [32m??[39m should handle clearLevel error gracefully[32m 2[2mms[22m[39m
     [32m??[39m should handle updateBestScore error gracefully[32m 5[2mms[22m[39m
     [32m??[39m should handle clearLevel when user is not logged in[32m 2[2mms[22m[39m
     [32m??[39m should handle updateBestScore when user is not logged in[32m 2[2mms[22m[39m
     [32m??[39m should handle resetProgress error gracefully[32m 2[2mms[22m[39m
     [32m??[39m should handle getNextLevel with non-sequential cleared levels[32m 2[2mms[22m[39m
     [32m??[39m should return null best records when no records exist[32m 1[2mms[22m[39m
     [32m??[39m should get best records with only time-attack scores[32m 2[2mms[22m[39m
     [32m??[39m should get best records with only survival scores[32m 2[2mms[22m[39m
     [32m??[39m should not update best score when new score is lower[32m 2[2mms[22m[39m
     [32m??[39m should update best score when new score is higher[32m 2[2mms[22m[39m
     [32m??[39m should handle syncProgress when records is null[32m 1[2mms[22m[39m
[31m     [31m횞[31m should handle syncProgress when cleared is false[39m[32m 2[2mms[22m[39m
     [32m??[39m should handle syncProgress when local score is higher[32m 2[2mms[22m[39m
[31m     [31m횞[31m should handle syncProgress when server score is higher[39m[32m 2[2mms[22m[39m
[31m     [31m횞[31m should handle syncProgress when local bestScore is null[39m[32m 2[2mms[22m[39m
     [32m??[39m should handle clearLevel when score is lower than existing best[32m 2[2mms[22m[39m
     [32m??[39m should handle fetchRanking when data is null[32m 6[2mms[22m[39m
     [32m??[39m should handle fetchRanking when error occurs[32m 2[2mms[22m[39m
[31m     [31m횞[31m should handle fetchRanking with custom limit[39m[32m 5[2mms[22m[39m
 [32m??[39m src/hooks/__tests__/useAsync.test.ts [2m([22m[2m17 tests[22m[2m)[22m[33m 970[2mms[22m[39m
 [32m??[39m src/components/__tests__/DataResetSection.test.tsx [2m([22m[2m6 tests[22m[2m)[22m[33m 444[2mms[22m[39m
[90mstderr[2m | src/components/__tests__/StatusCard.test.tsx[2m > [22m[2mStatusCard[2m >
 [22m[2mshould display error state when fetchUserData fails
[22m[39mFailed to calculate user data: Error: Failed to get state
    at Object.<anonymous> (C:/Users/ghkdd/gemini-projects/solve-climb/src/components/__tests__
/StatusCard.test.tsx:93:13)
    at Object.Mock [as getState] [90m(file:///C:/Users/ghkdd/gemini-projects/solve-climb/[39
mnode_modules/[4m@vitest[24m/spy/dist/index.js:285:34[90m)[39m
    at fetchUserData (C:/Users/ghkdd/gemini-projects/solve-climb/src/components/StatusCard.tsx
:29:50)
    at C:/Users/ghkdd/gemini-projects/solve-climb/src/components/StatusCard.tsx:21:5
    at commitHookEffectListMount [90m(C:\Users\ghkdd\gemini-projects\solve-climb\[39mnode_mo
dules\[4mreact-dom[24m\cjs\react-dom.development.js:23189:26[90m)[39m
    at commitPassiveMountOnFiber [90m(C:\Users\ghkdd\gemini-projects\solve-climb\[39mnode_mo
dules\[4mreact-dom[24m\cjs\react-dom.development.js:24970:11[90m)[39m
    at commitPassiveMountEffects_complete [90m(C:\Users\ghkdd\gemini-projects\solve-climb\[3
9mnode_modules\[4mreact-dom[24m\cjs\react-dom.development.js:24930:9[90m)[39m
    at commitPassiveMountEffects_begin [90m(C:\Users\ghkdd\gemini-projects\solve-climb\[39mn
ode_modules\[4mreact-dom[24m\cjs\react-dom.development.js:24917:7[90m)[39m
    at commitPassiveMountEffects [90m(C:\Users\ghkdd\gemini-projects\solve-climb\[39mnode_mo
dules\[4mreact-dom[24m\cjs\react-dom.development.js:24905:3[90m)[39m
    at flushPassiveEffectsImpl [90m(C:\Users\ghkdd\gemini-projects\solve-climb\[39mnode_modu
les\[4mreact-dom[24m\cjs\react-dom.development.js:27078:3[90m)[39m

 [32m??[39m src/components/__tests__/StatusCard.test.tsx [2m([22m[2m5 tests[22m[2m)[22m[33m 504[2mms[22m[39m
 [32m??[39m src/components/__tests__/StaminaGauge.test.tsx [2m([22m[2m15 tests[22m[2m)[22m[32m 194[2mms[22m[39m
 [32m??[39m src/components/__tests__/ProfileForm.test.tsx [2m([22m[2m13 tests[22m[2m)[22m[33m 1422[2mms[22m[39m
[90mstderr[2m | src/components/__tests__/TierProgressBar.test.tsx[2m > [22m[2mTierProgres
sBar[2m > [22m[2mshould handle error when calculateTier fails
[22m[39mFailed to load tier info: Error: Failed to calculate tier
    at C:/Users/ghkdd/gemini-projects/solve-climb/src/components/__tests__/TierProgressBar.tes
t.tsx:208:48
    at [90mfile:///C:/Users/ghkdd/gemini-projects/solve-climb/[39mnode_modules/[4m@vitest[
24m/runner/dist/index.js:145:11
    at [90mfile:///C:/Users/ghkdd/gemini-projects/solve-climb/[39mnode_modules/[4m@vitest[
24m/runner/dist/index.js:915:26
    at [90mfile:///C:/Users/ghkdd/gemini-projects/solve-climb/[39mnode_modules/[4m@vitest[
24m/runner/dist/index.js:1243:20
    at new Promise (<anonymous>)
    at runWithTimeout [90m(file:///C:/Users/ghkdd/gemini-projects/solve-climb/[39mnode_modul
es/[4m@vitest[24m/runner/dist/index.js:1209:10[90m)[39m
    at [90mfile:///C:/Users/ghkdd/gemini-projects/solve-climb/[39mnode_modules/[4m@vitest[
24m/runner/dist/index.js:1653:37
    at Traces.$ [90m(file:///C:/Users/ghkdd/gemini-projects/solve-climb/[39mnode_modules/[4
mvitest[24m/dist/chunks/traces.U4xDYhzZ.js:115:27[90m)[39m
    at trace [90m(file:///C:/Users/ghkdd/gemini-projects/solve-climb/[39mnode_modules/[4mvi
test[24m/dist/chunks/test.B8ej_ZHS.js:239:21[90m)[39m
    at runTest [90m(file:///C:/Users/ghkdd/gemini-projects/solve-climb/[39mnode_modules/[4m
@vitest[24m/runner/dist/index.js:1653:12[90m)[39m

 [32m??[39m src/components/__tests__/TierProgressBar.test.tsx [2m([22m[2m10 tests[22m[2m)[22m[33m 301[2mms[22m[39m
 [32m??[39m src/components/__tests__/TierBadge.test.tsx [2m([22m[2m15 tests[22m[2m)[22m[33m 399[2mms[22m[39m
[90mstdout[2m | src/stores/__tests__/useUserStore.test.ts
[22m[39m[Env] ?? ?덉쟾???섍꼍 蹂??濡쒕뱶 ?꾨즺 (t3-env)
  [2026-01-26T17:03:45.904Z] [Env] 紐⑤뱶: test
  [2026-01-26T17:03:45.905Z] [Env] Supabase URL: ???곌껐??  [2026-01-26T17:03:45.905Z] [Env] Sentry: ???쒖꽦??  [2026-01-26T17:03:45.905Z] [Env] AdMob App ID: ca-app-pub-6410061165772335~9825031776
[Supabase] ?곌껐 ?쒕룄 以?.. URL: https://aekcjzxxjczqibxkoakg.supabase.co
[Supabase] 肄쒕갚 URL: http://localhost:3000/auth/callback

[90mstderr[2m | src/hooks/__tests__/useHistoryData.test.ts[2m > [22m[2museHistoryData[2m
 > [22m[2mshould handle API errors gracefully
[22m[39mHistory data error: { message: [32m'Records fail'[39m }

 [32m??[39m src/hooks/__tests__/useHistoryData.test.ts [2m([22m[2m4 tests[22m[2m)[22m[33m 318[2mms[22m[39m
[90mstderr[2m | src/stores/__tests__/useUserStore.test.ts[2m > [22m[2museUserStore (Compr
ehensive Tests)[2m > [22m[2mshould set stamina locally
[22m[39m[UserStore] Direct setStamina sync is disabled for security. Stamina recovery is han
dled server-side.

[90mstderr[2m | src/stores/__tests__/useUserStore.test.ts[2m > [22m[2museUserStore (Compr
ehensive Tests)[2m > [22m[2mshould handle recoverStaminaAds fallback simulation (PGRST202)
[22m[39m[UserStore] recover_stamina_ads RPC not found. Simulation fallback.
[UserStore] Direct setStamina sync is disabled for security. Stamina recovery is handled serve
r-side.

[90mstderr[2m | src/stores/__tests__/useUserStore.test.ts[2m > [22m[2museUserStore (Compr
ehensive Tests)[2m > [22m[2mshould refund stamina
[22m[39m[UserStore] Direct setStamina sync is disabled for security. Stamina recovery is han
dled server-side.

[90mstderr[2m | src/stores/__tests__/useUserStore.test.ts[2m > [22m[2museUserStore (Compr
ehensive Tests)[2m > [22m[2mshould handle consumeStamina server error
[22m[39mError consuming stamina: { message: [32m''[39m }

[90mstdout[2m | src/stores/__tests__/useUserStore.test.ts[2m > [22m[2museUserStore (Comprehensive Tests)[2m > [22m[2mDebug Functions (DEV ONLY)[2m > [22m[2mshould call debugAddItems
[22m[39m[DEBUG] Calling debug_grant_items RPC...

[90mstdout[2m | src/stores/__tests__/useUserStore.test.ts[2m > [22m[2museUserStore (Comprehensive Tests)[2m > [22m[2mDebug Functions (DEV ONLY)[2m > [22m[2mshould call debugAddItems
[22m[39m[DEBUG] RPC Success

[90mstdout[2m | src/stores/__tests__/useUserStore.test.ts[2m > [22m[2museUserStore (Comprehensive Tests)[2m > [22m[2mDebug Functions (DEV ONLY)[2m > [22m[2mshould call debugResetItems
[22m[39m[DEBUG] Resetting items...

[90mstdout[2m | src/stores/__tests__/useUserStore.test.ts[2m > [22m[2museUserStore (Comprehensive Tests)[2m > [22m[2mDebug Functions (DEV ONLY)[2m > [22m[2mshould call debugResetItems
[22m[39m[DEBUG] Items Reset Success

[90mstderr[2m | src/stores/__tests__/useUserStore.test.ts[2m > [22m[2museUserStore (Compr
ehensive Tests)[2m > [22m[2mDebug Functions (DEV ONLY)[2m > [22m[2mshould handle item de
letions in debugRemoveItems
[22m[39m[MSW] Warning: intercepted a request without a matching request handler:

  ??POST https://aekcjzxxjczqibxkoakg.supabase.co/rest/v1/rpc/debug_set_inventory_quantity

  ??Request body: {"p_user_id":"test-user-id","p_quantity":0}

If you still wish to intercept this unhandled request, please create a request handler for it.
Read more: https://mswjs.io/docs/http/intercepting-requests

[90mstderr[2m | src/stores/__tests__/useUserStore.test.ts[2m > [22m[2museUserStore (Compr
ehensive Tests)[2m > [22m[2mDebug Functions (DEV ONLY)[2m > [22m[2mshould handle item up
dates in debugRemoveItems
[22m[39m[MSW] Warning: intercepted a request without a matching request handler:

  ??POST https://aekcjzxxjczqibxkoakg.supabase.co/rest/v1/rpc/debug_set_inventory_quantity

  ??Request body: {"p_user_id":"test-user-id","p_quantity":5}

If you still wish to intercept this unhandled request, please create a request handler for it.
Read more: https://mswjs.io/docs/http/intercepting-requests

[90mstderr[2m | src/stores/__tests__/useUserStore.test.ts[2m > [22m[2museUserStore (Compr
ehensive Tests)[2m > [22m[2mshould handle refundStamina simulation fallback (PGRST202)
[22m[39m[UserStore] Direct setStamina sync is disabled for security. Stamina recovery is han
dled server-side.

[90mstderr[2m | src/stores/__tests__/useUserStore.test.ts[2m > [22m[2museUserStore (Compr
ehensive Tests)[2m > [22m[2mshould handle refundStamina simulation fallback (PGRST202)
[22m[39m[UserStore] recover_stamina_ads RPC not found during refund. Using simulation fallba
ck.
[UserStore] Direct setStamina sync is disabled for security. Stamina recovery is handled serve
r-side.

 [32m??[39m src/stores/__tests__/useUserStore.test.ts [2m([22m[2m21 tests[22m[2m)[22m[32m 280[2mms[22m[39m
 [32m??[39m src/components/__tests__/QuizCard.test.tsx [2m([22m[2m32 tests[22m[2m)[22m[32m 253[2mms[22m[39m
[90mstdout[2m | src/pages/__tests__/LevelSelectPage.test.tsx
[22m[39m[Env] ?? ?덉쟾???섍꼍 蹂??濡쒕뱶 ?꾨즺 (t3-env)
  [2026-01-26T17:03:48.301Z] [Env] 紐⑤뱶: test
  [2026-01-26T17:03:48.302Z] [Env] Supabase URL: ???곌껐??  [2026-01-26T17:03:48.302Z] [Env] Sentry: ???쒖꽦??  [2026-01-26T17:03:48.302Z] [Env] AdMob App ID: ca-app-pub-6410061165772335~9825031776
[Supabase] ?곌껐 ?쒕룄 以?.. URL: https://aekcjzxxjczqibxkoakg.supabase.co
[Supabase] 肄쒕갚 URL: http://localhost:3000/auth/callback

 [32m??[39m src/components/__tests__/Header.test.tsx [2m([22m[2m8 tests[22m[2m)[22m[32m 298[2mms[22m[39m
 [32m??[39m src/components/__tests__/ClimbGraphicBackgrounds.test.tsx [2m([22m[2m8 tests[22m[2m)[22m[32m 297[2mms[22m[39m
 [32m??[39m src/pages/__tests__/LevelSelectPage.test.tsx [2m([22m[2m1 test[22m[2m)[22m[32m 233[2mms[22m[39m
[90mstdout[2m | src/hooks/__tests__/useQuizSubmit.test.ts[2m > [22m[2museQuizSubmit[2m > [22m[2mshould handle correct answer for math question
[22m[39m[Analytics] Event: quiz > submit_answer
  [2026-01-26T17:03:49.805Z] [Analytics] Label: correct
  [Analytics] Table
    ?뚢????????????р??????????????    ??(index)   ??Values     ??    ?쒋????????????쇄??????????????    ??category  ??[32m'math'[39m     ??    ??world     ??[32m'addition'[39m ??    ??isCorrect ??[33mtrue[39m       ??    ??answer    ??[32m'8'[39m        ??    ?붴????????????닳??????????????
[90mstdout[2m | src/hooks/__tests__/useQuizSubmit.test.ts[2m > [22m[2museQuizSubmit[2m > [22m[2mshould handle wrong answer for math question
[22m[39m[Analytics] Event: quiz > submit_answer
  [2026-01-26T17:03:49.813Z] [Analytics] Label: wrong
  [Analytics] Table
    ?뚢????????????р??????????????    ??(index)   ??Values     ??    ?쒋????????????쇄??????????????    ??category  ??[32m'math'[39m     ??    ??world     ??[32m'addition'[39m ??    ??isCorrect ??[33mfalse[39m      ??    ??answer    ??[32m'7'[39m        ??    ?붴????????????닳??????????????
[90mstdout[2m | src/hooks/__tests__/useQuizSubmit.test.ts[2m > [22m[2museQuizSubmit[2m > [22m[2mshould handle Japanese quiz answer
[22m[39m[Analytics] Event: quiz > submit_answer
  [2026-01-26T17:03:49.817Z] [Analytics] Label: correct
  [Analytics] Table
    ?뚢????????????р??????????????    ??(index)   ??Values     ??    ?쒋????????????쇄??????????????    ??category  ??[32m'language'[39m ??    ??world     ??[32m'japanese'[39m ??    ??isCorrect ??[33mtrue[39m       ??    ??answer    ??[32m'a'[39m        ??    ?붴????????????닳??????????????
[90mstdout[2m | src/hooks/__tests__/useQuizSubmit.test.ts[2m > [22m[2museQuizSubmit[2m > [22m[2mshould handle survival mode wrong answer
[22m[39m[Analytics] Event: quiz > submit_answer
  [2026-01-26T17:03:49.819Z] [Analytics] Label: wrong
  [Analytics] Table
    ?뚢????????????р??????????????    ??(index)   ??Values     ??    ?쒋????????????쇄??????????????    ??category  ??[32m'math'[39m     ??    ??world     ??[32m'addition'[39m ??    ??isCorrect ??[33mfalse[39m      ??    ??answer    ??[32m'7'[39m        ??    ?붴????????????닳??????????????
[90mstdout[2m | src/hooks/__tests__/useQuizSubmit.test.ts[2m > [22m[2museQuizSubmit[2m > [22m[2mshould record solve time for survival mode correct answer
[22m[39m[Analytics] Event: quiz > submit_answer
  [2026-01-26T17:03:49.822Z] [Analytics] Label: correct
  [Analytics] Table
    ?뚢????????????р??????????????    ??(index)   ??Values     ??    ?쒋????????????쇄??????????????    ??category  ??[32m'math'[39m     ??    ??world     ??[32m'addition'[39m ??    ??isCorrect ??[33mtrue[39m       ??    ??answer    ??[32m'8'[39m        ??    ?붴????????????닳??????????????
[90mstdout[2m | src/hooks/__tests__/useQuizSubmit.test.ts[2m > [22m[2museQuizSubmit[2m > [22m[2mshould handle safety rope usage on wrong answer
[22m[39m[Analytics] Event: quiz > submit_answer
  [2026-01-26T17:03:49.825Z] [Analytics] Label: wrong
  [Analytics] Table
    ?뚢????????????р??????????????    ??(index)   ??Values     ??    ?쒋????????????쇄??????????????    ??category  ??[32m'math'[39m     ??    ??world     ??[32m'addition'[39m ??    ??isCorrect ??[33mfalse[39m      ??    ??answer    ??[32m'7'[39m        ??    ?붴????????????닳??????????????[Game] Safety Rope used! Combo protected & Retry allowed.

[90mstdout[2m | src/hooks/__tests__/useQuizSubmit.test.ts[2m > [22m[2museQuizSubmit[2m > [22m[2mshould handle equation quiz with negative answer
[22m[39m[Analytics] Event: quiz > submit_answer
  [2026-01-26T17:03:49.831Z] [Analytics] Label: correct
  [Analytics] Table
    ?뚢????????????р???????????????    ??(index)   ??Values      ??    ?쒋????????????쇄???????????????    ??category  ??[32m'math'[39m      ??    ??world     ??[32m'equations'[39m ??    ??isCorrect ??[33mtrue[39m        ??    ??answer    ??[32m'-5'[39m        ??    ?붴????????????닳???????????????
[90mstdout[2m | src/hooks/__tests__/useQuizSubmit.test.ts[2m > [22m[2museQuizSubmit[2m > [22m[2mshould handle calculus quiz with negative answer
[22m[39m[Analytics] Event: quiz > submit_answer
  [2026-01-26T17:03:49.844Z] [Analytics] Label: correct
  [Analytics] Table
    ?뚢????????????р??????????????    ??(index)   ??Values     ??    ?쒋????????????쇄??????????????    ??category  ??[32m'math'[39m     ??    ??world     ??[32m'calculus'[39m ??    ??isCorrect ??[33mtrue[39m       ??    ??answer    ??[32m'-1'[39m       ??    ?붴????????????닳??????????????
[90mstdout[2m | src/hooks/__tests__/useQuizSubmit.test.ts[2m > [22m[2museQuizSubmit[2m > [22m[2mshould handle flare usage in survival mode
[22m[39m[Analytics] Event: quiz > submit_answer
  [2026-01-26T17:03:49.862Z] [Analytics] Label: wrong
  [Analytics] Table
    ?뚢????????????р??????????????    ??(index)   ??Values     ??    ?쒋????????????쇄??????????????    ??category  ??[32m'math'[39m     ??    ??world     ??[32m'addition'[39m ??    ??isCorrect ??[33mfalse[39m      ??    ??answer    ??[32m'7'[39m        ??    ?붴????????????닳??????????????[Game] Flare used! Revived in survival mode.

[90mstdout[2m | src/hooks/__tests__/useQuizSubmit.test.ts[2m > [22m[2museQuizSubmit[2m > [22m[2mshould apply exhausted multiplier to score
[22m[39m[Analytics] Event: quiz > submit_answer
  [2026-01-26T17:03:49.867Z] [Analytics] Label: correct
  [Analytics] Table
    ?뚢????????????р??????????????    ??(index)   ??Values     ??    ?쒋????????????쇄??????????????    ??category  ??[32m'math'[39m     ??    ??world     ??[32m'addition'[39m ??    ??isCorrect ??[33mtrue[39m       ??    ??answer    ??[32m'8'[39m        ??    ?붴????????????닳??????????????
[90mstdout[2m | src/hooks/__tests__/useQuizSubmit.test.ts[2m > [22m[2museQuizSubmit[2m > [22m[2mshould handle Japanese quiz wrong answer
[22m[39m[Analytics] Event: quiz > submit_answer
  [2026-01-26T17:03:49.869Z] [Analytics] Label: wrong
  [Analytics] Table
    ?뚢????????????р??????????????    ??(index)   ??Values     ??    ?쒋????????????쇄??????????????    ??category  ??[32m'language'[39m ??    ??world     ??[32m'japanese'[39m ??    ??isCorrect ??[33mfalse[39m      ??    ??answer    ??[32m'b'[39m        ??    ?붴????????????닳??????????????
[90mstdout[2m | src/hooks/__tests__/useQuizSubmit.test.ts[2m > [22m[2museQuizSubmit[2m > [22m[2mshould not record solve time when questionStartTime is null
[22m[39m[Analytics] Event: quiz > submit_answer
  [2026-01-26T17:03:49.871Z] [Analytics] Label: correct
  [Analytics] Table
    ?뚢????????????р??????????????    ??(index)   ??Values     ??    ?쒋????????????쇄??????????????    ??category  ??[32m'math'[39m     ??    ??world     ??[32m'addition'[39m ??    ??isCorrect ??[33mtrue[39m       ??    ??answer    ??[32m'8'[39m        ??    ?붴????????????닳??????????????
[90mstdout[2m | src/hooks/__tests__/useQuizSubmit.test.ts[2m > [22m[2museQuizSubmit[2m > [22m[2mshould focus input when useSystemKeyboard is true
[22m[39m[Analytics] Event: quiz > submit_answer
  [2026-01-26T17:03:49.873Z] [Analytics] Label: correct
  [Analytics] Table
    ?뚢????????????р??????????????    ??(index)   ??Values     ??    ?쒋????????????쇄??????????????    ??category  ??[32m'math'[39m     ??    ??world     ??[32m'addition'[39m ??    ??isCorrect ??[33mtrue[39m       ??    ??answer    ??[32m'8'[39m        ??    ?붴????????????닳??????????????
[90mstdout[2m | src/hooks/__tests__/useQuizSubmit.test.ts[2m > [22m[2museQuizSubmit[2m > [22m[2mshould call onAnswerSubmitted when provided
[22m[39m[Analytics] Event: quiz > submit_answer
  [2026-01-26T17:03:49.874Z] [Analytics] Label: correct
  [Analytics] Table
    ?뚢????????????р??????????????    ??(index)   ??Values     ??    ?쒋????????????쇄??????????????    ??category  ??[32m'math'[39m     ??    ??world     ??[32m'addition'[39m ??    ??isCorrect ??[33mtrue[39m       ??    ??answer    ??[32m'8'[39m        ??    ?붴????????????닳??????????????
[90mstdout[2m | src/hooks/__tests__/useQuizSubmit.test.ts[2m > [22m[2museQuizSubmit[2m > [22m[2mshould handle haptic feedback when enabled
[22m[39m[Analytics] Event: quiz > submit_answer
  [2026-01-26T17:03:49.877Z] [Analytics] Label: correct
  [Analytics] Table
    ?뚢????????????р??????????????    ??(index)   ??Values     ??    ?쒋????????????쇄??????????????    ??category  ??[32m'math'[39m     ??    ??world     ??[32m'addition'[39m ??    ??isCorrect ??[33mtrue[39m       ??    ??answer    ??[32m'8'[39m        ??    ?붴????????????닳??????????????
[90mstdout[2m | src/hooks/__tests__/useQuizSubmit.test.ts[2m > [22m[2museQuizSubmit[2m > [22m[2mshould handle haptic feedback for wrong answer when enabled
[22m[39m[Analytics] Event: quiz > submit_answer
  [2026-01-26T17:03:49.884Z] [Analytics] Label: wrong
  [Analytics] Table
    ?뚢????????????р??????????????    ??(index)   ??Values     ??    ?쒋????????????쇄??????????????    ??category  ??[32m'math'[39m     ??    ??world     ??[32m'addition'[39m ??    ??isCorrect ??[33mfalse[39m      ??    ??answer    ??[32m'7'[39m        ??    ?붴????????????닳??????????????
[90mstdout[2m | src/hooks/__tests__/useQuizSubmit.test.ts[2m > [22m[2museQuizSubmit[2m > [22m[2mshould not call onAnswerSubmitted when currentQuestionId is null
[22m[39m[Analytics] Event: quiz > submit_answer
  [2026-01-26T17:03:49.898Z] [Analytics] Label: correct
  [Analytics] Table
    ?뚢????????????р??????????????    ??(index)   ??Values     ??    ?쒋????????????쇄??????????????    ??category  ??[32m'math'[39m     ??    ??world     ??[32m'addition'[39m ??    ??isCorrect ??[33mtrue[39m       ??    ??answer    ??[32m'8'[39m        ??    ?붴????????????닳??????????????
[90mstdout[2m | src/hooks/__tests__/useQuizSubmit.test.ts[2m > [22m[2museQuizSubmit[2m > [22m[2mshould not call onAnswerSubmitted when onAnswerSubmitted is not provided
[22m[39m[Analytics] Event: quiz > submit_answer
  [2026-01-26T17:03:49.899Z] [Analytics] Label: correct
  [Analytics] Table
    ?뚢????????????р??????????????    ??(index)   ??Values     ??    ?쒋????????????쇄??????????????    ??category  ??[32m'math'[39m     ??    ??world     ??[32m'addition'[39m ??    ??isCorrect ??[33mtrue[39m       ??    ??answer    ??[32m'8'[39m        ??    ?붴????????????닳??????????????
[90mstdout[2m | src/hooks/__tests__/useQuizSubmit.test.ts[2m > [22m[2museQuizSubmit[2m > [22m[2mshould not focus input when useSystemKeyboard is false
[22m[39m[Analytics] Event: quiz > submit_answer
  [2026-01-26T17:03:49.901Z] [Analytics] Label: correct
  [Analytics] Table
    ?뚢????????????р??????????????    ??(index)   ??Values     ??    ?쒋????????????쇄??????????????    ??category  ??[32m'math'[39m     ??    ??world     ??[32m'addition'[39m ??    ??isCorrect ??[33mtrue[39m       ??    ??answer    ??[32m'8'[39m        ??    ?붴????????????닳??????????????
[90mstdout[2m | src/hooks/__tests__/useQuizSubmit.test.ts[2m > [22m[2museQuizSubmit[2m > [22m[2mshould not focus input when inputRef.current is null
[22m[39m[Analytics] Event: quiz > submit_answer
  [2026-01-26T17:03:49.902Z] [Analytics] Label: correct
  [Analytics] Table
    ?뚢????????????р??????????????    ??(index)   ??Values     ??    ?쒋????????????쇄??????????????    ??category  ??[32m'math'[39m     ??    ??world     ??[32m'addition'[39m ??    ??isCorrect ??[33mtrue[39m       ??    ??answer    ??[32m'8'[39m        ??    ?붴????????????닳??????????????
[90mstdout[2m | src/hooks/__tests__/useQuizSubmit.test.ts[2m > [22m[2museQuizSubmit[2m > [22m[2mshould not call vibrateMedium when hapticEnabled is false
[22m[39m[Analytics] Event: quiz > submit_answer
  [2026-01-26T17:03:49.904Z] [Analytics] Label: correct
  [Analytics] Table
    ?뚢????????????р??????????????    ??(index)   ??Values     ??    ?쒋????????????쇄??????????????    ??category  ??[32m'math'[39m     ??    ??world     ??[32m'addition'[39m ??    ??isCorrect ??[33mtrue[39m       ??    ??answer    ??[32m'8'[39m        ??    ?붴????????????닳??????????????
[90mstdout[2m | src/hooks/__tests__/useQuizSubmit.test.ts[2m > [22m[2museQuizSubmit[2m > [22m[2mshould not call vibrateLong when hapticEnabled is false for wrong answer
[22m[39m[Analytics] Event: quiz > submit_answer
  [2026-01-26T17:03:49.905Z] [Analytics] Label: wrong
  [Analytics] Table
    ?뚢????????????р??????????????    ??(index)   ??Values     ??    ?쒋????????????쇄??????????????    ??category  ??[32m'math'[39m     ??    ??world     ??[32m'addition'[39m ??    ??isCorrect ??[33mfalse[39m      ??    ??answer    ??[32m'7'[39m        ??    ?붴????????????닳??????????????
[90mstdout[2m | src/hooks/__tests__/useQuizSubmit.test.ts[2m > [22m[2museQuizSubmit[2m > [22m[2mshould use multiplier 1.0 when isExhausted is false
[22m[39m[Analytics] Event: quiz > submit_answer
  [2026-01-26T17:03:49.907Z] [Analytics] Label: correct
  [Analytics] Table
    ?뚢????????????р??????????????    ??(index)   ??Values     ??    ?쒋????????????쇄??????????????    ??category  ??[32m'math'[39m     ??    ??world     ??[32m'addition'[39m ??    ??isCorrect ??[33mtrue[39m       ??    ??answer    ??[32m'8'[39m        ??    ?붴????????????닳??????????????
[90mstdout[2m | src/hooks/__tests__/useQuizSubmit.test.ts[2m > [22m[2museQuizSubmit[2m > [22m[2mshould not call onSafetyRopeUsed when not provided
[22m[39m[Analytics] Event: quiz > submit_answer
  [2026-01-26T17:03:49.910Z] [Analytics] Label: wrong
  [Analytics] Table
    ?뚢????????????р??????????????    ??(index)   ??Values     ??    ?쒋????????????쇄??????????????    ??category  ??[32m'math'[39m     ??    ??world     ??[32m'addition'[39m ??    ??isCorrect ??[33mfalse[39m      ??    ??answer    ??[32m'7'[39m        ??    ?붴????????????닳??????????????
[90mstdout[2m | src/hooks/__tests__/useQuizSubmit.test.ts[2m > [22m[2museQuizSubmit[2m > [22m[2mshould handle time-attack mode wrong answer flow
[22m[39m[Analytics] Event: quiz > submit_answer
  [2026-01-26T17:03:49.912Z] [Analytics] Label: wrong
  [Analytics] Table
    ?뚢????????????р??????????????    ??(index)   ??Values     ??    ?쒋????????????쇄??????????????    ??category  ??[32m'math'[39m     ??    ??world     ??[32m'addition'[39m ??    ??isCorrect ??[33mfalse[39m      ??    ??answer    ??[32m'7'[39m        ??    ?붴????????????닳??????????????
[90mstdout[2m | src/hooks/__tests__/useQuizSubmit.test.ts[2m > [22m[2museQuizSubmit[2m > [22m[2mshould decrease score when no safety rope in time-attack mode
[22m[39m[Analytics] Event: quiz > submit_answer
  [2026-01-26T17:03:49.915Z] [Analytics] Label: wrong
  [Analytics] Table
    ?뚢????????????р??????????????    ??(index)   ??Values     ??    ?쒋????????????쇄??????????????    ??category  ??[32m'math'[39m     ??    ??world     ??[32m'addition'[39m ??    ??isCorrect ??[33mfalse[39m      ??    ??answer    ??[32m'7'[39m        ??    ?붴????????????닳??????????????
[90mstdout[2m | src/hooks/__tests__/useQuizSubmit.test.ts[2m > [22m[2museQuizSubmit[2m > [22m[2mshould handle survival mode wrong answer without flare
[22m[39m[Analytics] Event: quiz > submit_answer
  [2026-01-26T17:03:49.917Z] [Analytics] Label: wrong
  [Analytics] Table
    ?뚢????????????р??????????????    ??(index)   ??Values     ??    ?쒋????????????쇄??????????????    ??category  ??[32m'math'[39m     ??    ??world     ??[32m'addition'[39m ??    ??isCorrect ??[33mfalse[39m      ??    ??answer    ??[32m'7'[39m        ??    ?붴????????????닳??????????????
[90mstdout[2m | src/hooks/__tests__/useQuizSubmit.test.ts[2m > [22m[2museQuizSubmit[2m > [22m[2mshould handle currentQuestion.answer as string for math question
[22m[39m[Analytics] Event: quiz > submit_answer
  [2026-01-26T17:03:49.922Z] [Analytics] Label: wrong
  [Analytics] Table
    ?뚢????????????р??????????????    ??(index)   ??Values     ??    ?쒋????????????쇄??????????????    ??category  ??[32m'math'[39m     ??    ??world     ??[32m'addition'[39m ??    ??isCorrect ??[33mfalse[39m      ??    ??answer    ??[32m'8'[39m        ??    ?붴????????????닳??????????????
[90mstdout[2m | src/hooks/__tests__/useQuizSubmit.test.ts[2m > [22m[2museQuizSubmit[2m > [22m[2mshould handle equation quiz with negative answer
[22m[39m[Analytics] Event: quiz > submit_answer
  [2026-01-26T17:03:49.931Z] [Analytics] Label: correct
  [Analytics] Table
    ?뚢????????????р???????????????    ??(index)   ??Values      ??    ?쒋????????????쇄???????????????    ??category  ??[32m'math'[39m      ??    ??world     ??[32m'equations'[39m ??    ??isCorrect ??[33mtrue[39m        ??    ??answer    ??[32m'-5'[39m        ??    ?붴????????????닳???????????????
[90mstdout[2m | src/hooks/__tests__/useQuizSubmit.test.ts[2m > [22m[2museQuizSubmit[2m > [22m[2mshould handle calculus quiz with negative answer
[22m[39m[Analytics] Event: quiz > submit_answer
  [2026-01-26T17:03:49.933Z] [Analytics] Label: correct
  [Analytics] Table
    ?뚢????????????р??????????????    ??(index)   ??Values     ??    ?쒋????????????쇄??????????????    ??category  ??[32m'math'[39m     ??    ??world     ??[32m'calculus'[39m ??    ??isCorrect ??[33mtrue[39m       ??    ??answer    ??[32m'-1'[39m       ??    ?붴????????????닳??????????????
[90mstdout[2m | src/hooks/__tests__/useQuizSubmit.test.ts[2m > [22m[2museQuizSubmit[2m > [22m[2mshould handle survival mode correct answer with questionStartTime
[22m[39m[Analytics] Event: quiz > submit_answer
  [2026-01-26T17:03:49.934Z] [Analytics] Label: correct
  [Analytics] Table
    ?뚢????????????р??????????????    ??(index)   ??Values     ??    ?쒋????????????쇄??????????????    ??category  ??[32m'math'[39m     ??    ??world     ??[32m'addition'[39m ??    ??isCorrect ??[33mtrue[39m       ??    ??answer    ??[32m'8'[39m        ??    ?붴????????????닳??????????????
[90mstdout[2m | src/hooks/__tests__/useQuizSubmit.test.ts[2m > [22m[2museQuizSubmit[2m > [22m[2mshould handle survival mode correct answer without questionStartTime
[22m[39m[Analytics] Event: quiz > submit_answer
  [2026-01-26T17:03:49.936Z] [Analytics] Label: correct
  [Analytics] Table
    ?뚢????????????р??????????????    ??(index)   ??Values     ??    ?쒋????????????쇄??????????????    ??category  ??[32m'math'[39m     ??    ??world     ??[32m'addition'[39m ??    ??isCorrect ??[33mtrue[39m       ??    ??answer    ??[32m'8'[39m        ??    ?붴????????????닳??????????????
[90mstdout[2m | src/hooks/__tests__/useQuizSubmit.test.ts[2m > [22m[2museQuizSubmit[2m > [22m[2mshould handle correct answer with haptic enabled
[22m[39m[Analytics] Event: quiz > submit_answer
  [2026-01-26T17:03:49.941Z] [Analytics] Label: correct
  [Analytics] Table
    ?뚢????????????р??????????????    ??(index)   ??Values     ??    ?쒋????????????쇄??????????????    ??category  ??[32m'math'[39m     ??    ??world     ??[32m'addition'[39m ??    ??isCorrect ??[33mtrue[39m       ??    ??answer    ??[32m'8'[39m        ??    ?붴????????????닳??????????????
[90mstdout[2m | src/hooks/__tests__/useQuizSubmit.test.ts[2m > [22m[2museQuizSubmit[2m > [22m[2mshould handle correct answer with haptic disabled
[22m[39m[Analytics] Event: quiz > submit_answer
  [2026-01-26T17:03:49.942Z] [Analytics] Label: correct
  [Analytics] Table
    ?뚢????????????р??????????????    ??(index)   ??Values     ??    ?쒋????????????쇄??????????????    ??category  ??[32m'math'[39m     ??    ??world     ??[32m'addition'[39m ??    ??isCorrect ??[33mtrue[39m       ??    ??answer    ??[32m'8'[39m        ??    ?붴????????????닳??????????????
[90mstdout[2m | src/hooks/__tests__/useQuizSubmit.test.ts[2m > [22m[2museQuizSubmit[2m > [22m[2mshould handle correct answer with isExhausted true
[22m[39m[Analytics] Event: quiz > submit_answer
  [2026-01-26T17:03:49.945Z] [Analytics] Label: correct
  [Analytics] Table
    ?뚢????????????р??????????????    ??(index)   ??Values     ??    ?쒋????????????쇄??????????????    ??category  ??[32m'math'[39m     ??    ??world     ??[32m'addition'[39m ??    ??isCorrect ??[33mtrue[39m       ??    ??answer    ??[32m'8'[39m        ??    ?붴????????????닳??????????????
[90mstdout[2m | src/hooks/__tests__/useQuizSubmit.test.ts[2m > [22m[2museQuizSubmit[2m > [22m[2mshould handle correct answer with useSystemKeyboard and inputRef
[22m[39m[Analytics] Event: quiz > submit_answer
  [2026-01-26T17:03:49.946Z] [Analytics] Label: correct
  [Analytics] Table
    ?뚢????????????р??????????????    ??(index)   ??Values     ??    ?쒋????????????쇄??????????????    ??category  ??[32m'math'[39m     ??    ??world     ??[32m'addition'[39m ??    ??isCorrect ??[33mtrue[39m       ??    ??answer    ??[32m'8'[39m        ??    ?붴????????????닳??????????????
[90mstdout[2m | src/hooks/__tests__/useQuizSubmit.test.ts[2m > [22m[2museQuizSubmit[2m > [22m[2mshould handle correct answer with useSystemKeyboard but no inputRef
[22m[39m[Analytics] Event: quiz > submit_answer
  [2026-01-26T17:03:49.947Z] [Analytics] Label: correct
  [Analytics] Table
    ?뚢????????????р??????????????    ??(index)   ??Values     ??    ?쒋????????????쇄??????????????    ??category  ??[32m'math'[39m     ??    ??world     ??[32m'addition'[39m ??    ??isCorrect ??[33mtrue[39m       ??    ??answer    ??[32m'8'[39m        ??    ?붴????????????닳??????????????
[90mstdout[2m | src/hooks/__tests__/useQuizSubmit.test.ts[2m > [22m[2museQuizSubmit[2m > [22m[2mshould call onAnswerSubmitted when provided with currentQuestionId
[22m[39m[Analytics] Event: quiz > submit_answer
  [2026-01-26T17:03:49.952Z] [Analytics] Label: correct
  [Analytics] Table
    ?뚢????????????р??????????????    ??(index)   ??Values     ??    ?쒋????????????쇄??????????????    ??category  ??[32m'math'[39m     ??    ??world     ??[32m'addition'[39m ??    ??isCorrect ??[33mtrue[39m       ??    ??answer    ??[32m'8'[39m        ??    ?붴????????????닳??????????????
[90mstdout[2m | src/hooks/__tests__/useQuizSubmit.test.ts[2m > [22m[2museQuizSubmit[2m > [22m[2mshould not call onAnswerSubmitted when currentQuestionId is null
[22m[39m[Analytics] Event: quiz > submit_answer
  [2026-01-26T17:03:49.954Z] [Analytics] Label: correct
  [Analytics] Table
    ?뚢????????????р??????????????    ??(index)   ??Values     ??    ?쒋????????????쇄??????????????    ??category  ??[32m'math'[39m     ??    ??world     ??[32m'addition'[39m ??    ??isCorrect ??[33mtrue[39m       ??    ??answer    ??[32m'8'[39m        ??    ?붴????????????닳??????????????
[90mstdout[2m | src/hooks/__tests__/useQuizSubmit.test.ts[2m > [22m[2museQuizSubmit[2m > [22m[2mshould handle wrong answer with haptic enabled
[22m[39m[Analytics] Event: quiz > submit_answer
  [2026-01-26T17:03:49.956Z] [Analytics] Label: wrong
  [Analytics] Table
    ?뚢????????????р??????????????    ??(index)   ??Values     ??    ?쒋????????????쇄??????????????    ??category  ??[32m'math'[39m     ??    ??world     ??[32m'addition'[39m ??    ??isCorrect ??[33mfalse[39m      ??    ??answer    ??[32m'7'[39m        ??    ?붴????????????닳??????????????
[90mstdout[2m | src/hooks/__tests__/useQuizSubmit.test.ts[2m > [22m[2museQuizSubmit[2m > [22m[2mshould handle wrong answer with haptic disabled
[22m[39m[Analytics] Event: quiz > submit_answer
  [2026-01-26T17:03:49.957Z] [Analytics] Label: wrong
  [Analytics] Table
    ?뚢????????????р??????????????    ??(index)   ??Values     ??    ?쒋????????????쇄??????????????    ??category  ??[32m'math'[39m     ??    ??world     ??[32m'addition'[39m ??    ??isCorrect ??[33mfalse[39m      ??    ??answer    ??[32m'7'[39m        ??    ?붴????????????닳??????????????
[90mstdout[2m | src/hooks/__tests__/useQuizSubmit.test.ts[2m > [22m[2museQuizSubmit[2m > [22m[2mshould handle time-attack mode wrong answer with useSystemKeyboard
[22m[39m[Analytics] Event: quiz > submit_answer
  [2026-01-26T17:03:49.959Z] [Analytics] Label: wrong
  [Analytics] Table
    ?뚢????????????р??????????????    ??(index)   ??Values     ??    ?쒋????????????쇄??????????????    ??category  ??[32m'math'[39m     ??    ??world     ??[32m'addition'[39m ??    ??isCorrect ??[33mfalse[39m      ??    ??answer    ??[32m'7'[39m        ??    ?붴????????????닳??????????????
[90mstdout[2m | src/hooks/__tests__/useQuizSubmit.test.ts[2m > [22m[2museQuizSubmit[2m > [22m[2mshould handle answer at MAX_POSSIBLE_ANSWER boundary
[22m[39m[Analytics] Event: quiz > submit_answer
  [2026-01-26T17:03:49.962Z] [Analytics] Label: correct
  [Analytics] Table
    ?뚢????????????р??????????????    ??(index)   ??Values     ??    ?쒋????????????쇄??????????????    ??category  ??[32m'math'[39m     ??    ??world     ??[32m'addition'[39m ??    ??isCorrect ??[33mtrue[39m       ??    ??answer    ??[32m'1998'[39m     ??    ?붴????????????닳??????????????
 [32m??[39m src/hooks/__tests__/useQuizSubmit.test.ts [2m([22m[2m59 tests[22m[2m)[22m[32m 187[2mms[22m[39m
 [32m??[39m src/components/__tests__/StaminaWarningModal.test.tsx [2m([22m[2m9 tests[22m[2m)[22m[32m 77[2mms[22m[39m
[90mstdout[2m | src/components/__tests__/QuickActionsSection.test.tsx
[22m[39m[Env] ?? ?덉쟾???섍꼍 蹂??濡쒕뱶 ?꾨즺 (t3-env)
  [2026-01-26T17:03:51.451Z] [Env] 紐⑤뱶: test
  [2026-01-26T17:03:51.451Z] [Env] Supabase URL: ???곌껐??  [2026-01-26T17:03:51.451Z] [Env] Sentry: ???쒖꽦??  [2026-01-26T17:03:51.451Z] [Env] AdMob App ID: ca-app-pub-6410061165772335~9825031776
[Supabase] ?곌껐 ?쒕룄 以?.. URL: https://aekcjzxxjczqibxkoakg.supabase.co
[Supabase] 肄쒕갚 URL: http://localhost:3000/auth/callback

[90mstdout[2m | src/components/__tests__/DebugPanel.test.tsx
[22m[39m[Env] ?? ?덉쟾???섍꼍 蹂??濡쒕뱶 ?꾨즺 (t3-env)
  [2026-01-26T17:03:52.058Z] [Env] 紐⑤뱶: test
  [2026-01-26T17:03:52.059Z] [Env] Supabase URL: ???곌껐??  [2026-01-26T17:03:52.059Z] [Env] Sentry: ???쒖꽦??  [2026-01-26T17:03:52.059Z] [Env] AdMob App ID: ca-app-pub-6410061165772335~9825031776
[Supabase] ?곌껐 ?쒕룄 以?.. URL: https://aekcjzxxjczqibxkoakg.supabase.co
[Supabase] 肄쒕갚 URL: http://localhost:3000/auth/callback

[90mstderr[2m | src/components/__tests__/CyclePromotionModal.test.tsx[2m > [22m[2mCyclePr
omotionModal[2m > [22m[2mshould call onPromote when promotion succeeds
[22m[39mWarning: An update to CyclePromotionModal inside a test was not wrapped in act(...).

When testing, code that causes React state updates should be wrapped into act(...):

act(() => {
  /* fire events that update state */
});
/* assert on the output */

This ensures that you're testing the behavior the user would see in the browser. Learn more at
 https://reactjs.org/link/wrap-tests-with-act
    at CyclePromotionModal (C:/Users/ghkdd/gemini-projects/solve-climb/src/components/CyclePro
motionModal.tsx:11:3)
Warning: An update to CyclePromotionModal inside a test was not wrapped in act(...).

When testing, code that causes React state updates should be wrapped into act(...):

act(() => {
  /* fire events that update state */
});
/* assert on the output */

This ensures that you're testing the behavior the user would see in the browser. Learn more at
 https://reactjs.org/link/wrap-tests-with-act
    at CyclePromotionModal (C:/Users/ghkdd/gemini-projects/solve-climb/src/components/CyclePro
motionModal.tsx:11:3)

[90mstderr[2m | src/components/__tests__/CyclePromotionModal.test.tsx[2m > [22m[2mCyclePr
omotionModal[2m > [22m[2mshould show error when promotion fails with error
[22m[39mWarning: An update to CyclePromotionModal inside a test was not wrapped in act(...).

When testing, code that causes React state updates should be wrapped into act(...):

act(() => {
  /* fire events that update state */
});
/* assert on the output */

This ensures that you're testing the behavior the user would see in the browser. Learn more at
 https://reactjs.org/link/wrap-tests-with-act
    at CyclePromotionModal (C:/Users/ghkdd/gemini-projects/solve-climb/src/components/CyclePro
motionModal.tsx:11:3)
Warning: An update to CyclePromotionModal inside a test was not wrapped in act(...).

When testing, code that causes React state updates should be wrapped into act(...):

act(() => {
  /* fire events that update state */
});
/* assert on the output */

This ensures that you're testing the behavior the user would see in the browser. Learn more at
 https://reactjs.org/link/wrap-tests-with-act
    at CyclePromotionModal (C:/Users/ghkdd/gemini-projects/solve-climb/src/components/CyclePro
motionModal.tsx:11:3)

[90mstderr[2m | src/components/__tests__/CyclePromotionModal.test.tsx[2m > [22m[2mCyclePr
omotionModal[2m > [22m[2mshould show error when promotion fails with error
[22m[39mFailed to promote: { message: [32m'RPC error'[39m }

[90mstderr[2m | src/components/__tests__/CyclePromotionModal.test.tsx[2m > [22m[2mCyclePr
omotionModal[2m > [22m[2mshould show error when promotion fails without success
[22m[39mWarning: An update to CyclePromotionModal inside a test was not wrapped in act(...).

When testing, code that causes React state updates should be wrapped into act(...):

act(() => {
  /* fire events that update state */
});
/* assert on the output */

This ensures that you're testing the behavior the user would see in the browser. Learn more at
 https://reactjs.org/link/wrap-tests-with-act
    at CyclePromotionModal (C:/Users/ghkdd/gemini-projects/solve-climb/src/components/CyclePro
motionModal.tsx:11:3)
Warning: An update to CyclePromotionModal inside a test was not wrapped in act(...).

When testing, code that causes React state updates should be wrapped into act(...):

act(() => {
  /* fire events that update state */
});
/* assert on the output */

This ensures that you're testing the behavior the user would see in the browser. Learn more at
 https://reactjs.org/link/wrap-tests-with-act
    at CyclePromotionModal (C:/Users/ghkdd/gemini-projects/solve-climb/src/components/CyclePro
motionModal.tsx:11:3)

[90mstderr[2m | src/components/__tests__/CyclePromotionModal.test.tsx[2m > [22m[2mCyclePr
omotionModal[2m > [22m[2mshould show loading state when promoting
[22m[39mWarning: An update to CyclePromotionModal inside a test was not wrapped in act(...).

When testing, code that causes React state updates should be wrapped into act(...):

act(() => {
  /* fire events that update state */
});
/* assert on the output */

This ensures that you're testing the behavior the user would see in the browser. Learn more at
 https://reactjs.org/link/wrap-tests-with-act
    at CyclePromotionModal (C:/Users/ghkdd/gemini-projects/solve-climb/src/components/CyclePro
motionModal.tsx:11:3)
Warning: An update to CyclePromotionModal inside a test was not wrapped in act(...).

When testing, code that causes React state updates should be wrapped into act(...):

act(() => {
  /* fire events that update state */
});
/* assert on the output */

This ensures that you're testing the behavior the user would see in the browser. Learn more at
 https://reactjs.org/link/wrap-tests-with-act
    at CyclePromotionModal (C:/Users/ghkdd/gemini-projects/solve-climb/src/components/CyclePro
motionModal.tsx:11:3)

[90mstderr[2m | src/components/__tests__/CyclePromotionModal.test.tsx[2m > [22m[2mCyclePr
omotionModal[2m > [22m[2mshould disable buttons when promoting
[22m[39mWarning: An update to CyclePromotionModal inside a test was not wrapped in act(...).

When testing, code that causes React state updates should be wrapped into act(...):

act(() => {
  /* fire events that update state */
});
/* assert on the output */

This ensures that you're testing the behavior the user would see in the browser. Learn more at
 https://reactjs.org/link/wrap-tests-with-act
    at CyclePromotionModal (C:/Users/ghkdd/gemini-projects/solve-climb/src/components/CyclePro
motionModal.tsx:11:3)
Warning: An update to CyclePromotionModal inside a test was not wrapped in act(...).

When testing, code that causes React state updates should be wrapped into act(...):

act(() => {
  /* fire events that update state */
});
/* assert on the output */

This ensures that you're testing the behavior the user would see in the browser. Learn more at
 https://reactjs.org/link/wrap-tests-with-act
    at CyclePromotionModal (C:/Users/ghkdd/gemini-projects/solve-climb/src/components/CyclePro
motionModal.tsx:11:3)

[90mstderr[2m | src/components/__tests__/CyclePromotionModal.test.tsx[2m > [22m[2mCyclePr
omotionModal[2m > [22m[2mshould disable buttons when promoting
[22m[39mWarning: An update to CyclePromotionModal inside a test was not wrapped in act(...).

When testing, code that causes React state updates should be wrapped into act(...):

act(() => {
  /* fire events that update state */
});
/* assert on the output */

This ensures that you're testing the behavior the user would see in the browser. Learn more at
 https://reactjs.org/link/wrap-tests-with-act
    at CyclePromotionModal (C:/Users/ghkdd/gemini-projects/solve-climb/src/components/CyclePro
motionModal.tsx:11:3)

[90mstderr[2m | src/components/__tests__/QuickActionsSection.test.tsx[2m > [22m[2mQuickAc
tionsSection[2m > [22m[2mshould handle stamina increment
[22m[39mFailed to update stamina: TypeError: debugSetStamina is not a function
    at handleStaminaChange (C:/Users/ghkdd/gemini-projects/solve-climb/src/components/debug/Qu
ickActionsSection.tsx:110:13)
    at onClick (C:/Users/ghkdd/gemini-projects/solve-climb/src/components/debug/QuickActionsSe
ction.tsx:365:30)
    at HTMLUnknownElement.callCallback [90m(C:\Users\ghkdd\gemini-projects\solve-climb\[39mn
ode_modules\[4mreact-dom[24m\cjs\react-dom.development.js:4164:14[90m)[39m
    at HTMLUnknownElement.callTheUserObjectsOperation [90m(C:\Users\ghkdd\gemini-projects\sol
ve-climb\[39mnode_modules\[4mjsdom[24m\lib\jsdom\living\generated\EventListener.js:26:30[9
0m)[39m
    at innerInvokeEventListeners [90m(C:\Users\ghkdd\gemini-projects\solve-climb\[39mnode_mo
dules\[4mjsdom[24m\lib\jsdom\living\events\EventTarget-impl.js:360:16[90m)[39m
    at invokeEventListeners [90m(C:\Users\ghkdd\gemini-projects\solve-climb\[39mnode_modules
\[4mjsdom[24m\lib\jsdom\living\events\EventTarget-impl.js:296:3[90m)[39m
    at HTMLUnknownElementImpl._dispatch [90m(C:\Users\ghkdd\gemini-projects\solve-climb\[39m
node_modules\[4mjsdom[24m\lib\jsdom\living\events\EventTarget-impl.js:243:9[90m)[39m
    at HTMLUnknownElementImpl.dispatchEvent [90m(C:\Users\ghkdd\gemini-projects\solve-climb\
[39mnode_modules\[4mjsdom[24m\lib\jsdom\living\events\EventTarget-impl.js:114:17[90m)[39m
    at HTMLUnknownElement.dispatchEvent [90m(C:\Users\ghkdd\gemini-projects\solve-climb\[39m
node_modules\[4mjsdom[24m\lib\jsdom\living\generated\EventTarget.js:241:34[90m)[39m
    at Object.invokeGuardedCallbackDev [90m(C:\Users\ghkdd\gemini-projects\solve-climb\[39mn
ode_modules\[4mreact-dom[24m\cjs\react-dom.development.js:4213:16[90m)[39m

 [32m??[39m src/components/__tests__/CyclePromotionModal.test.tsx [2m([22m[2m7 tests[22m[2m)[22m[32m 285[2mms[22m[39m
[90mstderr[2m | src/components/__tests__/QuickActionsSection.test.tsx[2m > [22m[2mQuickAc
tionsSection[2m > [22m[2mshould handle minerals increment
[22m[39mFailed to update minerals: TypeError: rewardMinerals is not a function
    at handleMineralsChange (C:/Users/ghkdd/gemini-projects/solve-climb/src/components/debug/Q
uickActionsSection.tsx:144:15)
    at onClick (C:/Users/ghkdd/gemini-projects/solve-climb/src/components/debug/QuickActionsSe
ction.tsx:398:30)
    at HTMLUnknownElement.callCallback [90m(C:\Users\ghkdd\gemini-projects\solve-climb\[39mn
ode_modules\[4mreact-dom[24m\cjs\react-dom.development.js:4164:14[90m)[39m
    at HTMLUnknownElement.callTheUserObjectsOperation [90m(C:\Users\ghkdd\gemini-projects\sol
ve-climb\[39mnode_modules\[4mjsdom[24m\lib\jsdom\living\generated\EventListener.js:26:30[9
0m)[39m
    at innerInvokeEventListeners [90m(C:\Users\ghkdd\gemini-projects\solve-climb\[39mnode_mo
dules\[4mjsdom[24m\lib\jsdom\living\events\EventTarget-impl.js:360:16[90m)[39m
    at invokeEventListeners [90m(C:\Users\ghkdd\gemini-projects\solve-climb\[39mnode_modules
\[4mjsdom[24m\lib\jsdom\living\events\EventTarget-impl.js:296:3[90m)[39m
    at HTMLUnknownElementImpl._dispatch [90m(C:\Users\ghkdd\gemini-projects\solve-climb\[39m
node_modules\[4mjsdom[24m\lib\jsdom\living\events\EventTarget-impl.js:243:9[90m)[39m
    at HTMLUnknownElementImpl.dispatchEvent [90m(C:\Users\ghkdd\gemini-projects\solve-climb\
[39mnode_modules\[4mjsdom[24m\lib\jsdom\living\events\EventTarget-impl.js:114:17[90m)[39m
    at HTMLUnknownElement.dispatchEvent [90m(C:\Users\ghkdd\gemini-projects\solve-climb\[39m
node_modules\[4mjsdom[24m\lib\jsdom\living\generated\EventTarget.js:241:34[90m)[39m
    at Object.invokeGuardedCallbackDev [90m(C:\Users\ghkdd\gemini-projects\solve-climb\[39mn
ode_modules\[4mreact-dom[24m\cjs\react-dom.development.js:4213:16[90m)[39m

[90mstderr[2m | src/components/__tests__/QuickActionsSection.test.tsx[2m > [22m[2mQuickAc
tionsSection[2m > [22m[2mshould render preset section
[22m[39m[MSW] Warning: intercepted a request without a matching request handler:

  ??HEAD https://aekcjzxxjczqibxkoakg.supabase.co/rest/v1/profiles?select=*&id=eq.test-user-id

If you still wish to intercept this unhandled request, please create a request handler for it.
Read more: https://mswjs.io/docs/http/intercepting-requests

 [32m??[39m src/components/__tests__/QuickActionsSection.test.tsx [2m([22m[2m9 tests[22m[2m)[22m[32m 240[2mms[22m[39m
 [32m??[39m src/components/__tests__/QwertyKeypad.test.tsx [2m([22m[2m24 tests[22m[2m)[22m[33m 368[2mms[22m[39m
 [32m??[39m src/components/__tests__/KeyboardInfoModal.test.tsx [2m([22m[2m9 tests[22m[2m)[22m[32m 108[2mms[22m[39m
 [32m??[39m src/components/__tests__/DebugPanel.test.tsx [2m([22m[2m9 tests[22m[2m)[22m[32m 124[2mms[22m[39m
[90mstderr[2m | src/hooks/__tests__/useSession.test.ts[2m > [22m[2museSession[2m > [22m
[2mshould initialize with loading state
[22m[39mWarning: An update to TestComponent inside a test was not wrapped in act(...).

When testing, code that causes React state updates should be wrapped into act(...):

act(() => {
  /* fire events that update state */
});
/* assert on the output */

This ensures that you're testing the behavior the user would see in the browser. Learn more at
 https://reactjs.org/link/wrap-tests-with-act
    at TestComponent (C:\Users\ghkdd\gemini-projects\solve-climb\node_modules\@testing-library
\react\dist\pure.js:328:5)

[90mstderr[2m | src/hooks/__tests__/useSession.test.ts[2m > [22m[2museSession[2m > [22m
[2mshould register auth state change listener
[22m[39mWarning: An update to TestComponent inside a test was not wrapped in act(...).

When testing, code that causes React state updates should be wrapped into act(...):

act(() => {
  /* fire events that update state */
});
/* assert on the output */

This ensures that you're testing the behavior the user would see in the browser. Learn more at
 https://reactjs.org/link/wrap-tests-with-act
    at TestComponent (C:\Users\ghkdd\gemini-projects\solve-climb\node_modules\@testing-library
\react\dist\pure.js:328:5)

 [32m??[39m src/hooks/__tests__/useSession.test.ts [2m([22m[2m5 tests[22m[2m)[22m[32m 179[2mms[22m[39m
[90mstdout[2m | src/components/__tests__/ClimbGraphic.test.tsx
[22m[39m[Env] ?? ?덉쟾???섍꼍 蹂??濡쒕뱶 ?꾨즺 (t3-env)
  [2026-01-26T17:03:55.286Z] [Env] 紐⑤뱶: test
  [2026-01-26T17:03:55.286Z] [Env] Supabase URL: ???곌껐??  [2026-01-26T17:03:55.286Z] [Env] Sentry: ???쒖꽦??  [2026-01-26T17:03:55.287Z] [Env] AdMob App ID: ca-app-pub-6410061165772335~9825031776
[Supabase] ?곌껐 ?쒕룄 以?.. URL: https://aekcjzxxjczqibxkoakg.supabase.co
[Supabase] 肄쒕갚 URL: http://localhost:3000/auth/callback

 [32m??[39m src/components/__tests__/BadgeNotification.test.tsx [2m([22m[2m9 tests[22m[2m)[22m[32m 178[2mms[22m[39m
 [32m??[39m src/components/__tests__/LevelListCard.test.tsx [2m([22m[2m8 tests[22m[2m)[22m[32m 194[2mms[22m[39m
 [32m??[39m src/components/__tests__/ClimbGraphic.test.tsx [2m([22m[2m9 tests[22m[2m)[22m[32m 189[2mms[22m[39m
 [32m??[39m src/components/__tests__/ErrorLogSection.test.tsx [2m([22m[2m7 tests[22m[2m)[22m[32m 137[2mms[22m[39m
[90mstderr[2m | src/components/__tests__/MyRecordCard.test.tsx[2m > [22m[2mMyRecordCard[
2m > [22m[2mshould render records after loading
[22m[39mWarning: An update to MyRecordCard inside a test was not wrapped in act(...).

When testing, code that causes React state updates should be wrapped into act(...):

act(() => {
  /* fire events that update state */
});
/* assert on the output */

This ensures that you're testing the behavior the user would see in the browser. Learn more at
 https://reactjs.org/link/wrap-tests-with-act
    at MyRecordCard (C:/Users/ghkdd/gemini-projects/solve-climb/src/components/MyRecordCard.ts
x:10:25)
Warning: An update to MyRecordCard inside a test was not wrapped in act(...).

When testing, code that causes React state updates should be wrapped into act(...):

act(() => {
  /* fire events that update state */
});
/* assert on the output */

This ensures that you're testing the behavior the user would see in the browser. Learn more at
 https://reactjs.org/link/wrap-tests-with-act
    at MyRecordCard (C:/Users/ghkdd/gemini-projects/solve-climb/src/components/MyRecordCard.ts
x:10:25)

[90mstderr[2m | src/components/__tests__/MyRecordCard.test.tsx[2m > [22m[2mMyRecordCard[
2m > [22m[2mshould display "湲곕줉 ?놁쓬" when no records exist
[22m[39mWarning: An update to MyRecordCard inside a test was not wrapped in act(...).

When testing, code that causes React state updates should be wrapped into act(...):

act(() => {
  /* fire events that update state */
});
/* assert on the output */

This ensures that you're testing the behavior the user would see in the browser. Learn more at
 https://reactjs.org/link/wrap-tests-with-act
    at MyRecordCard (C:/Users/ghkdd/gemini-projects/solve-climb/src/components/MyRecordCard.ts
x:10:25)
Warning: An update to MyRecordCard inside a test was not wrapped in act(...).

When testing, code that causes React state updates should be wrapped into act(...):

act(() => {
  /* fire events that update state */
});
/* assert on the output */

This ensures that you're testing the behavior the user would see in the browser. Learn more at
 https://reactjs.org/link/wrap-tests-with-act
    at MyRecordCard (C:/Users/ghkdd/gemini-projects/solve-climb/src/components/MyRecordCard.ts
x:10:25)

[90mstderr[2m | src/components/__tests__/MyRecordCard.test.tsx[2m > [22m[2mMyRecordCard[
2m > [22m[2mshould display only time-attack record when survival is null
[22m[39mWarning: An update to MyRecordCard inside a test was not wrapped in act(...).

When testing, code that causes React state updates should be wrapped into act(...):

act(() => {
  /* fire events that update state */
});
/* assert on the output */

This ensures that you're testing the behavior the user would see in the browser. Learn more at
 https://reactjs.org/link/wrap-tests-with-act
    at MyRecordCard (C:/Users/ghkdd/gemini-projects/solve-climb/src/components/MyRecordCard.ts
x:10:25)
Warning: An update to MyRecordCard inside a test was not wrapped in act(...).

When testing, code that causes React state updates should be wrapped into act(...):

act(() => {
  /* fire events that update state */
});
/* assert on the output */

This ensures that you're testing the behavior the user would see in the browser. Learn more at
 https://reactjs.org/link/wrap-tests-with-act
    at MyRecordCard (C:/Users/ghkdd/gemini-projects/solve-climb/src/components/MyRecordCard.ts
x:10:25)

[90mstderr[2m | src/components/__tests__/MyRecordCard.test.tsx[2m > [22m[2mMyRecordCard[
2m > [22m[2mshould display only survival record when time-attack is null
[22m[39mWarning: An update to MyRecordCard inside a test was not wrapped in act(...).

When testing, code that causes React state updates should be wrapped into act(...):

act(() => {
  /* fire events that update state */
});
/* assert on the output */

This ensures that you're testing the behavior the user would see in the browser. Learn more at
 https://reactjs.org/link/wrap-tests-with-act
    at MyRecordCard (C:/Users/ghkdd/gemini-projects/solve-climb/src/components/MyRecordCard.ts
x:10:25)
Warning: An update to MyRecordCard inside a test was not wrapped in act(...).

When testing, code that causes React state updates should be wrapped into act(...):

act(() => {
  /* fire events that update state */
});
/* assert on the output */

This ensures that you're testing the behavior the user would see in the browser. Learn more at
 https://reactjs.org/link/wrap-tests-with-act
    at MyRecordCard (C:/Users/ghkdd/gemini-projects/solve-climb/src/components/MyRecordCard.ts
x:10:25)

[90mstderr[2m | src/components/__tests__/MyRecordCard.test.tsx[2m > [22m[2mMyRecordCard[
2m > [22m[2mshould format numbers with locale string
[22m[39mWarning: An update to MyRecordCard inside a test was not wrapped in act(...).

When testing, code that causes React state updates should be wrapped into act(...):

act(() => {
  /* fire events that update state */
});
/* assert on the output */

This ensures that you're testing the behavior the user would see in the browser. Learn more at
 https://reactjs.org/link/wrap-tests-with-act
    at MyRecordCard (C:/Users/ghkdd/gemini-projects/solve-climb/src/components/MyRecordCard.ts
x:10:25)
Warning: An update to MyRecordCard inside a test was not wrapped in act(...).

When testing, code that causes React state updates should be wrapped into act(...):

act(() => {
  /* fire events that update state */
});
/* assert on the output */

This ensures that you're testing the behavior the user would see in the browser. Learn more at
 https://reactjs.org/link/wrap-tests-with-act
    at MyRecordCard (C:/Users/ghkdd/gemini-projects/solve-climb/src/components/MyRecordCard.ts
x:10:25)

 [32m??[39m src/components/__tests__/MyRecordCard.test.tsx [2m([22m[2m6 tests[22m[2m)[22m[32m 155[2mms[22m[39m
 [32m??[39m src/components/__tests__/TierUpgradeModal.test.tsx [2m([22m[2m11 tests[22m[2m)[22m[32m 141[2mms[22m[39m
 [32m??[39m src/components/__tests__/GameOverlay.test.tsx [2m([22m[2m7 tests[22m[2m)[22m[32m 171[2mms[22m[39m
 [32m??[39m src/components/__tests__/TierSystemSection.test.tsx [2m([22m[2m6 tests[22m[2m)[22m[32m 130[2mms[22m[39m
[90mstderr[2m | src/components/__tests__/ChallengeCard.test.tsx[2m > [22m[2mChallengeCard
[2m > [22m[2mshould render error state when challenge fails to load
[22m[39mFailed to load today challenge: Error: Failed to load
    at C:/Users/ghkdd/gemini-projects/solve-climb/src/components/__tests__/ChallengeCard.test.
tsx:82:52
    at [90mfile:///C:/Users/ghkdd/gemini-projects/solve-climb/[39mnode_modules/[4m@vitest[
24m/runner/dist/index.js:145:11
    at [90mfile:///C:/Users/ghkdd/gemini-projects/solve-climb/[39mnode_modules/[4m@vitest[
24m/runner/dist/index.js:915:26
    at [90mfile:///C:/Users/ghkdd/gemini-projects/solve-climb/[39mnode_modules/[4m@vitest[
24m/runner/dist/index.js:1243:20
    at new Promise (<anonymous>)
    at runWithTimeout [90m(file:///C:/Users/ghkdd/gemini-projects/solve-climb/[39mnode_modul
es/[4m@vitest[24m/runner/dist/index.js:1209:10[90m)[39m
    at [90mfile:///C:/Users/ghkdd/gemini-projects/solve-climb/[39mnode_modules/[4m@vitest[
24m/runner/dist/index.js:1653:37
    at Traces.$ [90m(file:///C:/Users/ghkdd/gemini-projects/solve-climb/[39mnode_modules/[4
mvitest[24m/dist/chunks/traces.U4xDYhzZ.js:115:27[90m)[39m
    at trace [90m(file:///C:/Users/ghkdd/gemini-projects/solve-climb/[39mnode_modules/[4mvi
test[24m/dist/chunks/test.B8ej_ZHS.js:239:21[90m)[39m
    at runTest [90m(file:///C:/Users/ghkdd/gemini-projects/solve-climb/[39mnode_modules/[4m
@vitest[24m/runner/dist/index.js:1653:12[90m)[39m

[90mstderr[2m | src/components/__tests__/ChallengeCard.test.tsx[2m > [22m[2mChallengeCard
[2m > [22m[2mshould disable button when challenge is not loaded
[22m[39mFailed to load today challenge: Error: Failed to load
    at C:/Users/ghkdd/gemini-projects/solve-climb/src/components/__tests__/ChallengeCard.test.
tsx:127:52
    at [90mfile:///C:/Users/ghkdd/gemini-projects/solve-climb/[39mnode_modules/[4m@vitest[
24m/runner/dist/index.js:145:11
    at [90mfile:///C:/Users/ghkdd/gemini-projects/solve-climb/[39mnode_modules/[4m@vitest[
24m/runner/dist/index.js:915:26
    at [90mfile:///C:/Users/ghkdd/gemini-projects/solve-climb/[39mnode_modules/[4m@vitest[
24m/runner/dist/index.js:1243:20
    at new Promise (<anonymous>)
    at runWithTimeout [90m(file:///C:/Users/ghkdd/gemini-projects/solve-climb/[39mnode_modul
es/[4m@vitest[24m/runner/dist/index.js:1209:10[90m)[39m
    at [90mfile:///C:/Users/ghkdd/gemini-projects/solve-climb/[39mnode_modules/[4m@vitest[
24m/runner/dist/index.js:1653:37
    at Traces.$ [90m(file:///C:/Users/ghkdd/gemini-projects/solve-climb/[39mnode_modules/[4
mvitest[24m/dist/chunks/traces.U4xDYhzZ.js:115:27[90m)[39m
    at trace [90m(file:///C:/Users/ghkdd/gemini-projects/solve-climb/[39mnode_modules/[4mvi
test[24m/dist/chunks/test.B8ej_ZHS.js:239:21[90m)[39m
    at runTest [90m(file:///C:/Users/ghkdd/gemini-projects/solve-climb/[39mnode_modules/[4m
@vitest[24m/runner/dist/index.js:1653:12[90m)[39m

 [32m??[39m src/components/__tests__/ChallengeCard.test.tsx [2m([22m[2m9 tests[22m[2m)[22m[32m 168[2mms[22m[39m
 [32m??[39m src/components/__tests__/CustomKeypad.test.tsx [2m([22m[2m13 tests[22m[2m)[22m[32m 132[2mms[22m[39m
[90mstdout[2m | src/pages/__tests__/RankingPage.test.tsx
[22m[39m[Env] ?? ?덉쟾???섍꼍 蹂??濡쒕뱶 ?꾨즺 (t3-env)
  [2026-01-26T17:04:01.224Z] [Env] 紐⑤뱶: test
  [2026-01-26T17:04:01.224Z] [Env] Supabase URL: ???곌껐??  [2026-01-26T17:04:01.224Z] [Env] Sentry: ???쒖꽦??  [2026-01-26T17:04:01.224Z] [Env] AdMob App ID: ca-app-pub-6410061165772335~9825031776
[Supabase] ?곌껐 ?쒕룄 以?.. URL: https://aekcjzxxjczqibxkoakg.supabase.co
[Supabase] 肄쒕갚 URL: http://localhost:3000/auth/callback

 [32m??[39m src/components/__tests__/CustomPresetModal.test.tsx [2m([22m[2m5 tests[22m[2m)[22m[32m 76[2mms[22m[39m
 [32m??[39m src/components/__tests__/ErrorFallback.test.tsx [2m([22m[2m9 tests[22m[2m)[22m[32m 136[2mms[22m[39m
[90mstdout[2m | src/pages/__tests__/RankingPage.test.tsx[2m > [22m[2mRankingPage[2m > [22m[2mshould render without crashing
[22m[39m[RankingPage] Active Params: { activePeriod: [32m'weekly'[39m, activeType: [32m'total'[39m }
[RankingPage] Current User ID: [1mnull[22m
[RankingPage] Current Rankings Count: [33m0[39m

 [32m??[39m src/pages/__tests__/RankingPage.test.tsx [2m([22m[2m1 test[22m[2m)[22m[32m 93[2mms[22m[39m
 [32m??[39m src/components/__tests__/PreGameLobby.test.tsx [2m([22m[2m9 tests[22m[2m)[22m[32m 146[2mms[22m[39m
 [32m??[39m src/components/__tests__/BackpackBottomSheet.test.tsx [2m([22m[2m10 tests[22m[2m)[22m[32m 98[2mms[22m[39m
 [32m??[39m src/components/__tests__/FooterNav.test.tsx [2m([22m[2m12 tests[22m[2m)[22m[32m 115[2mms[22m[39m
 [32m??[39m src/stores/__tests__/useGameStore.test.ts [2m([22m[2m20 tests[22m[2m)[22m[32m 70[2mms[22m[39m
[90mstdout[2m | src/pages/__tests__/HomePage.test.tsx
[22m[39m[Env] ?? ?덉쟾???섍꼍 蹂??濡쒕뱶 ?꾨즺 (t3-env)
  [2026-01-26T17:04:04.689Z] [Env] 紐⑤뱶: test
  [2026-01-26T17:04:04.690Z] [Env] Supabase URL: ???곌껐??  [2026-01-26T17:04:04.690Z] [Env] Sentry: ???쒖꽦??  [2026-01-26T17:04:04.690Z] [Env] AdMob App ID: ca-app-pub-6410061165772335~9825031776
[Supabase] ?곌껐 ?쒕룄 以?.. URL: https://aekcjzxxjczqibxkoakg.supabase.co
[Supabase] 肄쒕갚 URL: http://localhost:3000/auth/callback

 [32m??[39m src/components/__tests__/CategoryList.test.tsx [2m([22m[2m4 tests[22m[2m)[22m[32m 82[2mms[22m[39m
[90mstderr[2m | src/pages/__tests__/HomePage.test.tsx[2m > [22m[2mHomePage[2m > [22m[2
mshould render homepage components
[22m[39mWarning: An update to ChallengeCard inside a test was not wrapped in act(...).

When testing, code that causes React state updates should be wrapped into act(...):

act(() => {
  /* fire events that update state */
});
/* assert on the output */

This ensures that you're testing the behavior the user would see in the browser. Learn more at
 https://reactjs.org/link/wrap-tests-with-act
    at ChallengeCard (C:/Users/ghkdd/gemini-projects/solve-climb/src/components/ChallengeCard.
tsx:18:66)
    at div
    at main
    at div
    at HomePage (C:/Users/ghkdd/gemini-projects/solve-climb/src/pages/HomePage.tsx:32:79)
    at Router (file:///C:/Users/ghkdd/gemini-projects/solve-climb/node_modules/react-router/di
st/development/chunk-EPOLDU6W.mjs:6605:13)
    at BrowserRouter (file:///C:/Users/ghkdd/gemini-projects/solve-climb/node_modules/react-ro
uter/dist/development/chunk-EPOLDU6W.mjs:9815:3)
Warning: An update to ChallengeCard inside a test was not wrapped in act(...).

When testing, code that causes React state updates should be wrapped into act(...):

act(() => {
  /* fire events that update state */
});
/* assert on the output */

This ensures that you're testing the behavior the user would see in the browser. Learn more at
 https://reactjs.org/link/wrap-tests-with-act
    at ChallengeCard (C:/Users/ghkdd/gemini-projects/solve-climb/src/components/ChallengeCard.
tsx:18:66)
    at div
    at main
    at div
    at HomePage (C:/Users/ghkdd/gemini-projects/solve-climb/src/pages/HomePage.tsx:32:79)
    at Router (file:///C:/Users/ghkdd/gemini-projects/solve-climb/node_modules/react-router/di
st/development/chunk-EPOLDU6W.mjs:6605:13)
    at BrowserRouter (file:///C:/Users/ghkdd/gemini-projects/solve-climb/node_modules/react-ro
uter/dist/development/chunk-EPOLDU6W.mjs:9815:3)

 [32m??[39m src/pages/__tests__/HomePage.test.tsx [2m([22m[2m1 test[22m[2m)[22m[32m 101[2mms[22m[39m
 [32m??[39m src/components/__tests__/LastChanceModal.test.tsx [2m([22m[2m11 tests[22m[2m)[22m[32m 123[2mms[22m[39m
[90mstdout[2m | src/pages/__tests__/MyPage.test.tsx
[22m[39m[Env] ?? ?덉쟾???섍꼍 蹂??濡쒕뱶 ?꾨즺 (t3-env)
  [2026-01-26T17:04:07.209Z] [Env] 紐⑤뱶: test
  [2026-01-26T17:04:07.209Z] [Env] Supabase URL: ???곌껐??  [2026-01-26T17:04:07.209Z] [Env] Sentry: ???쒖꽦??  [2026-01-26T17:04:07.209Z] [Env] AdMob App ID: ca-app-pub-6410061165772335~9825031776
[Supabase] ?곌껐 ?쒕룄 以?.. URL: https://aekcjzxxjczqibxkoakg.supabase.co
[Supabase] 肄쒕갚 URL: http://localhost:3000/auth/callback

[90mstdout[2m | src/pages/__tests__/NotificationPage.test.tsx
[22m[39m[Env] ?? ?덉쟾???섍꼍 蹂??濡쒕뱶 ?꾨즺 (t3-env)
  [2026-01-26T17:04:07.320Z] [Env] 紐⑤뱶: test
  [2026-01-26T17:04:07.321Z] [Env] Supabase URL: ???곌껐??  [2026-01-26T17:04:07.321Z] [Env] Sentry: ???쒖꽦??  [2026-01-26T17:04:07.321Z] [Env] AdMob App ID: ca-app-pub-6410061165772335~9825031776
[Supabase] ?곌껐 ?쒕룄 以?.. URL: https://aekcjzxxjczqibxkoakg.supabase.co
[Supabase] 肄쒕갚 URL: http://localhost:3000/auth/callback

 [32m??[39m src/pages/__tests__/NotificationPage.test.tsx [2m([22m[2m1 test[22m[2m)[22m[32m 80[2mms[22m[39m
 [32m??[39m src/components/__tests__/GameTipModal.test.tsx [2m([22m[2m8 tests[22m[2m)[22m[32m 114[2mms[22m[39m
[90mstderr[2m | src/pages/__tests__/MyPage.test.tsx[2m > [22m[2mMyPage[2m > [22m[2msho
uld render without crashing
[22m[39mWarning: An update to MyPage inside a test was not wrapped in act(...).

When testing, code that causes React state updates should be wrapped into act(...):

act(() => {
  /* fire events that update state */
});
/* assert on the output */

This ensures that you're testing the behavior the user would see in the browser. Learn more at
 https://reactjs.org/link/wrap-tests-with-act
    at MyPage (C:/Users/ghkdd/gemini-projects/solve-climb/src/pages/MyPage.tsx:97:71)
    at Router (file:///C:/Users/ghkdd/gemini-projects/solve-climb/node_modules/react-router/di
st/development/chunk-EPOLDU6W.mjs:6605:13)
    at BrowserRouter (file:///C:/Users/ghkdd/gemini-projects/solve-climb/node_modules/react-ro
uter/dist/development/chunk-EPOLDU6W.mjs:9815:3)

 [32m??[39m src/components/__tests__/DataResetConfirmModal.test.tsx [2m([22m[2m9 tests[22m[2m)[22m[32m 86[2mms[22m[39m
 [32m??[39m src/pages/__tests__/MyPage.test.tsx [2m([22m[2m1 test[22m[2m)[22m[32m 95[2mms[22m[39m
 [32m??[39m src/components/__tests__/UnknownMountainCard.test.tsx [2m([22m[2m11 tests[22m[2m)[22m[32m 136[2mms[22m[39m
[90mstderr[2m | src/components/__tests__/ItemSystemSection.test.tsx[2m > [22m[2mItemSyste
mSection[2m > [22m[2mshould display loading state initially
[22m[39mWarning: An update to ItemSystemSection inside a test was not wrapped in act(...).

When testing, code that causes React state updates should be wrapped into act(...):

act(() => {
  /* fire events that update state */
});
/* assert on the output */

This ensures that you're testing the behavior the user would see in the browser. Learn more at
 https://reactjs.org/link/wrap-tests-with-act
    at ItemSystemSection (C:/Users/ghkdd/gemini-projects/solve-climb/src/components/debug/Item
SystemSection.tsx:14:83)
Warning: An update to ItemSystemSection inside a test was not wrapped in act(...).

When testing, code that causes React state updates should be wrapped into act(...):

act(() => {
  /* fire events that update state */
});
/* assert on the output */

This ensures that you're testing the behavior the user would see in the browser. Learn more at
 https://reactjs.org/link/wrap-tests-with-act
    at ItemSystemSection (C:/Users/ghkdd/gemini-projects/solve-climb/src/components/debug/Item
SystemSection.tsx:14:83)

 [32m??[39m src/components/__tests__/ItemSystemSection.test.tsx [2m([22m[2m4 tests[22m[2m)[22m[32m 102[2mms[22m[39m
 [32m??[39m src/components/__tests__/ModeSelectModal.test.tsx [2m([22m[2m9 tests[22m[2m)[22m[32m 103[2mms[22m[39m
 [32m??[39m src/components/__tests__/ItemFeedbackOverlay.test.tsx [2m([22m[2m6 tests[22m[2m)[22m[32m 63[2mms[22m[39m
 [32m??[39m src/components/__tests__/BadgeSystemSection.test.tsx [2m([22m[2m3 tests[22m[2m)[22m[32m 114[2mms[22m[39m
 [32m??[39m src/components/__tests__/AlertModal.test.tsx [2m([22m[2m10 tests[22m[2m)[22m[32m 79[2mms[22m[39m
 [32m??[39m src/hooks/__tests__/useQuizInput.test.ts [2m([22m[2m36 tests[22m[2m)[22m[32m 70[2mms[22m[39m
[90mstdout[2m | src/pages/__tests__/ShopPage.test.tsx
[22m[39m[Env] ?? ?덉쟾???섍꼍 蹂??濡쒕뱶 ?꾨즺 (t3-env)
  [2026-01-26T17:04:13.525Z] [Env] 紐⑤뱶: test
  [2026-01-26T17:04:13.529Z] [Env] Supabase URL: ???곌껐??  [2026-01-26T17:04:13.529Z] [Env] Sentry: ???쒖꽦??  [2026-01-26T17:04:13.529Z] [Env] AdMob App ID: ca-app-pub-6410061165772335~9825031776
[Supabase] ?곌껐 ?쒕룄 以?.. URL: https://aekcjzxxjczqibxkoakg.supabase.co
[Supabase] 肄쒕갚 URL: http://localhost:3000/auth/callback

Error: Test error
    at ThrowError (C:/Users/ghkdd/gemini-projects/solve-climb/src/components/__tests__/ErrorBo
undary.test.tsx:35:11)
    at renderWithHooks (C:\Users\ghkdd\gemini-projects\solve-climb\node_modules\react-dom\cjs\
react-dom.development.js:15486:18)
    at mountIndeterminateComponent (C:\Users\ghkdd\gemini-projects\solve-climb\node_modules\re
act-dom\cjs\react-dom.development.js:20103:13)
    at beginWork (C:\Users\ghkdd\gemini-projects\solve-climb\node_modules\react-dom\cjs\react-
dom.development.js:21626:16)
    at HTMLUnknownElement.callCallback (C:\Users\ghkdd\gemini-projects\solve-climb\node_module
s\react-dom\cjs\react-dom.development.js:4164:14)
    at HTMLUnknownElement.callTheUserObjectsOperation (C:\Users\ghkdd\gemini-projects\solve-cl
imb\node_modules\jsdom\lib\jsdom\living\generated\EventListener.js:26:30)
    at innerInvokeEventListeners (C:\Users\ghkdd\gemini-projects\solve-climb\node_modules\jsdo
m\lib\jsdom\living\events\EventTarget-impl.js:360:16)
    at invokeEventListeners (C:\Users\ghkdd\gemini-projects\solve-climb\node_modules\jsdom\lib
\jsdom\living\events\EventTarget-impl.js:296:3)
    at HTMLUnknownElementImpl._dispatch (C:\Users\ghkdd\gemini-projects\solve-climb\node_modul
es\jsdom\lib\jsdom\living\events\EventTarget-impl.js:243:9)
    at HTMLUnknownElementImpl.dispatchEvent (C:\Users\ghkdd\gemini-projects\solve-climb\node_m
odules\jsdom\lib\jsdom\living\events\EventTarget-impl.js:114:17)
Error: Test error
    at ThrowError (C:/Users/ghkdd/gemini-projects/solve-climb/src/components/__tests__/ErrorBo
undary.test.tsx:35:11)
    at renderWithHooks (C:\Users\ghkdd\gemini-projects\solve-climb\node_modules\react-dom\cjs\
react-dom.development.js:15486:18)
    at mountIndeterminateComponent (C:\Users\ghkdd\gemini-projects\solve-climb\node_modules\re
act-dom\cjs\react-dom.development.js:20103:13)
    at beginWork (C:\Users\ghkdd\gemini-projects\solve-climb\node_modules\react-dom\cjs\react-
dom.development.js:21626:16)
    at HTMLUnknownElement.callCallback (C:\Users\ghkdd\gemini-projects\solve-climb\node_module
s\react-dom\cjs\react-dom.development.js:4164:14)
    at HTMLUnknownElement.callTheUserObjectsOperation (C:\Users\ghkdd\gemini-projects\solve-cl
imb\node_modules\jsdom\lib\jsdom\living\generated\EventListener.js:26:30)
    at innerInvokeEventListeners (C:\Users\ghkdd\gemini-projects\solve-climb\node_modules\jsdo
m\lib\jsdom\living\events\EventTarget-impl.js:360:16)
    at invokeEventListeners (C:\Users\ghkdd\gemini-projects\solve-climb\node_modules\jsdom\lib
\jsdom\living\events\EventTarget-impl.js:296:3)
    at HTMLUnknownElementImpl._dispatch (C:\Users\ghkdd\gemini-projects\solve-climb\node_modul
es\jsdom\lib\jsdom\living\events\EventTarget-impl.js:243:9)
    at HTMLUnknownElementImpl.dispatchEvent (C:\Users\ghkdd\gemini-projects\solve-climb\node_m
odules\jsdom\lib\jsdom\living\events\EventTarget-impl.js:114:17)
Error: Test error
    at ThrowError (C:/Users/ghkdd/gemini-projects/solve-climb/src/components/__tests__/ErrorBo
undary.test.tsx:35:11)
    at renderWithHooks (C:\Users\ghkdd\gemini-projects\solve-climb\node_modules\react-dom\cjs\
react-dom.development.js:15486:18)
    at mountIndeterminateComponent (C:\Users\ghkdd\gemini-projects\solve-climb\node_modules\re
act-dom\cjs\react-dom.development.js:20103:13)
    at beginWork (C:\Users\ghkdd\gemini-projects\solve-climb\node_modules\react-dom\cjs\react-
dom.development.js:21626:16)
    at HTMLUnknownElement.callCallback (C:\Users\ghkdd\gemini-projects\solve-climb\node_module
s\react-dom\cjs\react-dom.development.js:4164:14)
    at HTMLUnknownElement.callTheUserObjectsOperation (C:\Users\ghkdd\gemini-projects\solve-cl
imb\node_modules\jsdom\lib\jsdom\living\generated\EventListener.js:26:30)
    at innerInvokeEventListeners (C:\Users\ghkdd\gemini-projects\solve-climb\node_modules\jsdo
m\lib\jsdom\living\events\EventTarget-impl.js:360:16)
    at invokeEventListeners (C:\Users\ghkdd\gemini-projects\solve-climb\node_modules\jsdom\lib
\jsdom\living\events\EventTarget-impl.js:296:3)
    at HTMLUnknownElementImpl._dispatch (C:\Users\ghkdd\gemini-projects\solve-climb\node_modul
es\jsdom\lib\jsdom\living\events\EventTarget-impl.js:243:9)
    at HTMLUnknownElementImpl.dispatchEvent (C:\Users\ghkdd\gemini-projects\solve-climb\node_m
odules\jsdom\lib\jsdom\living\events\EventTarget-impl.js:114:17)
Error: Test error
    at ThrowError (C:/Users/ghkdd/gemini-projects/solve-climb/src/components/__tests__/ErrorBo
undary.test.tsx:35:11)
    at renderWithHooks (C:\Users\ghkdd\gemini-projects\solve-climb\node_modules\react-dom\cjs\
react-dom.development.js:15486:18)
    at mountIndeterminateComponent (C:\Users\ghkdd\gemini-projects\solve-climb\node_modules\re
act-dom\cjs\react-dom.development.js:20103:13)
    at beginWork (C:\Users\ghkdd\gemini-projects\solve-climb\node_modules\react-dom\cjs\react-
dom.development.js:21626:16)
    at HTMLUnknownElement.callCallback (C:\Users\ghkdd\gemini-projects\solve-climb\node_module
s\react-dom\cjs\react-dom.development.js:4164:14)
    at HTMLUnknownElement.callTheUserObjectsOperation (C:\Users\ghkdd\gemini-projects\solve-cl
imb\node_modules\jsdom\lib\jsdom\living\generated\EventListener.js:26:30)
    at innerInvokeEventListeners (C:\Users\ghkdd\gemini-projects\solve-climb\node_modules\jsdo
m\lib\jsdom\living\events\EventTarget-impl.js:360:16)
    at invokeEventListeners (C:\Users\ghkdd\gemini-projects\solve-climb\node_modules\jsdom\lib
\jsdom\living\events\EventTarget-impl.js:296:3)
    at HTMLUnknownElementImpl._dispatch (C:\Users\ghkdd\gemini-projects\solve-climb\node_modul
es\jsdom\lib\jsdom\living\events\EventTarget-impl.js:243:9)
    at HTMLUnknownElementImpl.dispatchEvent (C:\Users\ghkdd\gemini-projects\solve-climb\node_m
odules\jsdom\lib\jsdom\living\events\EventTarget-impl.js:114:17)
Error: Test error
    at ThrowError (C:/Users/ghkdd/gemini-projects/solve-climb/src/components/__tests__/ErrorBo
undary.test.tsx:35:11)
    at renderWithHooks (C:\Users\ghkdd\gemini-projects\solve-climb\node_modules\react-dom\cjs\
react-dom.development.js:15486:18)
    at mountIndeterminateComponent (C:\Users\ghkdd\gemini-projects\solve-climb\node_modules\re
act-dom\cjs\react-dom.development.js:20103:13)
    at beginWork (C:\Users\ghkdd\gemini-projects\solve-climb\node_modules\react-dom\cjs\react-
dom.development.js:21626:16)
    at HTMLUnknownElement.callCallback (C:\Users\ghkdd\gemini-projects\solve-climb\node_module
s\react-dom\cjs\react-dom.development.js:4164:14)
    at HTMLUnknownElement.callTheUserObjectsOperation (C:\Users\ghkdd\gemini-projects\solve-cl
imb\node_modules\jsdom\lib\jsdom\living\generated\EventListener.js:26:30)
    at innerInvokeEventListeners (C:\Users\ghkdd\gemini-projects\solve-climb\node_modules\jsdo
m\lib\jsdom\living\events\EventTarget-impl.js:360:16)
    at invokeEventListeners (C:\Users\ghkdd\gemini-projects\solve-climb\node_modules\jsdom\lib
\jsdom\living\events\EventTarget-impl.js:296:3)
    at HTMLUnknownElementImpl._dispatch (C:\Users\ghkdd\gemini-projects\solve-climb\node_modul
es\jsdom\lib\jsdom\living\events\EventTarget-impl.js:243:9)
    at HTMLUnknownElementImpl.dispatchEvent (C:\Users\ghkdd\gemini-projects\solve-climb\node_m
odules\jsdom\lib\jsdom\living\events\EventTarget-impl.js:114:17)
Error: Test error
    at ThrowError (C:/Users/ghkdd/gemini-projects/solve-climb/src/components/__tests__/ErrorBo
undary.test.tsx:35:11)
    at renderWithHooks (C:\Users\ghkdd\gemini-projects\solve-climb\node_modules\react-dom\cjs\
react-dom.development.js:15486:18)
    at mountIndeterminateComponent (C:\Users\ghkdd\gemini-projects\solve-climb\node_modules\re
act-dom\cjs\react-dom.development.js:20103:13)
    at beginWork (C:\Users\ghkdd\gemini-projects\solve-climb\node_modules\react-dom\cjs\react-
dom.development.js:21626:16)
    at HTMLUnknownElement.callCallback (C:\Users\ghkdd\gemini-projects\solve-climb\node_module
s\react-dom\cjs\react-dom.development.js:4164:14)
    at HTMLUnknownElement.callTheUserObjectsOperation (C:\Users\ghkdd\gemini-projects\solve-cl
imb\node_modules\jsdom\lib\jsdom\living\generated\EventListener.js:26:30)
    at innerInvokeEventListeners (C:\Users\ghkdd\gemini-projects\solve-climb\node_modules\jsdo
m\lib\jsdom\living\events\EventTarget-impl.js:360:16)
    at invokeEventListeners (C:\Users\ghkdd\gemini-projects\solve-climb\node_modules\jsdom\lib
\jsdom\living\events\EventTarget-impl.js:296:3)
    at HTMLUnknownElementImpl._dispatch (C:\Users\ghkdd\gemini-projects\solve-climb\node_modul
es\jsdom\lib\jsdom\living\events\EventTarget-impl.js:243:9)
    at HTMLUnknownElementImpl.dispatchEvent (C:\Users\ghkdd\gemini-projects\solve-climb\node_m
odules\jsdom\lib\jsdom\living\events\EventTarget-impl.js:114:17)
Error: Test error
    at ThrowError (C:/Users/ghkdd/gemini-projects/solve-climb/src/components/__tests__/ErrorBo
undary.test.tsx:35:11)
    at renderWithHooks (C:\Users\ghkdd\gemini-projects\solve-climb\node_modules\react-dom\cjs\
react-dom.development.js:15486:18)
    at mountIndeterminateComponent (C:\Users\ghkdd\gemini-projects\solve-climb\node_modules\re
act-dom\cjs\react-dom.development.js:20103:13)
    at beginWork (C:\Users\ghkdd\gemini-projects\solve-climb\node_modules\react-dom\cjs\react-
dom.development.js:21626:16)
    at HTMLUnknownElement.callCallback (C:\Users\ghkdd\gemini-projects\solve-climb\node_module
s\react-dom\cjs\react-dom.development.js:4164:14)
    at HTMLUnknownElement.callTheUserObjectsOperation (C:\Users\ghkdd\gemini-projects\solve-cl
imb\node_modules\jsdom\lib\jsdom\living\generated\EventListener.js:26:30)
    at innerInvokeEventListeners (C:\Users\ghkdd\gemini-projects\solve-climb\node_modules\jsdo
m\lib\jsdom\living\events\EventTarget-impl.js:360:16)
    at invokeEventListeners (C:\Users\ghkdd\gemini-projects\solve-climb\node_modules\jsdom\lib
\jsdom\living\events\EventTarget-impl.js:296:3)
    at HTMLUnknownElementImpl._dispatch (C:\Users\ghkdd\gemini-projects\solve-climb\node_modul
es\jsdom\lib\jsdom\living\events\EventTarget-impl.js:243:9)
    at HTMLUnknownElementImpl.dispatchEvent (C:\Users\ghkdd\gemini-projects\solve-climb\node_m
odules\jsdom\lib\jsdom\living\events\EventTarget-impl.js:114:17)
Error: Test error
    at ThrowError (C:/Users/ghkdd/gemini-projects/solve-climb/src/components/__tests__/ErrorBo
undary.test.tsx:35:11)
    at renderWithHooks (C:\Users\ghkdd\gemini-projects\solve-climb\node_modules\react-dom\cjs\
react-dom.development.js:15486:18)
    at mountIndeterminateComponent (C:\Users\ghkdd\gemini-projects\solve-climb\node_modules\re
act-dom\cjs\react-dom.development.js:20103:13)
    at beginWork (C:\Users\ghkdd\gemini-projects\solve-climb\node_modules\react-dom\cjs\react-
dom.development.js:21626:16)
    at HTMLUnknownElement.callCallback (C:\Users\ghkdd\gemini-projects\solve-climb\node_module
s\react-dom\cjs\react-dom.development.js:4164:14)
    at HTMLUnknownElement.callTheUserObjectsOperation (C:\Users\ghkdd\gemini-projects\solve-cl
imb\node_modules\jsdom\lib\jsdom\living\generated\EventListener.js:26:30)
    at innerInvokeEventListeners (C:\Users\ghkdd\gemini-projects\solve-climb\node_modules\jsdo
m\lib\jsdom\living\events\EventTarget-impl.js:360:16)
    at invokeEventListeners (C:\Users\ghkdd\gemini-projects\solve-climb\node_modules\jsdom\lib
\jsdom\living\events\EventTarget-impl.js:296:3)
    at HTMLUnknownElementImpl._dispatch (C:\Users\ghkdd\gemini-projects\solve-climb\node_modul
es\jsdom\lib\jsdom\living\events\EventTarget-impl.js:243:9)
    at HTMLUnknownElementImpl.dispatchEvent (C:\Users\ghkdd\gemini-projects\solve-climb\node_m
odules\jsdom\lib\jsdom\living\events\EventTarget-impl.js:114:17)
Error: Test error
    at ThrowError (C:/Users/ghkdd/gemini-projects/solve-climb/src/components/__tests__/ErrorBo
undary.test.tsx:35:11)
    at renderWithHooks (C:\Users\ghkdd\gemini-projects\solve-climb\node_modules\react-dom\cjs\
react-dom.development.js:15486:18)
    at mountIndeterminateComponent (C:\Users\ghkdd\gemini-projects\solve-climb\node_modules\re
act-dom\cjs\react-dom.development.js:20103:13)
    at beginWork (C:\Users\ghkdd\gemini-projects\solve-climb\node_modules\react-dom\cjs\react-
dom.development.js:21626:16)
    at HTMLUnknownElement.callCallback (C:\Users\ghkdd\gemini-projects\solve-climb\node_module
s\react-dom\cjs\react-dom.development.js:4164:14)
    at HTMLUnknownElement.callTheUserObjectsOperation (C:\Users\ghkdd\gemini-projects\solve-cl
imb\node_modules\jsdom\lib\jsdom\living\generated\EventListener.js:26:30)
    at innerInvokeEventListeners (C:\Users\ghkdd\gemini-projects\solve-climb\node_modules\jsdo
m\lib\jsdom\living\events\EventTarget-impl.js:360:16)
    at invokeEventListeners (C:\Users\ghkdd\gemini-projects\solve-climb\node_modules\jsdom\lib
\jsdom\living\events\EventTarget-impl.js:296:3)
    at HTMLUnknownElementImpl._dispatch (C:\Users\ghkdd\gemini-projects\solve-climb\node_modul
es\jsdom\lib\jsdom\living\events\EventTarget-impl.js:243:9)
    at HTMLUnknownElementImpl.dispatchEvent (C:\Users\ghkdd\gemini-projects\solve-climb\node_m
odules\jsdom\lib\jsdom\living\events\EventTarget-impl.js:114:17)
Error: Test error
    at ThrowError (C:/Users/ghkdd/gemini-projects/solve-climb/src/components/__tests__/ErrorBo
undary.test.tsx:35:11)
    at renderWithHooks (C:\Users\ghkdd\gemini-projects\solve-climb\node_modules\react-dom\cjs\
react-dom.development.js:15486:18)
    at mountIndeterminateComponent (C:\Users\ghkdd\gemini-projects\solve-climb\node_modules\re
act-dom\cjs\react-dom.development.js:20103:13)
    at beginWork (C:\Users\ghkdd\gemini-projects\solve-climb\node_modules\react-dom\cjs\react-
dom.development.js:21626:16)
    at HTMLUnknownElement.callCallback (C:\Users\ghkdd\gemini-projects\solve-climb\node_module
s\react-dom\cjs\react-dom.development.js:4164:14)
    at HTMLUnknownElement.callTheUserObjectsOperation (C:\Users\ghkdd\gemini-projects\solve-cl
imb\node_modules\jsdom\lib\jsdom\living\generated\EventListener.js:26:30)
    at innerInvokeEventListeners (C:\Users\ghkdd\gemini-projects\solve-climb\node_modules\jsdo
m\lib\jsdom\living\events\EventTarget-impl.js:360:16)
    at invokeEventListeners (C:\Users\ghkdd\gemini-projects\solve-climb\node_modules\jsdom\lib
\jsdom\living\events\EventTarget-impl.js:296:3)
    at HTMLUnknownElementImpl._dispatch (C:\Users\ghkdd\gemini-projects\solve-climb\node_modul
es\jsdom\lib\jsdom\living\events\EventTarget-impl.js:243:9)
    at HTMLUnknownElementImpl.dispatchEvent (C:\Users\ghkdd\gemini-projects\solve-climb\node_m
odules\jsdom\lib\jsdom\living\events\EventTarget-impl.js:114:17)
Error: Test error
    at ThrowError (C:/Users/ghkdd/gemini-projects/solve-climb/src/components/__tests__/ErrorBo
undary.test.tsx:35:11)
    at renderWithHooks (C:\Users\ghkdd\gemini-projects\solve-climb\node_modules\react-dom\cjs\
react-dom.development.js:15486:18)
    at mountIndeterminateComponent (C:\Users\ghkdd\gemini-projects\solve-climb\node_modules\re
act-dom\cjs\react-dom.development.js:20103:13)
    at beginWork (C:\Users\ghkdd\gemini-projects\solve-climb\node_modules\react-dom\cjs\react-
dom.development.js:21626:16)
    at HTMLUnknownElement.callCallback (C:\Users\ghkdd\gemini-projects\solve-climb\node_module
s\react-dom\cjs\react-dom.development.js:4164:14)
    at HTMLUnknownElement.callTheUserObjectsOperation (C:\Users\ghkdd\gemini-projects\solve-cl
imb\node_modules\jsdom\lib\jsdom\living\generated\EventListener.js:26:30)
    at innerInvokeEventListeners (C:\Users\ghkdd\gemini-projects\solve-climb\node_modules\jsdo
m\lib\jsdom\living\events\EventTarget-impl.js:360:16)
    at invokeEventListeners (C:\Users\ghkdd\gemini-projects\solve-climb\node_modules\jsdom\lib
\jsdom\living\events\EventTarget-impl.js:296:3)
    at HTMLUnknownElementImpl._dispatch (C:\Users\ghkdd\gemini-projects\solve-climb\node_modul
es\jsdom\lib\jsdom\living\events\EventTarget-impl.js:243:9)
    at HTMLUnknownElementImpl.dispatchEvent (C:\Users\ghkdd\gemini-projects\solve-climb\node_m
odules\jsdom\lib\jsdom\living\events\EventTarget-impl.js:114:17)
Error: Test error
    at ThrowError (C:/Users/ghkdd/gemini-projects/solve-climb/src/components/__tests__/ErrorBo
undary.test.tsx:35:11)
    at renderWithHooks (C:\Users\ghkdd\gemini-projects\solve-climb\node_modules\react-dom\cjs\
react-dom.development.js:15486:18)
    at mountIndeterminateComponent (C:\Users\ghkdd\gemini-projects\solve-climb\node_modules\re
act-dom\cjs\react-dom.development.js:20103:13)
    at beginWork (C:\Users\ghkdd\gemini-projects\solve-climb\node_modules\react-dom\cjs\react-
dom.development.js:21626:16)
    at HTMLUnknownElement.callCallback (C:\Users\ghkdd\gemini-projects\solve-climb\node_module
s\react-dom\cjs\react-dom.development.js:4164:14)
    at HTMLUnknownElement.callTheUserObjectsOperation (C:\Users\ghkdd\gemini-projects\solve-cl
imb\node_modules\jsdom\lib\jsdom\living\generated\EventListener.js:26:30)
    at innerInvokeEventListeners (C:\Users\ghkdd\gemini-projects\solve-climb\node_modules\jsdo
m\lib\jsdom\living\events\EventTarget-impl.js:360:16)
    at invokeEventListeners (C:\Users\ghkdd\gemini-projects\solve-climb\node_modules\jsdom\lib
\jsdom\living\events\EventTarget-impl.js:296:3)
    at HTMLUnknownElementImpl._dispatch (C:\Users\ghkdd\gemini-projects\solve-climb\node_modul
es\jsdom\lib\jsdom\living\events\EventTarget-impl.js:243:9)
    at HTMLUnknownElementImpl.dispatchEvent (C:\Users\ghkdd\gemini-projects\solve-climb\node_m
odules\jsdom\lib\jsdom\living\events\EventTarget-impl.js:114:17)
Error: Test error
    at ThrowError (C:/Users/ghkdd/gemini-projects/solve-climb/src/components/__tests__/ErrorBo
undary.test.tsx:35:11)
    at renderWithHooks (C:\Users\ghkdd\gemini-projects\solve-climb\node_modules\react-dom\cjs\
react-dom.development.js:15486:18)
    at mountIndeterminateComponent (C:\Users\ghkdd\gemini-projects\solve-climb\node_modules\re
act-dom\cjs\react-dom.development.js:20103:13)
    at beginWork (C:\Users\ghkdd\gemini-projects\solve-climb\node_modules\react-dom\cjs\react-
dom.development.js:21626:16)
    at HTMLUnknownElement.callCallback (C:\Users\ghkdd\gemini-projects\solve-climb\node_module
s\react-dom\cjs\react-dom.development.js:4164:14)
    at HTMLUnknownElement.callTheUserObjectsOperation (C:\Users\ghkdd\gemini-projects\solve-cl
imb\node_modules\jsdom\lib\jsdom\living\generated\EventListener.js:26:30)
    at innerInvokeEventListeners (C:\Users\ghkdd\gemini-projects\solve-climb\node_modules\jsdo
m\lib\jsdom\living\events\EventTarget-impl.js:360:16)
    at invokeEventListeners (C:\Users\ghkdd\gemini-projects\solve-climb\node_modules\jsdom\lib
\jsdom\living\events\EventTarget-impl.js:296:3)
    at HTMLUnknownElementImpl._dispatch (C:\Users\ghkdd\gemini-projects\solve-climb\node_modul
es\jsdom\lib\jsdom\living\events\EventTarget-impl.js:243:9)
    at HTMLUnknownElementImpl.dispatchEvent (C:\Users\ghkdd\gemini-projects\solve-climb\node_m
odules\jsdom\lib\jsdom\living\events\EventTarget-impl.js:114:17)
Error: Test error
    at ThrowError (C:/Users/ghkdd/gemini-projects/solve-climb/src/components/__tests__/ErrorBo
undary.test.tsx:35:11)
    at renderWithHooks (C:\Users\ghkdd\gemini-projects\solve-climb\node_modules\react-dom\cjs\
react-dom.development.js:15486:18)
    at mountIndeterminateComponent (C:\Users\ghkdd\gemini-projects\solve-climb\node_modules\re
act-dom\cjs\react-dom.development.js:20103:13)
    at beginWork (C:\Users\ghkdd\gemini-projects\solve-climb\node_modules\react-dom\cjs\react-
dom.development.js:21626:16)
    at HTMLUnknownElement.callCallback (C:\Users\ghkdd\gemini-projects\solve-climb\node_module
s\react-dom\cjs\react-dom.development.js:4164:14)
    at HTMLUnknownElement.callTheUserObjectsOperation (C:\Users\ghkdd\gemini-projects\solve-cl
imb\node_modules\jsdom\lib\jsdom\living\generated\EventListener.js:26:30)
    at innerInvokeEventListeners (C:\Users\ghkdd\gemini-projects\solve-climb\node_modules\jsdo
m\lib\jsdom\living\events\EventTarget-impl.js:360:16)
    at invokeEventListeners (C:\Users\ghkdd\gemini-projects\solve-climb\node_modules\jsdom\lib
\jsdom\living\events\EventTarget-impl.js:296:3)
    at HTMLUnknownElementImpl._dispatch (C:\Users\ghkdd\gemini-projects\solve-climb\node_modul
es\jsdom\lib\jsdom\living\events\EventTarget-impl.js:243:9)
    at HTMLUnknownElementImpl.dispatchEvent (C:\Users\ghkdd\gemini-projects\solve-climb\node_m
odules\jsdom\lib\jsdom\living\events\EventTarget-impl.js:114:17)
 [32m??[39m src/components/__tests__/TimerCircle.test.tsx [2m([22m[2m11 tests[22m[2m)[22m[32m 86[2mms[22m[39m
 [32m??[39m src/components/__tests__/ErrorBoundary.test.tsx [2m([22m[2m7 tests[22m[2m)[22m[32m 88[2mms[22m[39m
 [32m??[39m src/components/__tests__/TimeSelector.test.tsx [2m([22m[2m7 tests[22m[2m)[22m[32m 68[2mms[22m[39m
 [32m??[39m src/pages/__tests__/ShopPage.test.tsx [2m([22m[2m1 test[22m[2m)[22m[32m 121[2mms[22m[39m
[90mstdout[2m | src/components/__tests__/BadgeSlot.test.tsx
[22m[39m[Env] ?? ?덉쟾???섍꼍 蹂??濡쒕뱶 ?꾨즺 (t3-env)
  [2026-01-26T17:04:16.313Z] [Env] 紐⑤뱶: test
  [2026-01-26T17:04:16.314Z] [Env] Supabase URL: ???곌껐??  [2026-01-26T17:04:16.314Z] [Env] Sentry: ???쒖꽦??  [2026-01-26T17:04:16.316Z] [Env] AdMob App ID: ca-app-pub-6410061165772335~9825031776
[Supabase] ?곌껐 ?쒕룄 以?.. URL: https://aekcjzxxjczqibxkoakg.supabase.co
[Supabase] 肄쒕갚 URL: http://localhost:3000/auth/callback

 [32m??[39m src/components/__tests__/UnderDevelopmentModal.test.tsx [2m([22m[2m10 tests[22m[2m)[22m[32m 153[2mms[22m[39m
[90mstdout[2m | src/pages/__tests__/ResultPage.test.tsx
[22m[39m[Env] ?? ?덉쟾???섍꼍 蹂??濡쒕뱶 ?꾨즺 (t3-env)
  [2026-01-26T17:04:16.562Z] [Env] 紐⑤뱶: test
  [2026-01-26T17:04:16.562Z] [Env] Supabase URL: ???곌껐??  [2026-01-26T17:04:16.563Z] [Env] Sentry: ???쒖꽦??  [2026-01-26T17:04:16.563Z] [Env] AdMob App ID: ca-app-pub-6410061165772335~9825031776
[Supabase] ?곌껐 ?쒕룄 以?.. URL: https://aekcjzxxjczqibxkoakg.supabase.co
[Supabase] 肄쒕갚 URL: http://localhost:3000/auth/callback

 [32m??[39m src/components/__tests__/Toast.test.tsx [2m([22m[2m8 tests[22m[2m)[22m[32m 66[2mms[22m[39m
 [32m??[39m src/components/__tests__/BadgeSlot.test.tsx [2m([22m[2m9 tests[22m[2m)[22m[32m 79[2mms[22m[39m
 [32m??[39m src/components/__tests__/GameFlowSection.test.tsx [2m([22m[2m3 tests[22m[2m)[22m[32m 79[2mms[22m[39m
[90mstdout[2m | src/pages/__tests__/ResultPage.test.tsx[2m > [22m[2mResultPage[2m > [22m[2mshould render without crashing
[22m[39m[ResultPage] Params: {
  worldParam: [1mnull[22m,
  categoryParam: [1mnull[22m,
  level: [1mnull[22m,
  mode: [1mnull[22m,
  finalScore: [33m0[39m
}
[ResultPage] Score submitted: [33mfalse[39m

 [32m??[39m src/pages/__tests__/ResultPage.test.tsx [2m([22m[2m1 test[22m[2m)[22m[32m 56[2mms[22m[39m
[90mstderr[2m | src/components/__tests__/CountdownOverlay.test.tsx[2m > [22m[2mCountdownO
verlay[2m > [22m[2mshould reset countdown when isVisible changes
[22m[39mWarning: An update to CountdownOverlay inside a test was not wrapped in act(...).

When testing, code that causes React state updates should be wrapped into act(...):

act(() => {
  /* fire events that update state */
});
/* assert on the output */

This ensures that you're testing the behavior the user would see in the browser. Learn more at
 https://reactjs.org/link/wrap-tests-with-act
    at CountdownOverlay (C:/Users/ghkdd/gemini-projects/solve-climb/src/components/CountdownOv
erlay.tsx:8:29)

 [32m??[39m src/components/__tests__/CountdownOverlay.test.tsx [2m([22m[2m7 tests[22m[2m)[22m[32m 95[2mms[22m[39m
 [32m??[39m src/components/__tests__/BoundaryTestSection.test.tsx [2m([22m[2m5 tests[22m[2m)[22m[32m 72[2mms[22m[39m
 [32m??[39m src/hooks/__tests__/useTimeout.test.ts [2m([22m[2m5 tests[22m[2m)[22m[32m 33[2mms[22m[39m
 [32m??[39m src/components/__tests__/TopicHeader.test.tsx [2m([22m[2m4 tests[22m[2m)[22m[32m 60[2mms[22m[39m
[90mstdout[2m | src/utils/__tests__/performance.test.ts[2m > [22m[2mperformance[2m > [22m[2mlogPerformanceSummary[2m > [22m[2mshould not throw when called with metrics
[22m[39mPerformance Summary
  operation-1: 0.01ms
  operation-2: 0.02ms

 [32m??[39m src/utils/__tests__/performance.test.ts [2m([22m[2m12 tests[22m[2m)[22m[32m 50[2mms[22m[39m
[90mstderr[2m | src/hooks/__tests__/useQuestionGenerator.test.ts[2m > [22m[2museQuestionG
enerator[2m > [22m[2mshould return early when category or topic is null
[22m[39mMissing world or category for question generation

 [32m??[39m src/hooks/__tests__/useQuestionGenerator.test.ts [2m([22m[2m12 tests[22m[2m)[22m[32m 58[2mms[22m[39m
 [32m??[39m src/components/__tests__/SafetyRopeOverlay.test.tsx [2m([22m[2m7 tests[22m[2m)[22m[32m 51[2mms[22m[39m
[90mstderr[2m | src/hooks/__tests__/useLoading.test.ts[2m > [22m[2museLoading[2m > [22m
[2mshould stop loading even if async function throws
[22m[39mWarning: An update to TestComponent inside a test was not wrapped in act(...).

When testing, code that causes React state updates should be wrapped into act(...):

act(() => {
  /* fire events that update state */
});
/* assert on the output */

This ensures that you're testing the behavior the user would see in the browser. Learn more at
 https://reactjs.org/link/wrap-tests-with-act
    at TestComponent (C:\Users\ghkdd\gemini-projects\solve-climb\node_modules\@testing-library
\react\dist\pure.js:328:5)
Warning: An update to TestComponent inside a test was not wrapped in act(...).

When testing, code that causes React state updates should be wrapped into act(...):

act(() => {
  /* fire events that update state */
});
/* assert on the output */

This ensures that you're testing the behavior the user would see in the browser. Learn more at
 https://reactjs.org/link/wrap-tests-with-act
    at TestComponent (C:\Users\ghkdd\gemini-projects\solve-climb\node_modules\@testing-library
\react\dist\pure.js:328:5)

[90mstderr[2m | src/hooks/__tests__/useLoading.test.ts[2m > [22m[2museLoading[2m > [22m
[2mshould stop loading even if async function throws
[22m[39mWarning: An update to TestComponent inside a test was not wrapped in act(...).

When testing, code that causes React state updates should be wrapped into act(...):

act(() => {
  /* fire events that update state */
});
/* assert on the output */

This ensures that you're testing the behavior the user would see in the browser. Learn more at
 https://reactjs.org/link/wrap-tests-with-act
    at TestComponent (C:\Users\ghkdd\gemini-projects\solve-climb\node_modules\@testing-library
\react\dist\pure.js:328:5)
Warning: An update to TestComponent inside a test was not wrapped in act(...).

When testing, code that causes React state updates should be wrapped into act(...):

act(() => {
  /* fire events that update state */
});
/* assert on the output */

This ensures that you're testing the behavior the user would see in the browser. Learn more at
 https://reactjs.org/link/wrap-tests-with-act
    at TestComponent (C:\Users\ghkdd\gemini-projects\solve-climb\node_modules\@testing-library
\react\dist\pure.js:328:5)

 [32m??[39m src/hooks/__tests__/useLoading.test.ts [2m([22m[2m10 tests[22m[2m)[22m[32m 56[2mms[22m[39m
[90mstderr[2m | src/utils/__tests__/tossAuth.test.ts[2m > [22m[2mtossAuth[2m > [22m[2m
getTossUserInfo[2m > [22m[2mshould fetch user info from Toss API
[22m[39m[MSW] Warning: intercepted a request without a matching request handler:

  ??GET https://apps-in-toss-api.toss.im/api-partner/v1/apps-in-toss/user/info

If you still wish to intercept this unhandled request, please create a request handler for it.
Read more: https://mswjs.io/docs/http/intercepting-requests

[90mstderr[2m | src/utils/__tests__/tossAuth.test.ts[2m > [22m[2mtossAuth[2m > [22m[2m
getTossUserInfo[2m > [22m[2mshould handle API error
[22m[39m[MSW] Warning: intercepted a request without a matching request handler:

  ??GET https://apps-in-toss-api.toss.im/api-partner/v1/apps-in-toss/user/info

If you still wish to intercept this unhandled request, please create a request handler for it.
Read more: https://mswjs.io/docs/http/intercepting-requests

[90mstderr[2m | src/utils/__tests__/tossAuth.test.ts[2m > [22m[2mtossAuth[2m > [22m[2m
getTossUserInfo[2m > [22m[2mshould handle network error
[22m[39m[MSW] Warning: intercepted a request without a matching request handler:

  ??GET https://apps-in-toss-api.toss.im/api-partner/v1/apps-in-toss/user/info

If you still wish to intercept this unhandled request, please create a request handler for it.
Read more: https://mswjs.io/docs/http/intercepting-requests

[90mstderr[2m | src/utils/__tests__/tossAuth.test.ts[2m > [22m[2mtossAuth[2m > [22m[2m
getTossUserInfo[2m > [22m[2mshould return null when resultType is not SUCCESS
[22m[39m[MSW] Warning: intercepted a request without a matching request handler:

  ??GET https://apps-in-toss-api.toss.im/api-partner/v1/apps-in-toss/user/info

If you still wish to intercept this unhandled request, please create a request handler for it.
Read more: https://mswjs.io/docs/http/intercepting-requests

[90mstderr[2m | src/utils/__tests__/tossAuth.test.ts[2m > [22m[2mtossAuth[2m > [22m[2m
getTossUserInfo[2m > [22m[2mshould handle optional fields in user info
[22m[39m[MSW] Warning: intercepted a request without a matching request handler:

  ??GET https://apps-in-toss-api.toss.im/api-partner/v1/apps-in-toss/user/info

If you still wish to intercept this unhandled request, please create a request handler for it.
Read more: https://mswjs.io/docs/http/intercepting-requests

[90mstderr[2m | src/utils/__tests__/tossAuth.test.ts[2m > [22m[2mtossAuth[2m > [22m[2m
getTossUserInfo[2m > [22m[2mshould handle JSON parse error in error response
[22m[39m[MSW] Warning: intercepted a request without a matching request handler:

  ??GET https://apps-in-toss-api.toss.im/api-partner/v1/apps-in-toss/user/info

If you still wish to intercept this unhandled request, please create a request handler for it.
Read more: https://mswjs.io/docs/http/intercepting-requests

[90mstderr[2m | src/utils/__tests__/tossAuth.test.ts[2m > [22m[2mtossAuth[2m > [22m[2m
createOrUpdateSupabaseUser[2m > [22m[2mshould handle Edge Function call failure
[22m[39m[MSW] Warning: intercepted a request without a matching request handler:

  ??POST https://test.supabase.co/functions/v1/toss-auth

  ??Request body: {"accessToken":"test-token"}

If you still wish to intercept this unhandled request, please create a request handler for it.
Read more: https://mswjs.io/docs/http/intercepting-requests

[90mstderr[2m | src/utils/__tests__/tossAuth.test.ts[2m > [22m[2mtossAuth[2m > [22m[2m
createOrUpdateSupabaseUser[2m > [22m[2mshould handle network error in Edge Function call
[22m[39m[MSW] Warning: intercepted a request without a matching request handler:

  ??POST https://test.supabase.co/functions/v1/toss-auth

  ??Request body: {"accessToken":"test-token"}

If you still wish to intercept this unhandled request, please create a request handler for it.
Read more: https://mswjs.io/docs/http/intercepting-requests

[90mstderr[2m | src/utils/__tests__/tossAuth.test.ts[2m > [22m[2mtossAuth[2m > [22m[2m
createOrUpdateSupabaseUser[2m > [22m[2mshould remove trailing slash from SUPABASE_URL
[22m[39m[MSW] Warning: intercepted a request without a matching request handler:

  ??POST https://test.supabase.co/functions/v1/toss-auth

  ??Request body: {"accessToken":"test-token"}

If you still wish to intercept this unhandled request, please create a request handler for it.
Read more: https://mswjs.io/docs/http/intercepting-requests

 [32m??[39m src/utils/__tests__/tossAuth.test.ts [2m([22m[2m12 tests[22m[2m)[22m[32m 47[2mms[22m[39m
 [32m??[39m src/hooks/__tests__/useQuizGameState.test.ts [2m([22m[2m19 tests[22m[2m)[22m[32m 49[2mms[22m[39m
 [32m??[39m src/components/__tests__/GlobalLoadingIndicator.test.tsx [2m([22m[2m5 tests[22m[2m)[22m[32m 46[2mms[22m[39m
 [32m??[39m src/stores/__tests__/useQuizStore.test.ts [2m([22m[2m10 tests[22m[2m)[22m[32m 55[2mms[22m[39m
 [32m??[39m src/hooks/__tests__/useCustomBackNavigation.test.ts [2m([22m[2m15 tests[22m[2m)[22m[32m 60[2mms[22m[39m
 [32m??[39m src/stores/__tests__/useLoadingStore.test.ts [2m([22m[2m9 tests[22m[2m)[22m[32m 50[2mms[22m[39m
 [32m??[39m src/stores/__tests__/useSettingsStore.test.ts [2m([22m[2m6 tests[22m[2m)[22m[32m 39[2mms[22m[39m
 [32m??[39m src/hooks/__tests__/useQuizRevive.test.ts [2m([22m[2m7 tests[22m[2m)[22m[32m 34[2mms[22m[39m
 [32m??[39m src/utils/__tests__/debugSync.test.ts [2m([22m[2m9 tests[22m[2m)[22m[32m 33[2mms[22m[39m
[90mstdout[2m | src/pages/__tests__/QuizPage.test.tsx
[22m[39m[Env] ?? ?덉쟾???섍꼍 蹂??濡쒕뱶 ?꾨즺 (t3-env)
  [2026-01-26T17:04:27.659Z] [Env] 紐⑤뱶: test
  [2026-01-26T17:04:27.659Z] [Env] Supabase URL: ???곌껐??  [2026-01-26T17:04:27.659Z] [Env] Sentry: ???쒖꽦??  [2026-01-26T17:04:27.659Z] [Env] AdMob App ID: ca-app-pub-6410061165772335~9825031776
[Supabase] ?곌껐 ?쒕룄 以?.. URL: https://aekcjzxxjczqibxkoakg.supabase.co
[Supabase] 肄쒕갚 URL: http://localhost:3000/auth/callback

[90mstdout[2m | src/pages/__tests__/CategorySelectPage.test.tsx
[22m[39m[Env] ?? ?덉쟾???섍꼍 蹂??濡쒕뱶 ?꾨즺 (t3-env)
  [2026-01-26T17:04:28.063Z] [Env] 紐⑤뱶: test
  [2026-01-26T17:04:28.063Z] [Env] Supabase URL: ???곌껐??  [2026-01-26T17:04:28.063Z] [Env] Sentry: ???쒖꽦??  [2026-01-26T17:04:28.063Z] [Env] AdMob App ID: ca-app-pub-6410061165772335~9825031776
[Supabase] ?곌껐 ?쒕룄 以?.. URL: https://aekcjzxxjczqibxkoakg.supabase.co
[Supabase] 肄쒕갚 URL: http://localhost:3000/auth/callback

 [32m??[39m src/pages/__tests__/QuizPage.test.tsx [2m([22m[2m1 test[22m[2m)[22m[32m 43[2mms[22m[39m
 [32m??[39m src/pages/__tests__/CategorySelectPage.test.tsx [2m([22m[2m1 test[22m[2m)[22m[32m 55[2mms[22m[39m
 [32m??[39m src/hooks/__tests__/useQuizAnimations.test.ts [2m([22m[2m8 tests[22m[2m)[22m[32m 32[2mms[22m[39m
 [32m??[39m src/hooks/__tests__/useInterval.test.ts [2m([22m[2m5 tests[22m[2m)[22m[32m 42[2mms[22m[39m
 [32m??[39m src/stores/__tests__/useErrorLogStore.test.ts [2m([22m[2m15 tests[22m[2m)[22m[32m 25[2mms[22m[39m
 [32m??[39m src/utils/__tests__/debugLogger.test.ts [2m([22m[2m4 tests[22m[2m)[22m[32m 35[2mms[22m[39m
[90mstderr[2m | src/utils/__tests__/tossGameCenter.test.ts[2m > [22m[2mtossGameCenter[2m
 > [22m[2msubmitScoreToLeaderboard[2m > [22m[2mshould return false when not in Toss app e
nvironment (browser)
[22m[39m[?좎뒪 寃뚯엫 ?쇳꽣] 釉뚮씪?곗? ?섍꼍?먯꽌???먯닔瑜??쒖텧?????놁뒿?덈떎.

[90mstderr[2m | src/utils/__tests__/tossGameCenter.test.ts[2m > [22m[2mtossGameCenter[2m
 > [22m[2msubmitScoreToLeaderboard[2m > [22m[2mshould return false when SDK returns LEADE
RBOARD_NOT_FOUND
[22m[39m[?좎뒪 寃뚯엫 ?쇳꽣] ?먯닔 ?쒖텧 ?ㅽ뙣: LEADERBOARD_NOT_FOUND

[90mstderr[2m | src/utils/__tests__/tossGameCenter.test.ts[2m > [22m[2mtossGameCenter[2m
 > [22m[2msubmitScoreToLeaderboard[2m > [22m[2mshould return false when SDK returns null 
(unsupported version)
[22m[39m[?좎뒪 寃뚯엫 ?쇳꽣] 吏?먰븯吏 ?딅뒗 ??踰꾩쟾?댁뿉??

[90mstderr[2m | src/utils/__tests__/tossGameCenter.test.ts[2m > [22m[2mtossGameCenter[2m
 > [22m[2mopenLeaderboard[2m > [22m[2mshould return failure when not in Toss app environm
ent (browser)
[22m[39m[?좎뒪 寃뚯엫 ?쇳꽣] 釉뚮씪?곗? ?섍꼍?먯꽌??由щ뜑蹂대뱶瑜??????놁뒿?덈떎.

[90mstderr[2m | src/utils/__tests__/tossGameCenter.test.ts[2m > [22m[2mtossGameCenter[2m
 > [22m[2mopenLeaderboard[2m > [22m[2mshould return failure when app version is not suppo
rted
[22m[39m[?좎뒪 寃뚯엫 ?쇳꽣] 吏?먰븯吏 ?딅뒗 ??踰꾩쟾?댁뿉?? (理쒖냼 踰꾩쟾: 5.221.0)

[90mstderr[2m | src/utils/__tests__/tossGameCenter.test.ts[2m > [22m[2mtossGameCenter[2m
 > [22m[2mopenLeaderboard[2m > [22m[2mshould return failure in sandbox environment
[22m[39m[?좎뒪 寃뚯엫 ?쇳꽣] ?뚮뱶諛뺤뒪 ?섍꼍?먯꽌??由щ뜑蹂대뱶瑜??????놁뒿?덈떎.

[90mstderr[2m | src/utils/__tests__/tossGameCenter.test.ts[2m > [22m[2mtossGameCenter[2m
 > [22m[2mopenLeaderboard[2m > [22m[2mshould return failure when not in toss environment
[22m[39m[?좎뒪 寃뚯엫 ?쇳꽣] unknown ?섍꼍?먯꽌??由щ뜑蹂대뱶瑜??????놁뒿?덈떎. (toss ?섍꼍?먯꽌留?媛??

[90mstderr[2m | src/utils/__tests__/tossGameCenter.test.ts[2m > [22m[2mtossGameCenter[2m
 > [22m[2mopenLeaderboard[2m > [22m[2mshould handle exception from openGameCenterLeaderbo
ard
[22m[39m[?좎뒪 寃뚯엫 ?쇳꽣] 由щ뜑蹂대뱶 ?닿린 ?몄텧 ???먮윭 諛쒖깮: Error: Bridge error
    at C:/Users/ghkdd/gemini-projects/solve-climb/src/utils/__tests__/tossGameCenter.test.ts:2
30:15
    at Mock [90m(file:///C:/Users/ghkdd/gemini-projects/solve-climb/[39mnode_modules/[4m@vi
test[24m/spy/dist/index.js:285:34[90m)[39m
    at Module.openLeaderboard (C:/Users/ghkdd/gemini-projects/solve-climb/src/utils/tossGameCe
nter.ts:262:7)
    at C:/Users/ghkdd/gemini-projects/solve-climb/src/utils/__tests__/tossGameCenter.test.ts:2
34:28
    at [90mfile:///C:/Users/ghkdd/gemini-projects/solve-climb/[39mnode_modules/[4m@vitest[
24m/runner/dist/index.js:145:11
    at [90mfile:///C:/Users/ghkdd/gemini-projects/solve-climb/[39mnode_modules/[4m@vitest[
24m/runner/dist/index.js:915:26
    at [90mfile:///C:/Users/ghkdd/gemini-projects/solve-climb/[39mnode_modules/[4m@vitest[
24m/runner/dist/index.js:1243:20
    at new Promise (<anonymous>)
    at runWithTimeout [90m(file:///C:/Users/ghkdd/gemini-projects/solve-climb/[39mnode_modul
es/[4m@vitest[24m/runner/dist/index.js:1209:10[90m)[39m
    at [90mfile:///C:/Users/ghkdd/gemini-projects/solve-climb/[39mnode_modules/[4m@vitest[
24m/runner/dist/index.js:1653:37
[?좎뒪 寃뚯엫 ?쇳꽣] 由щ뜑蹂대뱶 ?닿린 ?ㅽ뙣 - ?붾쾭源??뺣낫: {
  timestamp: [32m'2026-01-26T17:04:31.133Z'[39m,
  isTossApp: [33mtrue[39m,
  isLocalDev: [33mfalse[39m,
  operationalEnvironment: [32m'toss'[39m,
  userAgent: [32m'Mozilla/5.0 (win32) AppleWebKit/537.36 (KHTML, like Gecko) jsdom/27.4.0'[3
9m,
  location: [32m'https://example.com'[39m,
  hasReactNativeWebView: [33mtrue[39m,
  error: {
    name: [32m'Error'[39m,
    message: [32m'Bridge error'[39m,
    stack: [32m'Error: Bridge error\n'[39m +
      [32m'    at C:/Users/ghkdd/gemini-projects/solve-climb/src/utils/__tests__/tossGameCent
er.test.ts:230:15\n'[39m +
      [32m'    at Mock (file:///C:/Users/ghkdd/gemini-projects/solve-climb/node_modules/@vite
st/spy/dist/index.js:285:34)\n'[39m +
      [32m'    at Module.openLeaderboard (C:/Users/ghkdd/gemini-projects/solve-climb/src/util
s/tossGameCenter.ts:262:7)\n'[39m +
      [32m'    at C:/Users/ghkdd/gemini-projects/solve-climb/src/utils/__tests__/tossGameCent
er.test.ts:234:28\n'[39m +
      [32m'    at file:///C:/Users/ghkdd/gemini-projects/solve-climb/node_modules/@vitest/run
ner/dist/index.js:145:11\n'[39m +
      [32m'    at file:///C:/Users/ghkdd/gemini-projects/solve-climb/node_modules/@vitest/run
ner/dist/index.js:915:26\n'[39m +
      [32m'    at file:///C:/Users/ghkdd/gemini-projects/solve-climb/node_modules/@vitest/run
ner/dist/index.js:1243:20\n'[39m +
      [32m'    at new Promise (<anonymous>)\n'[39m +
      [32m'    at runWithTimeout (file:///C:/Users/ghkdd/gemini-projects/solve-climb/node_mod
ules/@vitest/runner/dist/index.js:1209:10)\n'[39m +
      [32m'    at file:///C:/Users/ghkdd/gemini-projects/solve-climb/node_modules/@vitest/run
ner/dist/index.js:1653:37'[39m
  }
}

[90mstderr[2m | src/utils/__tests__/tossGameCenter.test.ts[2m > [22m[2mtossGameCenter[2m
 > [22m[2mopenLeaderboard[2m > [22m[2mshould work correctly when onError callback is not 
provided
[22m[39m[?좎뒪 寃뚯엫 ?쇳꽣] 釉뚮씪?곗? ?섍꼍?먯꽌??由щ뜑蹂대뱶瑜??????놁뒿?덈떎.

[90mstderr[2m | src/utils/__tests__/tossGameCenter.test.ts[2m > [22m[2mtossGameCenter[2m
 > [22m[2mopenLeaderboard[2m > [22m[2mshould handle network error and return appropriate 
message
[22m[39m[?좎뒪 寃뚯엫 ?쇳꽣] 由щ뜑蹂대뱶 ?닿린 ?몄텧 ???먮윭 諛쒖깮: Error: network connection failed
    at C:/Users/ghkdd/gemini-projects/solve-climb/src/utils/__tests__/tossGameCenter.test.ts:2
54:15
    at Mock [90m(file:///C:/Users/ghkdd/gemini-projects/solve-climb/[39mnode_modules/[4m@vi
test[24m/spy/dist/index.js:285:34[90m)[39m
    at Module.openLeaderboard (C:/Users/ghkdd/gemini-projects/solve-climb/src/utils/tossGameCe
nter.ts:262:7)
    at C:/Users/ghkdd/gemini-projects/solve-climb/src/utils/__tests__/tossGameCenter.test.ts:2
58:28
    at [90mfile:///C:/Users/ghkdd/gemini-projects/solve-climb/[39mnode_modules/[4m@vitest[
24m/runner/dist/index.js:145:11
    at [90mfile:///C:/Users/ghkdd/gemini-projects/solve-climb/[39mnode_modules/[4m@vitest[
24m/runner/dist/index.js:915:26
    at [90mfile:///C:/Users/ghkdd/gemini-projects/solve-climb/[39mnode_modules/[4m@vitest[
24m/runner/dist/index.js:1243:20
    at new Promise (<anonymous>)
    at runWithTimeout [90m(file:///C:/Users/ghkdd/gemini-projects/solve-climb/[39mnode_modul
es/[4m@vitest[24m/runner/dist/index.js:1209:10[90m)[39m
    at [90mfile:///C:/Users/ghkdd/gemini-projects/solve-climb/[39mnode_modules/[4m@vitest[
24m/runner/dist/index.js:1653:37
[?좎뒪 寃뚯엫 ?쇳꽣] 由щ뜑蹂대뱶 ?닿린 ?ㅽ뙣 - ?붾쾭源??뺣낫: {
  timestamp: [32m'2026-01-26T17:04:31.137Z'[39m,
  isTossApp: [33mtrue[39m,
  isLocalDev: [33mfalse[39m,
  operationalEnvironment: [32m'toss'[39m,
  userAgent: [32m'Mozilla/5.0 (win32) AppleWebKit/537.36 (KHTML, like Gecko) jsdom/27.4.0'[3
9m,
  location: [32m'https://example.com'[39m,
  hasReactNativeWebView: [33mtrue[39m,
  error: {
    name: [32m'Error'[39m,
    message: [32m'network connection failed'[39m,
    stack: [32m'Error: network connection failed\n'[39m +
      [32m'    at C:/Users/ghkdd/gemini-projects/solve-climb/src/utils/__tests__/tossGameCent
er.test.ts:254:15\n'[39m +
      [32m'    at Mock (file:///C:/Users/ghkdd/gemini-projects/solve-climb/node_modules/@vite
st/spy/dist/index.js:285:34)\n'[39m +
      [32m'    at Module.openLeaderboard (C:/Users/ghkdd/gemini-projects/solve-climb/src/util
s/tossGameCenter.ts:262:7)\n'[39m +
      [32m'    at C:/Users/ghkdd/gemini-projects/solve-climb/src/utils/__tests__/tossGameCent
er.test.ts:258:28\n'[39m +
      [32m'    at file:///C:/Users/ghkdd/gemini-projects/solve-climb/node_modules/@vitest/run
ner/dist/index.js:145:11\n'[39m +
      [32m'    at file:///C:/Users/ghkdd/gemini-projects/solve-climb/node_modules/@vitest/run
ner/dist/index.js:915:26\n'[39m +
      [32m'    at file:///C:/Users/ghkdd/gemini-projects/solve-climb/node_modules/@vitest/run
ner/dist/index.js:1243:20\n'[39m +
      [32m'    at new Promise (<anonymous>)\n'[39m +
      [32m'    at runWithTimeout (file:///C:/Users/ghkdd/gemini-projects/solve-climb/node_mod
ules/@vitest/runner/dist/index.js:1209:10)\n'[39m +
      [32m'    at file:///C:/Users/ghkdd/gemini-projects/solve-climb/node_modules/@vitest/run
ner/dist/index.js:1653:37'[39m
  }
}

[90mstderr[2m | src/utils/__tests__/tossGameCenter.test.ts[2m > [22m[2mtossGameCenter[2m
 > [22m[2mopenLeaderboard[2m > [22m[2mshould handle version error and return appropriate 
message
[22m[39m[?좎뒪 寃뚯엫 ?쇳꽣] 由щ뜑蹂대뱶 ?닿린 ?몄텧 ???먮윭 諛쒖깮: Error: version not supported
    at C:/Users/ghkdd/gemini-projects/solve-climb/src/utils/__tests__/tossGameCenter.test.ts:2
69:15
    at Mock [90m(file:///C:/Users/ghkdd/gemini-projects/solve-climb/[39mnode_modules/[4m@vi
test[24m/spy/dist/index.js:285:34[90m)[39m
    at Module.openLeaderboard (C:/Users/ghkdd/gemini-projects/solve-climb/src/utils/tossGameCe
nter.ts:262:7)
    at C:/Users/ghkdd/gemini-projects/solve-climb/src/utils/__tests__/tossGameCenter.test.ts:2
73:28
    at [90mfile:///C:/Users/ghkdd/gemini-projects/solve-climb/[39mnode_modules/[4m@vitest[
24m/runner/dist/index.js:145:11
    at [90mfile:///C:/Users/ghkdd/gemini-projects/solve-climb/[39mnode_modules/[4m@vitest[
24m/runner/dist/index.js:915:26
    at [90mfile:///C:/Users/ghkdd/gemini-projects/solve-climb/[39mnode_modules/[4m@vitest[
24m/runner/dist/index.js:1243:20
    at new Promise (<anonymous>)
    at runWithTimeout [90m(file:///C:/Users/ghkdd/gemini-projects/solve-climb/[39mnode_modul
es/[4m@vitest[24m/runner/dist/index.js:1209:10[90m)[39m
    at [90mfile:///C:/Users/ghkdd/gemini-projects/solve-climb/[39mnode_modules/[4m@vitest[
24m/runner/dist/index.js:1653:37
[?좎뒪 寃뚯엫 ?쇳꽣] 由щ뜑蹂대뱶 ?닿린 ?ㅽ뙣 - ?붾쾭源??뺣낫: {
  timestamp: [32m'2026-01-26T17:04:31.138Z'[39m,
  isTossApp: [33mtrue[39m,
  isLocalDev: [33mfalse[39m,
  operationalEnvironment: [32m'toss'[39m,
  userAgent: [32m'Mozilla/5.0 (win32) AppleWebKit/537.36 (KHTML, like Gecko) jsdom/27.4.0'[3
9m,
  location: [32m'https://example.com'[39m,
  hasReactNativeWebView: [33mtrue[39m,
  error: {
    name: [32m'Error'[39m,
    message: [32m'version not supported'[39m,
    stack: [32m'Error: version not supported\n'[39m +
      [32m'    at C:/Users/ghkdd/gemini-projects/solve-climb/src/utils/__tests__/tossGameCent
er.test.ts:269:15\n'[39m +
      [32m'    at Mock (file:///C:/Users/ghkdd/gemini-projects/solve-climb/node_modules/@vite
st/spy/dist/index.js:285:34)\n'[39m +
      [32m'    at Module.openLeaderboard (C:/Users/ghkdd/gemini-projects/solve-climb/src/util
s/tossGameCenter.ts:262:7)\n'[39m +
      [32m'    at C:/Users/ghkdd/gemini-projects/solve-climb/src/utils/__tests__/tossGameCent
er.test.ts:273:28\n'[39m +
      [32m'    at file:///C:/Users/ghkdd/gemini-projects/solve-climb/node_modules/@vitest/run
ner/dist/index.js:145:11\n'[39m +
      [32m'    at file:///C:/Users/ghkdd/gemini-projects/solve-climb/node_modules/@vitest/run
ner/dist/index.js:915:26\n'[39m +
      [32m'    at file:///C:/Users/ghkdd/gemini-projects/solve-climb/node_modules/@vitest/run
ner/dist/index.js:1243:20\n'[39m +
      [32m'    at new Promise (<anonymous>)\n'[39m +
      [32m'    at runWithTimeout (file:///C:/Users/ghkdd/gemini-projects/solve-climb/node_mod
ules/@vitest/runner/dist/index.js:1209:10)\n'[39m +
      [32m'    at file:///C:/Users/ghkdd/gemini-projects/solve-climb/node_modules/@vitest/run
ner/dist/index.js:1653:37'[39m
  }
}

[90mstderr[2m | src/utils/__tests__/tossGameCenter.test.ts[2m > [22m[2mtossGameCenter[2m
 > [22m[2mopenLeaderboard[2m > [22m[2mshould handle leaderboard not found error
[22m[39m[?좎뒪 寃뚯엫 ?쇳꽣] 由щ뜑蹂대뱶 ?닿린 ?몄텧 ???먮윭 諛쒖깮: Error: leaderboard not found
    at C:/Users/ghkdd/gemini-projects/solve-climb/src/utils/__tests__/tossGameCenter.test.ts:2
84:15
    at Mock [90m(file:///C:/Users/ghkdd/gemini-projects/solve-climb/[39mnode_modules/[4m@vi
test[24m/spy/dist/index.js:285:34[90m)[39m
    at Module.openLeaderboard (C:/Users/ghkdd/gemini-projects/solve-climb/src/utils/tossGameCe
nter.ts:262:7)
    at C:/Users/ghkdd/gemini-projects/solve-climb/src/utils/__tests__/tossGameCenter.test.ts:2
88:28
    at [90mfile:///C:/Users/ghkdd/gemini-projects/solve-climb/[39mnode_modules/[4m@vitest[
24m/runner/dist/index.js:145:11
    at [90mfile:///C:/Users/ghkdd/gemini-projects/solve-climb/[39mnode_modules/[4m@vitest[
24m/runner/dist/index.js:915:26
    at [90mfile:///C:/Users/ghkdd/gemini-projects/solve-climb/[39mnode_modules/[4m@vitest[
24m/runner/dist/index.js:1243:20
    at new Promise (<anonymous>)
    at runWithTimeout [90m(file:///C:/Users/ghkdd/gemini-projects/solve-climb/[39mnode_modul
es/[4m@vitest[24m/runner/dist/index.js:1209:10[90m)[39m
    at [90mfile:///C:/Users/ghkdd/gemini-projects/solve-climb/[39mnode_modules/[4m@vitest[
24m/runner/dist/index.js:1653:37
[?좎뒪 寃뚯엫 ?쇳꽣] 由щ뜑蹂대뱶 ?닿린 ?ㅽ뙣 - ?붾쾭源??뺣낫: {
  timestamp: [32m'2026-01-26T17:04:31.139Z'[39m,
  isTossApp: [33mtrue[39m,
  isLocalDev: [33mfalse[39m,
  operationalEnvironment: [32m'toss'[39m,
  userAgent: [32m'Mozilla/5.0 (win32) AppleWebKit/537.36 (KHTML, like Gecko) jsdom/27.4.0'[3
9m,
  location: [32m'https://example.com'[39m,
  hasReactNativeWebView: [33mtrue[39m,
  error: {
    name: [32m'Error'[39m,
    message: [32m'leaderboard not found'[39m,
    stack: [32m'Error: leaderboard not found\n'[39m +
      [32m'    at C:/Users/ghkdd/gemini-projects/solve-climb/src/utils/__tests__/tossGameCent
er.test.ts:284:15\n'[39m +
      [32m'    at Mock (file:///C:/Users/ghkdd/gemini-projects/solve-climb/node_modules/@vite
st/spy/dist/index.js:285:34)\n'[39m +
      [32m'    at Module.openLeaderboard (C:/Users/ghkdd/gemini-projects/solve-climb/src/util
s/tossGameCenter.ts:262:7)\n'[39m +
      [32m'    at C:/Users/ghkdd/gemini-projects/solve-climb/src/utils/__tests__/tossGameCent
er.test.ts:288:28\n'[39m +
      [32m'    at file:///C:/Users/ghkdd/gemini-projects/solve-climb/node_modules/@vitest/run
ner/dist/index.js:145:11\n'[39m +
      [32m'    at file:///C:/Users/ghkdd/gemini-projects/solve-climb/node_modules/@vitest/run
ner/dist/index.js:915:26\n'[39m +
      [32m'    at file:///C:/Users/ghkdd/gemini-projects/solve-climb/node_modules/@vitest/run
ner/dist/index.js:1243:20\n'[39m +
      [32m'    at new Promise (<anonymous>)\n'[39m +
      [32m'    at runWithTimeout (file:///C:/Users/ghkdd/gemini-projects/solve-climb/node_mod
ules/@vitest/runner/dist/index.js:1209:10)\n'[39m +
      [32m'    at file:///C:/Users/ghkdd/gemini-projects/solve-climb/node_modules/@vitest/run
ner/dist/index.js:1653:37'[39m
  }
}

[90mstderr[2m | src/utils/__tests__/tossGameCenter.test.ts[2m > [22m[2mtossGameCenter[2m
 > [22m[2mopenLeaderboard[2m > [22m[2mshould handle permission error
[22m[39m[?좎뒪 寃뚯엫 ?쇳꽣] 由щ뜑蹂대뱶 ?닿린 ?몄텧 ???먮윭 諛쒖깮: Error: permission denied
    at C:/Users/ghkdd/gemini-projects/solve-climb/src/utils/__tests__/tossGameCenter.test.ts:2
99:15
    at Mock [90m(file:///C:/Users/ghkdd/gemini-projects/solve-climb/[39mnode_modules/[4m@vi
test[24m/spy/dist/index.js:285:34[90m)[39m
    at Module.openLeaderboard (C:/Users/ghkdd/gemini-projects/solve-climb/src/utils/tossGameCe
nter.ts:262:7)
    at C:/Users/ghkdd/gemini-projects/solve-climb/src/utils/__tests__/tossGameCenter.test.ts:3
03:28
    at [90mfile:///C:/Users/ghkdd/gemini-projects/solve-climb/[39mnode_modules/[4m@vitest[
24m/runner/dist/index.js:145:11
    at [90mfile:///C:/Users/ghkdd/gemini-projects/solve-climb/[39mnode_modules/[4m@vitest[
24m/runner/dist/index.js:915:26
    at [90mfile:///C:/Users/ghkdd/gemini-projects/solve-climb/[39mnode_modules/[4m@vitest[
24m/runner/dist/index.js:1243:20
    at new Promise (<anonymous>)
    at runWithTimeout [90m(file:///C:/Users/ghkdd/gemini-projects/solve-climb/[39mnode_modul
es/[4m@vitest[24m/runner/dist/index.js:1209:10[90m)[39m
    at [90mfile:///C:/Users/ghkdd/gemini-projects/solve-climb/[39mnode_modules/[4m@vitest[
24m/runner/dist/index.js:1653:37
[?좎뒪 寃뚯엫 ?쇳꽣] 由щ뜑蹂대뱶 ?닿린 ?ㅽ뙣 - ?붾쾭源??뺣낫: {
  timestamp: [32m'2026-01-26T17:04:31.140Z'[39m,
  isTossApp: [33mtrue[39m,
  isLocalDev: [33mfalse[39m,
  operationalEnvironment: [32m'toss'[39m,
  userAgent: [32m'Mozilla/5.0 (win32) AppleWebKit/537.36 (KHTML, like Gecko) jsdom/27.4.0'[3
9m,
  location: [32m'https://example.com'[39m,
  hasReactNativeWebView: [33mtrue[39m,
  error: {
    name: [32m'Error'[39m,
    message: [32m'permission denied'[39m,
    stack: [32m'Error: permission denied\n'[39m +
      [32m'    at C:/Users/ghkdd/gemini-projects/solve-climb/src/utils/__tests__/tossGameCent
er.test.ts:299:15\n'[39m +
      [32m'    at Mock (file:///C:/Users/ghkdd/gemini-projects/solve-climb/node_modules/@vite
st/spy/dist/index.js:285:34)\n'[39m +
      [32m'    at Module.openLeaderboard (C:/Users/ghkdd/gemini-projects/solve-climb/src/util
s/tossGameCenter.ts:262:7)\n'[39m +
      [32m'    at C:/Users/ghkdd/gemini-projects/solve-climb/src/utils/__tests__/tossGameCent
er.test.ts:303:28\n'[39m +
      [32m'    at file:///C:/Users/ghkdd/gemini-projects/solve-climb/node_modules/@vitest/run
ner/dist/index.js:145:11\n'[39m +
      [32m'    at file:///C:/Users/ghkdd/gemini-projects/solve-climb/node_modules/@vitest/run
ner/dist/index.js:915:26\n'[39m +
      [32m'    at file:///C:/Users/ghkdd/gemini-projects/solve-climb/node_modules/@vitest/run
ner/dist/index.js:1243:20\n'[39m +
      [32m'    at new Promise (<anonymous>)\n'[39m +
      [32m'    at runWithTimeout (file:///C:/Users/ghkdd/gemini-projects/solve-climb/node_mod
ules/@vitest/runner/dist/index.js:1209:10)\n'[39m +
      [32m'    at file:///C:/Users/ghkdd/gemini-projects/solve-climb/node_modules/@vitest/run
ner/dist/index.js:1653:37'[39m
  }
}

[90mstderr[2m | src/utils/__tests__/tossGameCenter.test.ts[2m > [22m[2mtossGameCenter[2m
 > [22m[2mopenLeaderboard[2m > [22m[2mshould handle timeout error
[22m[39m[?좎뒪 寃뚯엫 ?쇳꽣] 由щ뜑蹂대뱶 ?닿린 ?몄텧 ???먮윭 諛쒖깮: Error [TimeoutError]: operation timed out
    at C:/Users/ghkdd/gemini-projects/solve-climb/src/utils/__tests__/tossGameCenter.test.ts:3
13:28
    at [90mfile:///C:/Users/ghkdd/gemini-projects/solve-climb/[39mnode_modules/[4m@vitest[
24m/runner/dist/index.js:145:11
    at [90mfile:///C:/Users/ghkdd/gemini-projects/solve-climb/[39mnode_modules/[4m@vitest[
24m/runner/dist/index.js:915:26
    at [90mfile:///C:/Users/ghkdd/gemini-projects/solve-climb/[39mnode_modules/[4m@vitest[
24m/runner/dist/index.js:1243:20
    at new Promise (<anonymous>)
    at runWithTimeout [90m(file:///C:/Users/ghkdd/gemini-projects/solve-climb/[39mnode_modul
es/[4m@vitest[24m/runner/dist/index.js:1209:10[90m)[39m
    at [90mfile:///C:/Users/ghkdd/gemini-projects/solve-climb/[39mnode_modules/[4m@vitest[
24m/runner/dist/index.js:1653:37
    at Traces.$ [90m(file:///C:/Users/ghkdd/gemini-projects/solve-climb/[39mnode_modules/[4
mvitest[24m/dist/chunks/traces.U4xDYhzZ.js:115:27[90m)[39m
    at trace [90m(file:///C:/Users/ghkdd/gemini-projects/solve-climb/[39mnode_modules/[4mvi
test[24m/dist/chunks/test.B8ej_ZHS.js:239:21[90m)[39m
    at runTest [90m(file:///C:/Users/ghkdd/gemini-projects/solve-climb/[39mnode_modules/[4m
@vitest[24m/runner/dist/index.js:1653:12[90m)[39m
[?좎뒪 寃뚯엫 ?쇳꽣] 由щ뜑蹂대뱶 ?닿린 ?ㅽ뙣 - ?붾쾭源??뺣낫: {
  timestamp: [32m'2026-01-26T17:04:31.141Z'[39m,
  isTossApp: [33mtrue[39m,
  isLocalDev: [33mfalse[39m,
  operationalEnvironment: [32m'toss'[39m,
  userAgent: [32m'Mozilla/5.0 (win32) AppleWebKit/537.36 (KHTML, like Gecko) jsdom/27.4.0'[3
9m,
  location: [32m'https://example.com'[39m,
  hasReactNativeWebView: [33mtrue[39m,
  error: {
    name: [32m'TimeoutError'[39m,
    message: [32m'operation timed out'[39m,
    stack: [32m'TimeoutError: operation timed out\n'[39m +
      [32m'    at C:/Users/ghkdd/gemini-projects/solve-climb/src/utils/__tests__/tossGameCent
er.test.ts:313:28\n'[39m +
      [32m'    at file:///C:/Users/ghkdd/gemini-projects/solve-climb/node_modules/@vitest/run
ner/dist/index.js:145:11\n'[39m +
      [32m'    at file:///C:/Users/ghkdd/gemini-projects/solve-climb/node_modules/@vitest/run
ner/dist/index.js:915:26\n'[39m +
      [32m'    at file:///C:/Users/ghkdd/gemini-projects/solve-climb/node_modules/@vitest/run
ner/dist/index.js:1243:20\n'[39m +
      [32m'    at new Promise (<anonymous>)\n'[39m +
      [32m'    at runWithTimeout (file:///C:/Users/ghkdd/gemini-projects/solve-climb/node_mod
ules/@vitest/runner/dist/index.js:1209:10)\n'[39m +
      [32m'    at file:///C:/Users/ghkdd/gemini-projects/solve-climb/node_modules/@vitest/run
ner/dist/index.js:1653:37\n'[39m +
      [32m'    at Traces.$ (file:///C:/Users/ghkdd/gemini-projects/solve-climb/node_modules/v
itest/dist/chunks/traces.U4xDYhzZ.js:115:27)\n'[39m +
      [32m'    at trace (file:///C:/Users/ghkdd/gemini-projects/solve-climb/node_modules/vite
st/dist/chunks/test.B8ej_ZHS.js:239:21)\n'[39m +
      [32m'    at runTest (file:///C:/Users/ghkdd/gemini-projects/solve-climb/node_modules/@v
itest/runner/dist/index.js:1653:12)'[39m
  }
}

[90mstderr[2m | src/utils/__tests__/tossGameCenter.test.ts[2m > [22m[2mtossGameCenter[2m
 > [22m[2mopenLeaderboard[2m > [22m[2mshould handle non-Error thrown value
[22m[39m[?좎뒪 寃뚯엫 ?쇳꽣] 由щ뜑蹂대뱶 ?닿린 ?몄텧 ???먮윭 諛쒖깮: string error
[?좎뒪 寃뚯엫 ?쇳꽣] 由щ뜑蹂대뱶 ?닿린 ?ㅽ뙣 - ?붾쾭源??뺣낫: {
  timestamp: [32m'2026-01-26T17:04:31.142Z'[39m,
  isTossApp: [33mtrue[39m,
  isLocalDev: [33mfalse[39m,
  operationalEnvironment: [32m'toss'[39m,
  userAgent: [32m'Mozilla/5.0 (win32) AppleWebKit/537.36 (KHTML, like Gecko) jsdom/27.4.0'[3
9m,
  location: [32m'https://example.com'[39m,
  hasReactNativeWebView: [33mtrue[39m,
  error: [32m'string error'[39m
}

 [32m??[39m src/utils/__tests__/tossGameCenter.test.ts [2m([22m[2m21 tests[22m[2m)[22m[32m 25[2mms[22m[39m
 [32m??[39m src/utils/__tests__/date.test.ts [2m([22m[2m6 tests[22m[2m)[22m[32m 33[2mms[22m[39m
 [32m??[39m src/utils/__tests__/challenge.test.ts [2m([22m[2m7 tests[22m[2m)[22m[32m 25[2mms[22m[39m
[90mstderr[2m | src/utils/__tests__/debugPresets.error.test.ts[2m > [22m[2mdebugPresets -
 Error Handling[2m > [22m[2mimportCustomPresets - Error Cases[2m > [22m[2mshould throw e
rror for invalid JSON format
[22m[39mFailed to import custom presets: SyntaxError: Expected property name or '}' in JSON 
at position 2 (line 1 column 3)
    at JSON.parse (<anonymous>)
    at Module.importCustomPresets (C:/Users/ghkdd/gemini-projects/solve-climb/src/utils/debugP
resets.ts:452:26)
    at C:/Users/ghkdd/gemini-projects/solve-climb/src/utils/__tests__/debugPresets.error.test.
ts:86:9
    at Proxy.assertThrows [90m(file:///C:/Users/ghkdd/gemini-projects/solve-climb/[39mnode_m
odules/[4mchai[24m/index.js:2798:5[90m)[39m
    at Proxy.methodWrapper [90m(file:///C:/Users/ghkdd/gemini-projects/solve-climb/[39mnode_
modules/[4mchai[24m/index.js:1700:25[90m)[39m
    at Proxy.<anonymous> [90m(file:///C:/Users/ghkdd/gemini-projects/solve-climb/[39mnode_mo
dules/[4m@vitest[24m/expect/dist/index.js:1149:12[90m)[39m
    at Proxy.overwritingMethodWrapper [90m(file:///C:/Users/ghkdd/gemini-projects/solve-climb
/[39mnode_modules/[4mchai[24m/index.js:1750:33[90m)[39m
    at Proxy.<anonymous> [90m(file:///C:/Users/ghkdd/gemini-projects/solve-climb/[39mnode_mo
dules/[4m@vitest[24m/expect/dist/index.js:1485:16[90m)[39m
    at Proxy.<anonymous> [90m(file:///C:/Users/ghkdd/gemini-projects/solve-climb/[39mnode_mo
dules/[4m@vitest[24m/expect/dist/index.js:1090:14[90m)[39m
    at Proxy.methodWrapper [90m(file:///C:/Users/ghkdd/gemini-projects/solve-climb/[39mnode_
modules/[4mchai[24m/index.js:1700:25[90m)[39m

[90mstderr[2m | src/utils/__tests__/debugPresets.error.test.ts[2m > [22m[2mdebugPresets -
 Error Handling[2m > [22m[2mimportCustomPresets - Error Cases[2m > [22m[2mshould throw e
rror when JSON is not an array
[22m[39mFailed to import custom presets: Error: Invalid preset format: must be an array
    at Module.importCustomPresets (C:/Users/ghkdd/gemini-projects/solve-climb/src/utils/debugP
resets.ts:456:13)
    at C:/Users/ghkdd/gemini-projects/solve-climb/src/utils/__tests__/debugPresets.error.test.
ts:92:9
    at Proxy.assertThrows [90m(file:///C:/Users/ghkdd/gemini-projects/solve-climb/[39mnode_m
odules/[4mchai[24m/index.js:2798:5[90m)[39m
    at Proxy.methodWrapper [90m(file:///C:/Users/ghkdd/gemini-projects/solve-climb/[39mnode_
modules/[4mchai[24m/index.js:1700:25[90m)[39m
    at Proxy.<anonymous> [90m(file:///C:/Users/ghkdd/gemini-projects/solve-climb/[39mnode_mo
dules/[4m@vitest[24m/expect/dist/index.js:1149:12[90m)[39m
    at Proxy.overwritingMethodWrapper [90m(file:///C:/Users/ghkdd/gemini-projects/solve-climb
/[39mnode_modules/[4mchai[24m/index.js:1750:33[90m)[39m
    at Proxy.<anonymous> [90m(file:///C:/Users/ghkdd/gemini-projects/solve-climb/[39mnode_mo
dules/[4m@vitest[24m/expect/dist/index.js:1485:16[90m)[39m
    at Proxy.<anonymous> [90m(file:///C:/Users/ghkdd/gemini-projects/solve-climb/[39mnode_mo
dules/[4m@vitest[24m/expect/dist/index.js:1090:14[90m)[39m
    at Proxy.methodWrapper [90m(file:///C:/Users/ghkdd/gemini-projects/solve-climb/[39mnode_
modules/[4mchai[24m/index.js:1700:25[90m)[39m
    at C:/Users/ghkdd/gemini-projects/solve-climb/src/utils/__tests__/debugPresets.error.test.
ts:93:10

[90mstderr[2m | src/utils/__tests__/debugPresets.error.test.ts[2m > [22m[2mdebugPresets -
 Error Handling[2m > [22m[2mimportCustomPresets - Error Cases[2m > [22m[2mshould throw e
rror when preset lacks required fields
[22m[39mFailed to import custom presets: Error: Invalid preset format: missing-name
    at Module.importCustomPresets (C:/Users/ghkdd/gemini-projects/solve-climb/src/utils/debugP
resets.ts:462:15)
    at C:/Users/ghkdd/gemini-projects/solve-climb/src/utils/__tests__/debugPresets.error.test.
ts:105:11
    at Proxy.assertThrows [90m(file:///C:/Users/ghkdd/gemini-projects/solve-climb/[39mnode_m
odules/[4mchai[24m/index.js:2798:5[90m)[39m
    at Proxy.methodWrapper [90m(file:///C:/Users/ghkdd/gemini-projects/solve-climb/[39mnode_
modules/[4mchai[24m/index.js:1700:25[90m)[39m
    at Proxy.<anonymous> [90m(file:///C:/Users/ghkdd/gemini-projects/solve-climb/[39mnode_mo
dules/[4m@vitest[24m/expect/dist/index.js:1149:12[90m)[39m
    at Proxy.overwritingMethodWrapper [90m(file:///C:/Users/ghkdd/gemini-projects/solve-climb
/[39mnode_modules/[4mchai[24m/index.js:1750:33[90m)[39m
    at Proxy.<anonymous> [90m(file:///C:/Users/ghkdd/gemini-projects/solve-climb/[39mnode_mo
dules/[4m@vitest[24m/expect/dist/index.js:1485:16[90m)[39m
    at Proxy.<anonymous> [90m(file:///C:/Users/ghkdd/gemini-projects/solve-climb/[39mnode_mo
dules/[4m@vitest[24m/expect/dist/index.js:1090:14[90m)[39m
    at Proxy.methodWrapper [90m(file:///C:/Users/ghkdd/gemini-projects/solve-climb/[39mnode_
modules/[4mchai[24m/index.js:1700:25[90m)[39m
    at C:/Users/ghkdd/gemini-projects/solve-climb/src/utils/__tests__/debugPresets.error.test.
ts:106:12
Failed to import custom presets: Error: Invalid preset format: missing-actions
    at Module.importCustomPresets (C:/Users/ghkdd/gemini-projects/solve-climb/src/utils/debugP
resets.ts:462:15)
    at C:/Users/ghkdd/gemini-projects/solve-climb/src/utils/__tests__/debugPresets.error.test.
ts:105:11
    at Proxy.assertThrows [90m(file:///C:/Users/ghkdd/gemini-projects/solve-climb/[39mnode_m
odules/[4mchai[24m/index.js:2798:5[90m)[39m
    at Proxy.methodWrapper [90m(file:///C:/Users/ghkdd/gemini-projects/solve-climb/[39mnode_
modules/[4mchai[24m/index.js:1700:25[90m)[39m
    at Proxy.<anonymous> [90m(file:///C:/Users/ghkdd/gemini-projects/solve-climb/[39mnode_mo
dules/[4m@vitest[24m/expect/dist/index.js:1149:12[90m)[39m
    at Proxy.overwritingMethodWrapper [90m(file:///C:/Users/ghkdd/gemini-projects/solve-climb
/[39mnode_modules/[4mchai[24m/index.js:1750:33[90m)[39m
    at Proxy.<anonymous> [90m(file:///C:/Users/ghkdd/gemini-projects/solve-climb/[39mnode_mo
dules/[4m@vitest[24m/expect/dist/index.js:1485:16[90m)[39m
    at Proxy.<anonymous> [90m(file:///C:/Users/ghkdd/gemini-projects/solve-climb/[39mnode_mo
dules/[4m@vitest[24m/expect/dist/index.js:1090:14[90m)[39m
    at Proxy.methodWrapper [90m(file:///C:/Users/ghkdd/gemini-projects/solve-climb/[39mnode_
modules/[4mchai[24m/index.js:1700:25[90m)[39m
    at C:/Users/ghkdd/gemini-projects/solve-climb/src/utils/__tests__/debugPresets.error.test.
ts:106:12
Failed to import custom presets: Error: Invalid preset format: unknown
    at Module.importCustomPresets (C:/Users/ghkdd/gemini-projects/solve-climb/src/utils/debugP
resets.ts:462:15)
    at C:/Users/ghkdd/gemini-projects/solve-climb/src/utils/__tests__/debugPresets.error.test.
ts:105:11
    at Proxy.assertThrows [90m(file:///C:/Users/ghkdd/gemini-projects/solve-climb/[39mnode_m
odules/[4mchai[24m/index.js:2798:5[90m)[39m
    at Proxy.methodWrapper [90m(file:///C:/Users/ghkdd/gemini-projects/solve-climb/[39mnode_
modules/[4mchai[24m/index.js:1700:25[90m)[39m
    at Proxy.<anonymous> [90m(file:///C:/Users/ghkdd/gemini-projects/solve-climb/[39mnode_mo
dules/[4m@vitest[24m/expect/dist/index.js:1149:12[90m)[39m
    at Proxy.overwritingMethodWrapper [90m(file:///C:/Users/ghkdd/gemini-projects/solve-climb
/[39mnode_modules/[4mchai[24m/index.js:1750:33[90m)[39m
    at Proxy.<anonymous> [90m(file:///C:/Users/ghkdd/gemini-projects/solve-climb/[39mnode_mo
dules/[4m@vitest[24m/expect/dist/index.js:1485:16[90m)[39m
    at Proxy.<anonymous> [90m(file:///C:/Users/ghkdd/gemini-projects/solve-climb/[39mnode_mo
dules/[4m@vitest[24m/expect/dist/index.js:1090:14[90m)[39m
    at Proxy.methodWrapper [90m(file:///C:/Users/ghkdd/gemini-projects/solve-climb/[39mnode_
modules/[4mchai[24m/index.js:1700:25[90m)[39m
    at C:/Users/ghkdd/gemini-projects/solve-climb/src/utils/__tests__/debugPresets.error.test.
ts:106:12

[90mstderr[2m | src/utils/__tests__/debugPresets.error.test.ts[2m > [22m[2mdebugPresets -
 Error Handling[2m > [22m[2mimportCustomPresets - Error Cases[2m > [22m[2mshould throw e
rror for empty preset array in invalid format
[22m[39mFailed to import custom presets: Error: Invalid preset format: unknown
    at Module.importCustomPresets (C:/Users/ghkdd/gemini-projects/solve-climb/src/utils/debugP
resets.ts:462:15)
    at C:/Users/ghkdd/gemini-projects/solve-climb/src/utils/__tests__/debugPresets.error.test.
ts:114:9
    at Proxy.assertThrows [90m(file:///C:/Users/ghkdd/gemini-projects/solve-climb/[39mnode_m
odules/[4mchai[24m/index.js:2798:5[90m)[39m
    at Proxy.methodWrapper [90m(file:///C:/Users/ghkdd/gemini-projects/solve-climb/[39mnode_
modules/[4mchai[24m/index.js:1700:25[90m)[39m
    at Proxy.<anonymous> [90m(file:///C:/Users/ghkdd/gemini-projects/solve-climb/[39mnode_mo
dules/[4m@vitest[24m/expect/dist/index.js:1149:12[90m)[39m
    at Proxy.overwritingMethodWrapper [90m(file:///C:/Users/ghkdd/gemini-projects/solve-climb
/[39mnode_modules/[4mchai[24m/index.js:1750:33[90m)[39m
    at Proxy.<anonymous> [90m(file:///C:/Users/ghkdd/gemini-projects/solve-climb/[39mnode_mo
dules/[4m@vitest[24m/expect/dist/index.js:1485:16[90m)[39m
    at Proxy.<anonymous> [90m(file:///C:/Users/ghkdd/gemini-projects/solve-climb/[39mnode_mo
dules/[4m@vitest[24m/expect/dist/index.js:1090:14[90m)[39m
    at Proxy.methodWrapper [90m(file:///C:/Users/ghkdd/gemini-projects/solve-climb/[39mnode_
modules/[4mchai[24m/index.js:1700:25[90m)[39m
    at C:/Users/ghkdd/gemini-projects/solve-climb/src/utils/__tests__/debugPresets.error.test.
ts:115:10

 [32m??[39m src/utils/__tests__/debugPresets.error.test.ts [2m([22m[2m11 tests[22m[2m)[22m[32m 29[2mms[22m[39m
 [32m??[39m src/utils/__tests__/validation-urlParams.test.ts [2m([22m[2m40 tests[22m[2m)[22m[32m 23[2mms[22m[39m
 [32m??[39m src/utils/__tests__/MathProblemGenerator.test.ts [2m([22m[2m29 tests[22m[2m)[22m[32m 22[2mms[22m[39m
 [32m??[39m src/constants/__tests__/tiers.test.ts [2m([22m[2m32 tests[22m[2m)[22m[32m 21[2mms[22m[39m
 [32m??[39m src/utils/__tests__/EquationProblemGenerator.test.ts [2m([22m[2m27 tests[22m[2m)[22m[32m 18[2mms[22m[39m
 [32m??[39m src/utils/__tests__/scoreCalculator.test.ts [2m([22m[2m33 tests[22m[2m)[22m[32m 15[2mms[22m[39m
 [32m??[39m src/utils/__tests__/quizGenerator.test.ts [2m([22m[2m15 tests[22m[2m)[22m[32m 14[2mms[22m[39m
 [32m??[39m src/utils/__tests__/storage.test.ts [2m([22m[2m21 tests[22m[2m)[22m[32m 13[2mms[22m[39m
[90mstdout[2m | src/stores/__tests__/useProfileStore.test.ts
[22m[39m[Env] ?? ?덉쟾???섍꼍 蹂??濡쒕뱶 ?꾨즺 (t3-env)
  [2026-01-26T17:04:37.521Z] [Env] 紐⑤뱶: test
  [2026-01-26T17:04:37.521Z] [Env] Supabase URL: ???곌껐??  [2026-01-26T17:04:37.521Z] [Env] Sentry: ???쒖꽦??  [2026-01-26T17:04:37.521Z] [Env] AdMob App ID: ca-app-pub-6410061165772335~9825031776
[Supabase] ?곌껐 ?쒕룄 以?.. URL: https://aekcjzxxjczqibxkoakg.supabase.co
[Supabase] 肄쒕갚 URL: http://localhost:3000/auth/callback

 [32m??[39m src/utils/__tests__/errorHandler.test.ts [2m([22m[2m20 tests[22m[2m)[22m[32m 33[2mms[22m[39m
 [32m??[39m src/utils/__tests__/logger.test.ts [2m([22m[2m10 tests[22m[2m)[22m[32m 11[2mms[22m[39m
 [32m??[39m src/stores/__tests__/useProfileStore.test.ts [2m([22m[2m17 tests[22m[2m)[22m[32m 14[2mms[22m[39m
 [32m??[39m src/utils/__tests__/haptic.test.ts [2m([22m[2m8 tests[22m[2m)[22m[32m 12[2mms[22m[39m
 [32m??[39m src/stores/__tests__/useFavoriteStore.test.ts [2m([22m[2m12 tests[22m[2m)[22m[32m 11[2mms[22m[39m
 [32m??[39m src/utils/__tests__/dataReset.test.ts [2m([22m[2m8 tests[22m[2m)[22m[32m 11[2mms[22m[39m
 [32m??[39m src/utils/__tests__/debug.test.ts [2m([22m[2m10 tests[22m[2m)[22m[32m 11[2mms[22m[39m
 [32m??[39m src/utils/__tests__/safeJsonParse.test.ts [2m([22m[2m18 tests[22m[2m)[22m[32m 12[2mms[22m[39m
[90mstderr[2m | src/stores/__tests__/useAuthStore.test.ts[2m > [22m[2museAuthStore[2m > 
[22m[2mshould handle anonymous sign-in error during initialize
[22m[39m[AuthStore] Anonymous sign-in failed: Sign-in failed

[90mstderr[2m | src/stores/__tests__/useAuthStore.test.ts[2m > [22m[2museAuthStore[2m > 
[22m[2mshould handle anonymous sign-in error during manual sign-in
[22m[39m[AuthStore] Manual anonymous sign-in failed: Sign-in failed

 [32m??[39m src/stores/__tests__/useAuthStore.test.ts [2m([22m[2m10 tests[22m[2m)[22m[32m 13[2mms[22m[39m
[90mstdout[2m | src/utils/__tests__/env.test.ts[2m > [22m[2menv[2m > [22m[2mlogEnvInfo[2m > [22m[2mshould not throw error
[22m[39m[Env] ?? ?덉쟾???섍꼍 蹂??濡쒕뱶 ?꾨즺 (t3-env)
  [2026-01-26T17:04:41.160Z] [Env] 紐⑤뱶: test
  [2026-01-26T17:04:41.161Z] [Env] Supabase URL: ???곌껐??  [2026-01-26T17:04:41.161Z] [Env] Sentry: ???쒖꽦??  [2026-01-26T17:04:41.161Z] [Env] AdMob App ID: ca-app-pub-6410061165772335~9825031776

 [32m??[39m src/utils/__tests__/env.test.ts [2m([22m[2m9 tests[22m[2m)[22m[32m 10[2mms[22m[39m
 [32m??[39m src/utils/__tests__/tierUtils.test.ts [2m([22m[2m19 tests[22m[2m)[22m[32m 11[2mms[22m[39m
 [32m??[39m src/utils/__tests__/validation.test.ts [2m([22m[2m20 tests[22m[2m)[22m[32m 11[2mms[22m[39m
[90mstdout[2m | src/utils/__tests__/tossLogin.test.ts[2m > [22m[2mtossLogin[2m > [22m[2mshould handle successful login
[22m[39m[?좎뒪 濡쒓렇?? appLogin ?몄텧 ?쒖옉

[90mstdout[2m | src/utils/__tests__/tossLogin.test.ts[2m > [22m[2mtossLogin[2m > [22m[2mshould handle successful login
[22m[39m[?좎뒪 濡쒓렇?? appLogin ?몄텧 ?꾨즺: {
  hasResult: [33mtrue[39m,
  hasAuthorizationCode: [33mtrue[39m,
  authorizationCodePrefix: [32m'test-code'[39m,
  referrer: [32m'DEFAULT'[39m
}

[90mstdout[2m | src/utils/__tests__/tossLogin.test.ts[2m > [22m[2mtossLogin[2m > [22m[2mshould handle login error
[22m[39m[?좎뒪 濡쒓렇?? appLogin ?몄텧 ?쒖옉

[90mstderr[2m | src/utils/__tests__/tossLogin.test.ts[2m > [22m[2mtossLogin[2m > [22m[
2mshould handle login error
[22m[39m[?좎뒪 濡쒓렇?? appLogin ?몄텧 以??덉쇅 諛쒖깮: Error: Login failed
    at C:/Users/ghkdd/gemini-projects/solve-climb/src/utils/__tests__/tossLogin.test.ts:43:43
    at [90mfile:///C:/Users/ghkdd/gemini-projects/solve-climb/[39mnode_modules/[4m@vitest[
24m/runner/dist/index.js:145:11
    at [90mfile:///C:/Users/ghkdd/gemini-projects/solve-climb/[39mnode_modules/[4m@vitest[
24m/runner/dist/index.js:915:26
    at [90mfile:///C:/Users/ghkdd/gemini-projects/solve-climb/[39mnode_modules/[4m@vitest[
24m/runner/dist/index.js:1243:20
    at new Promise (<anonymous>)
    at runWithTimeout [90m(file:///C:/Users/ghkdd/gemini-projects/solve-climb/[39mnode_modul
es/[4m@vitest[24m/runner/dist/index.js:1209:10[90m)[39m
    at [90mfile:///C:/Users/ghkdd/gemini-projects/solve-climb/[39mnode_modules/[4m@vitest[
24m/runner/dist/index.js:1653:37
    at Traces.$ [90m(file:///C:/Users/ghkdd/gemini-projects/solve-climb/[39mnode_modules/[4
mvitest[24m/dist/chunks/traces.U4xDYhzZ.js:115:27[90m)[39m
    at trace [90m(file:///C:/Users/ghkdd/gemini-projects/solve-climb/[39mnode_modules/[4mvi
test[24m/dist/chunks/test.B8ej_ZHS.js:239:21[90m)[39m
    at runTest [90m(file:///C:/Users/ghkdd/gemini-projects/solve-climb/[39mnode_modules/[4m
@vitest[24m/runner/dist/index.js:1653:12[90m)[39m

[90mstdout[2m | src/utils/__tests__/tossLogin.test.ts[2m > [22m[2mtossLogin[2m > [22m[2mshould handle missing authorization code
[22m[39m[?좎뒪 濡쒓렇?? appLogin ?몄텧 ?쒖옉

[90mstdout[2m | src/utils/__tests__/tossLogin.test.ts[2m > [22m[2mtossLogin[2m > [22m[2mshould handle missing authorization code
[22m[39m[?좎뒪 濡쒓렇?? appLogin ?몄텧 ?꾨즺: {
  hasResult: [33mtrue[39m,
  hasAuthorizationCode: [33mfalse[39m,
  authorizationCodePrefix: [32m'N/A'[39m,
  referrer: [32m'N/A'[39m
}

[90mstderr[2m | src/utils/__tests__/tossLogin.test.ts[2m > [22m[2mtossLogin[2m > [22m[
2mshould handle missing authorization code
[22m[39m[?좎뒪 濡쒓렇?? appLogin 寃곌낵媛 ?щ컮瑜댁? ?딆쓬: { result: { authorizationCode: [1mnull[22m }
, hasAuthorizationCode: [33mfalse[39m }

 [32m??[39m src/utils/__tests__/tossLogin.test.ts [2m([22m[2m4 tests[22m[2m)[22m[32m 10[2mms[22m[39m
 [32m??[39m src/utils/__tests__/LogicProblemGenerator.test.ts [2m([22m[2m8 tests[22m[2m)[22m[32m 10[2mms[22m[39m
 [32m??[39m src/utils/__tests__/japanese.test.ts [2m([22m[2m12 tests[22m[2m)[22m[32m 10[2mms[22m[39m
 [32m??[39m src/stores/__tests__/useDebugStore.test.ts [2m([22m[2m13 tests[22m[2m)[22m[32m 11[2mms[22m[39m
[90mstdout[2m | src/utils/__tests__/supabaseClient.test.ts[2m > [22m[2msupabaseClient[2m > [22m[2mshould create supabase client
[22m[39m[Supabase] ?곌껐 ?쒕룄 以?.. URL: http://localhost (Fallback)

[90mstderr[2m | src/utils/__tests__/supabaseClient.test.ts[2m > [22m[2msupabaseClient[2m
 > [22m[2mshould create supabase client
[22m[39m??[Supabase] ?꾩닔 ?섍꼍 蹂?섍? ?꾨씫?섏뿀?듬땲?? .env ?뚯씪???뺤씤?섍퀬 dev ?쒕쾭瑜??ъ떆?묓빐二쇱꽭??

 [32m??[39m src/utils/__tests__/supabaseClient.test.ts [2m([22m[2m2 tests[22m[2m)[22m[32m 8[2mms[22m[39m
 [32m??[39m src/utils/__tests__/storageKey.test.ts [2m([22m[2m12 tests[22m[2m)[22m[32m 9[2mms[22m[39m
 [32m??[39m src/utils/__tests__/tossGameLogin.test.ts [2m([22m[2m4 tests[22m[2m)[22m[32m 7[2mms[22m[39m
 [32m??[39m src/utils/__tests__/math.test.ts [2m([22m[2m6 tests[22m[2m)[22m[32m 8[2mms[22m[39m
[90mstdout[2m | src/stores/__tests__/rankingVerification.test.ts[2m > [22m[2mRanking System V2 Verification[2m > [22m[2mshould fetch weekly ranking successfully
[22m[39mRPC Success. Data length: [33m0[39m
Sample Data: [90mundefined[39m

 [32m??[39m src/stores/__tests__/rankingVerification.test.ts [2m([22m[2m1 test[22m[2m)[22m[32m 7[2mms[22m[39m

[31m??렞??렞??렞[39m[1m[41m Failed Tests 18 [49m[22m[31m??렞??렞??렞??[39m

[41m[1m FAIL [22m[49m src/hooks/__tests__/useBadgeChecker.test.ts[2m > [22museBadgeCheck
er[2m > [22mshould not award badges if criteria not met
[31m[1mTypeError[22m: __vite_ssr_import_1__.supabase.rpc is not a function[39m
[36m [2m??[22m Object.checkAndAwardBadges src/hooks/useBadgeChecker.ts:[2m20:18[22m[39m
    [90m 18| [39m    [35mif[39m (isUuid) {
    [90m 19| [39m      [35mconst[39m { data[33m,[39m error } [33m=[39m [35mawait[39m
 [34mvalidatedRpc[39m(
    [90m 20| [39m        supabase[33m.[39m[34mrpc[39m([32m'check_and_award_badges'[39m
[33m,[39m { p_user_id[33m:[39m userId })[33m,[39m
    [90m   | [39m                 [31m^[39m
    [90m 21| [39m        [33mCheckAndAwardBadgesResponseSchema[39m[33m,[39m
    [90m 22| [39m        [32m'check_and_award_badges'[39m
[90m [2m??[22m src/hooks/__tests__/useBadgeChecker.test.ts:[2m120:26[22m[39m

[31m[2m??렞??렞??렞??렞??렞??렞??렞??렞??렞??렞??렞??1/18]??[22m[39m

[41m[1m FAIL [22m[49m src/hooks/__tests__/useBadgeChecker.test.ts[2m > [22museBadgeCheck
er[2m > [22mshould award altitude badge when condition met
[31m[1mTypeError[22m: __vite_ssr_import_1__.supabase.rpc is not a function[39m
[36m [2m??[22m Object.checkAndAwardBadges src/hooks/useBadgeChecker.ts:[2m20:18[22m[39m
    [90m 18| [39m    [35mif[39m (isUuid) {
    [90m 19| [39m      [35mconst[39m { data[33m,[39m error } [33m=[39m [35mawait[39m
 [34mvalidatedRpc[39m(
    [90m 20| [39m        supabase[33m.[39m[34mrpc[39m([32m'check_and_award_badges'[39m
[33m,[39m { p_user_id[33m:[39m userId })[33m,[39m
    [90m   | [39m                 [31m^[39m
    [90m 21| [39m        [33mCheckAndAwardBadgesResponseSchema[39m[33m,[39m
    [90m 22| [39m        [32m'check_and_award_badges'[39m
[90m [2m??[22m src/hooks/__tests__/useBadgeChecker.test.ts:[2m130:44[22m[39m

[31m[2m??렞??렞??렞??렞??렞??렞??렞??렞??렞??렞??렞??2/18]??[22m[39m

[41m[1m FAIL [22m[49m src/hooks/__tests__/useBadgeChecker.test.ts[2m > [22museBadgeCheck
er[2m > [22mshould award streak badge when condition met
[31m[1mTypeError[22m: __vite_ssr_import_1__.supabase.rpc is not a function[39m
[36m [2m??[22m Object.checkAndAwardBadges src/hooks/useBadgeChecker.ts:[2m20:18[22m[39m
    [90m 18| [39m    [35mif[39m (isUuid) {
    [90m 19| [39m      [35mconst[39m { data[33m,[39m error } [33m=[39m [35mawait[39m
 [34mvalidatedRpc[39m(
    [90m 20| [39m        supabase[33m.[39m[34mrpc[39m([32m'check_and_award_badges'[39m
[33m,[39m { p_user_id[33m:[39m userId })[33m,[39m
    [90m   | [39m                 [31m^[39m
    [90m 21| [39m        [33mCheckAndAwardBadgesResponseSchema[39m[33m,[39m
    [90m 22| [39m        [32m'check_and_award_badges'[39m
[90m [2m??[22m src/hooks/__tests__/useBadgeChecker.test.ts:[2m145:44[22m[39m

[31m[2m??렞??렞??렞??렞??렞??렞??렞??렞??렞??렞??렞??3/18]??[22m[39m

[41m[1m FAIL [22m[49m src/hooks/__tests__/useBadgeChecker.test.ts[2m > [22museBadgeCheck
er[2m > [22mshould award accuracy badge when condition met
[31m[1mTypeError[22m: __vite_ssr_import_1__.supabase.rpc is not a function[39m
[36m [2m??[22m Object.checkAndAwardBadges src/hooks/useBadgeChecker.ts:[2m20:18[22m[39m
    [90m 18| [39m    [35mif[39m (isUuid) {
    [90m 19| [39m      [35mconst[39m { data[33m,[39m error } [33m=[39m [35mawait[39m
 [34mvalidatedRpc[39m(
    [90m 20| [39m        supabase[33m.[39m[34mrpc[39m([32m'check_and_award_badges'[39m
[33m,[39m { p_user_id[33m:[39m userId })[33m,[39m
    [90m   | [39m                 [31m^[39m
    [90m 21| [39m        [33mCheckAndAwardBadgesResponseSchema[39m[33m,[39m
    [90m 22| [39m        [32m'check_and_award_badges'[39m
[90m [2m??[22m src/hooks/__tests__/useBadgeChecker.test.ts:[2m155:44[22m[39m

[31m[2m??렞??렞??렞??렞??렞??렞??렞??렞??렞??렞??렞??4/18]??[22m[39m

[41m[1m FAIL [22m[49m src/hooks/__tests__/useBadgeChecker.test.ts[2m > [22museBadgeCheck
er[2m > [22mshould award level badge when condition met
[31m[1mTypeError[22m: __vite_ssr_import_1__.supabase.rpc is not a function[39m
[36m [2m??[22m Object.checkAndAwardBadges src/hooks/useBadgeChecker.ts:[2m20:18[22m[39m
    [90m 18| [39m    [35mif[39m (isUuid) {
    [90m 19| [39m      [35mconst[39m { data[33m,[39m error } [33m=[39m [35mawait[39m
 [34mvalidatedRpc[39m(
    [90m 20| [39m        supabase[33m.[39m[34mrpc[39m([32m'check_and_award_badges'[39m
[33m,[39m { p_user_id[33m:[39m userId })[33m,[39m
    [90m   | [39m                 [31m^[39m
    [90m 21| [39m        [33mCheckAndAwardBadgesResponseSchema[39m[33m,[39m
    [90m 22| [39m        [32m'check_and_award_badges'[39m
[90m [2m??[22m src/hooks/__tests__/useBadgeChecker.test.ts:[2m177:44[22m[39m

[31m[2m??렞??렞??렞??렞??렞??렞??렞??렞??렞??렞??렞??5/18]??[22m[39m

[41m[1m FAIL [22m[49m src/hooks/__tests__/useBadgeChecker.test.ts[2m > [22museBadgeCheck
er[2m > [22mshould NOT award already owned badges
[31m[1mTypeError[22m: __vite_ssr_import_1__.supabase.rpc is not a function[39m
[36m [2m??[22m Object.checkAndAwardBadges src/hooks/useBadgeChecker.ts:[2m20:18[22m[39m
    [90m 18| [39m    [35mif[39m (isUuid) {
    [90m 19| [39m      [35mconst[39m { data[33m,[39m error } [33m=[39m [35mawait[39m
 [34mvalidatedRpc[39m(
    [90m 20| [39m        supabase[33m.[39m[34mrpc[39m([32m'check_and_award_badges'[39m
[33m,[39m { p_user_id[33m:[39m userId })[33m,[39m
    [90m   | [39m                 [31m^[39m
    [90m 21| [39m        [33mCheckAndAwardBadgesResponseSchema[39m[33m,[39m
    [90m 22| [39m        [32m'check_and_award_badges'[39m
[90m [2m??[22m src/hooks/__tests__/useBadgeChecker.test.ts:[2m198:44[22m[39m

[31m[2m??렞??렞??렞??렞??렞??렞??렞??렞??렞??렞??렞??6/18]??[22m[39m

[41m[1m FAIL [22m[49m src/hooks/__tests__/useMyPageStats.test.ts[2m > [22museMyPageStats
[2m > [22mshould calculate bestSubject from theme_mapping
[31m[1mAssertionError[22m: expected 'undefined' to be 'theme-1' // Object.is equality[39m

Expected: [32m"theme-1"[39m
Received: [31m"undefined"[39m

[36m [2m??[22m src/hooks/__tests__/useMyPageStats.test.ts:[2m510:47[22m[39m
    [90m508| [39m
    [90m509| [39m    [34mexpect[39m(result[33m.[39mcurrent[33m.[39mstats)[33m.[39m[
34mtoBeTruthy[39m()[33m;[39m
    [90m510| [39m    [34mexpect[39m(result[33m.[39mcurrent[33m.[39mstats[33m?.[39mbe
stSubject)[33m.[39m[34mtoBe[39m([32m'theme-1'[39m)[33m;[39m
    [90m   | [39m                                              [31m^[39m
    [90m511| [39m  })[33m;[39m
    [90m512| [39m

[31m[2m??렞??렞??렞??렞??렞??렞??렞??렞??렞??렞??렞??7/18]??[22m[39m

[41m[1m FAIL [22m[49m src/hooks/__tests__/useMyPageStats.test.ts[2m > [22museMyPageStats
[2m > [22mshould handle bestSubject fallback to name when theme_id not found
[31m[1mAssertionError[22m: expected 'undefined' to be 'Math' // Object.is equality[39m

Expected: [32m"Math"[39m
Received: [31m"undefined"[39m

[36m [2m??[22m src/hooks/__tests__/useMyPageStats.test.ts:[2m761:47[22m[39m
    [90m759| [39m
    [90m760| [39m    [34mexpect[39m(result[33m.[39mcurrent[33m.[39mstats)[33m.[39m[
34mtoBeTruthy[39m()[33m;[39m
    [90m761| [39m    [34mexpect[39m(result[33m.[39mcurrent[33m.[39mstats[33m?.[39mbe
stSubject)[33m.[39m[34mtoBe[39m([32m'Math'[39m)[33m;[39m
    [90m   | [39m                                              [31m^[39m
    [90m762| [39m  })[33m;[39m
    [90m763| [39m

[31m[2m??렞??렞??렞??렞??렞??렞??렞??렞??렞??렞??렞??8/18]??[22m[39m

[41m[1m FAIL [22m[49m src/stores/__tests__/useLevelProgressStore.test.ts[2m > [22museLev
elProgressStore[2m > [22mshould sync progress from Supabase
[31m[1mAssertionError[22m: expected false to be true // Object.is equality

Ignored nodes: comments, script, style
[36m<html>[31m
  [36m<head />[31m
  [36m<body>[31m
    [36m<div />[31m
    [36m<div />[31m
  [36m</body>[31m
[36m</html>[31m[39m

[32m- Expected[39m
[31m+ Received[39m

[32m- true[39m
[31m+ false[39m

[36m [2m??[22m src/stores/__tests__/useLevelProgressStore.test.ts:[2m346:68[22m[39m
    [90m344| [39m
    [90m345| [39m    [35mawait[39m [34mwaitFor[39m(() [33m=>[39m {
    [90m346| [39m      expect(result.current.isLevelCleared('math', 'addition', 1)).toB??   
 [90m   | [39m                                                                   [31m^[39m
    [90m347| [39m      expect(result.current.isLevelCleared('math', 'addition', 2)).toB??   
 [90m348| [39m      const progress = result.current.getLevelProgress('math', 'additi??[90m 
[2m??[22m runWithExpensiveErrorDiagnosticsDisabled node_modules/@testing-library/dom/dist/con
fig.js:[2m47:12[22m[39m
[90m [2m??[22m checkCallback node_modules/@testing-library/dom/dist/wait-for.js:[2m124:77[
22m[39m
[90m [2m??[22m Timeout.checkRealTimersCallback node_modules/@testing-library/dom/dist/wait-f
or.js:[2m118:16[22m[39m

[31m[2m??렞??렞??렞??렞??렞??렞??렞??렞??렞??렞??렞??9/18]??[22m[39m

[41m[1m FAIL [22m[49m src/stores/__tests__/useLevelProgressStore.test.ts[2m > [22museLev
elProgressStore[2m > [22mshould handle syncProgress when cleared is false
[31m[1mTypeError[22m: Cannot read properties of undefined (reading 'cleared')[39m
[36m [2m??[22m src/stores/__tests__/useLevelProgressStore.test.ts:[2m740:24[22m[39m
    [90m738| [39m
    [90m739| [39m    const progress = result.current.getLevelProgress('math', 'addition??   
 [90m740| [39m    [34mexpect[39m(progress[[34m0[39m][33m.[39mcleared)[33m.[39m[34mt
oBe[39m([35mfalse[39m)[33m;[39m
    [90m   | [39m                       [31m^[39m
    [90m741| [39m    [34mexpect[39m(progress[[34m0[39m][33m.[39mbestScore[[32m'time-a
ttack'[39m])[33m.[39m[34mtoBe[39m([34m100[39m)[33m;[39m
    [90m742| [39m  })[33m;[39m

[31m[2m??렞??렞??렞??렞??렞??렞??렞??렞??렞??렞??렞[10/18]??[22m[39m

[41m[1m FAIL [22m[49m src/stores/__tests__/useLevelProgressStore.test.ts[2m > [22museLev
elProgressStore[2m > [22mshould handle syncProgress when server score is higher
[31m[1mAssertionError[22m: expected 100 to be 200 // Object.is equality[39m

[32m- Expected[39m
[31m+ Received[39m

[32m- 200[39m
[31m+ 100[39m

[36m [2m??[22m src/stores/__tests__/useLevelProgressStore.test.ts:[2m816:50[22m[39m
    [90m814| [39m
    [90m815| [39m    const progress = result.current.getLevelProgress('math', 'addition??   
 [90m816| [39m    expect(progress[0].bestScore['time-attack']).toBe(200); // Should ??    [
90m   | [39m                                                 [31m^[39m
    [90m817| [39m  })[33m;[39m
    [90m818| [39m

[31m[2m??렞??렞??렞??렞??렞??렞??렞??렞??렞??렞??렞[11/18]??[22m[39m

[41m[1m FAIL [22m[49m src/stores/__tests__/useLevelProgressStore.test.ts[2m > [22museLev
elProgressStore[2m > [22mshould handle syncProgress when local bestScore is null
[31m[1mTypeError[22m: Cannot read properties of undefined (reading 'bestScore')[39m
[36m [2m??[22m src/stores/__tests__/useLevelProgressStore.test.ts:[2m848:24[22m[39m
    [90m846| [39m
    [90m847| [39m    const progress = result.current.getLevelProgress('math', 'addition??   
 [90m848| [39m    expect(progress[0].bestScore['time-attack']).toBe(100); // Should ??    [
90m   | [39m                       [31m^[39m
    [90m849| [39m  })[33m;[39m
    [90m850| [39m

[31m[2m??렞??렞??렞??렞??렞??렞??렞??렞??렞??렞??렞[12/18]??[22m[39m

[41m[1m FAIL [22m[49m src/stores/__tests__/useLevelProgressStore.test.ts[2m > [22museLev
elProgressStore[2m > [22mshould handle fetchRanking with custom limit
[31m[1mAssertionError[22m: expected "vi.fn()" to be called with arguments: [ 'get_ranking_v
2', ??1) ][90m

Number of calls: [1m0[22m
[31m[39m
[36m [2m??[22m src/stores/__tests__/useLevelProgressStore.test.ts:[2m938:26[22m[39m
    [90m936| [39m    })[33m;[39m
    [90m937| [39m
    [90m938| [39m    [34mexpect[39m(supabase[33m.[39mrpc)[33m.[39m[34mtoHaveBeenCalle
dWith[39m([32m'get_ranking_v2'[39m[33m,[39m {
    [90m   | [39m                         [31m^[39m
    [90m939| [39m      p_category[33m:[39m [32m'math'[39m[33m,[39m
    [90m940| [39m      p_period[33m:[39m [32m'all-time'[39m[33m,[39m

[31m[2m??렞??렞??렞??렞??렞??렞??렞??렞??렞??렞??렞[13/18]??[22m[39m

[41m[1m FAIL [22m[49m src/utils/__tests__/debugPresets.test.ts[2m > [22mdebugPresets - e
xecuteDebugAction[2m > [22mgrantAllItems action[2m > [22mshould execute grantAllItems acti
on with default quantity
[31m[1mAssertionError[22m: expected "vi.fn()" to be called with arguments: [ [ { ??3) }, { 
??3) } ], ??1) ][90m

Number of calls: [1m0[22m
[31m[39m
[36m [2m??[22m src/utils/__tests__/debugPresets.test.ts:[2m838:26[22m[39m
    [90m836| [39m      [35mawait[39m [34mexecuteDebugAction[39m(action[33m,[39m userId
)[33m;[39m
    [90m837| [39m
    [90m838| [39m      [34mexpect[39m(mockUpsert)[33m.[39m[34mtoHaveBeenCalledWith[39m
(
    [90m   | [39m                         [31m^[39m
    [90m839| [39m        [
    [90m840| [39m          { user_id[33m:[39m userId[33m,[39m item_id[33m:[39m [32m'i
tem-1'[39m[33m,[39m quantity[33m:[39m [34m99[39m }[33m,[39m

[31m[2m??렞??렞??렞??렞??렞??렞??렞??렞??렞??렞??렞[14/18]??[22m[39m

[41m[1m FAIL [22m[49m src/utils/__tests__/debugPresets.test.ts[2m > [22mdebugPresets - e
xecuteDebugAction[2m > [22mgrantAllItems action[2m > [22mshould execute grantAllItems acti
on with custom quantity
[31m[1mAssertionError[22m: expected "vi.fn()" to be called with arguments: [ [ { ??3) } ], 
??1) ][90m

Number of calls: [1m0[22m
[31m[39m
[36m [2m??[22m src/utils/__tests__/debugPresets.test.ts:[2m858:26[22m[39m
    [90m856| [39m      [35mawait[39m [34mexecuteDebugAction[39m(action[33m,[39m userId
)[33m;[39m
    [90m857| [39m
    [90m858| [39m      [34mexpect[39m(mockUpsert)[33m.[39m[34mtoHaveBeenCalledWith[39m
(
    [90m   | [39m                         [31m^[39m
    [90m859| [39m        [{ user_id[33m:[39m userId[33m,[39m item_id[33m:[39m [32m'it
em-1'[39m[33m,[39m quantity[33m:[39m [34m50[39m }][33m,[39m
    [90m860| [39m        { onConflict[33m:[39m [32m'user_id,item_id'[39m }

[31m[2m??렞??렞??렞??렞??렞??렞??렞??렞??렞??렞??렞[15/18]??[22m[39m

[41m[1m FAIL [22m[49m src/utils/__tests__/debugPresets.test.ts[2m > [22mdebugPresets - e
xecuteDebugAction[2m > [22mgrantAllItems action[2m > [22mshould throw error when upsert fa
ils
[31m[1mAssertionError[22m: promise resolved "undefined" instead of rejecting[39m

[32m- Expected:[39m 
Error {
  "message": "rejected promise",
}

[31m+ Received:[39m 
undefined

[36m [2m??[22m src/utils/__tests__/debugPresets.test.ts:[2m882:54[22m[39m
    [90m880| [39m
    [90m881| [39m      [35mconst[39m action[33m:[39m [33mDebugAction[39m [33m=[39m {
 type[33m:[39m [32m'grantAllItems'[39m }[33m;[39m
    [90m882| [39m      await expect(executeDebugAction(action, userId)).rejects.toEqual??   
 [90m   | [39m                                                     [31m^[39m
    [90m883| [39m    })[33m;[39m
    [90m884| [39m

[31m[2m??렞??렞??렞??렞??렞??렞??렞??렞??렞??렞??렞[16/18]??[22m[39m

[41m[1m FAIL [22m[49m src/utils/__tests__/debugPresets.test.ts[2m > [22mdebugPresets - e
xecuteDebugAction[2m > [22mgrantAllItems action[2m > [22mshould handle empty items array
[31m[1mAssertionError[22m: expected "vi.fn()" to be called with arguments: [ [], ??1) ][90
m

Number of calls: [1m0[22m
[31m[39m
[36m [2m??[22m src/utils/__tests__/debugPresets.test.ts:[2m895:26[22m[39m
    [90m893| [39m      [35mawait[39m [34mexecuteDebugAction[39m(action[33m,[39m userId
)[33m;[39m
    [90m894| [39m
    [90m895| [39m      expect(mockUpsert).toHaveBeenCalledWith([], { onConflict: 'user_??   
 [90m   | [39m                         [31m^[39m
    [90m896| [39m    })[33m;[39m
    [90m897| [39m  })[33m;[39m

[31m[2m??렞??렞??렞??렞??렞??렞??렞??렞??렞??렞??렞[17/18]??[22m[39m

[41m[1m FAIL [22m[49m src/utils/__tests__/debugPresets.test.ts[2m > [22mdebugPresets - e
xecuteDebugAction[2m > [22msetGameTime action[2m > [22mshould update existing game session
[31m[1mUnknown Error[22m: Badge grant failed[39m
[31m[2m??렞??렞??렞??렞??렞??렞??렞??렞??렞??렞??렞[18/18]??[22m[39m


[2m Test Files [22m [1m[31m4 failed[39m[22m[2m | [22m[1m[32m117 passed[39m[22m[90m (121)[39m
[2m      Tests [22m [1m[31m18 failed[39m[22m[2m | [22m[1m[32m1372 passed[39m[22m[90m (1390)[39m
[2m   Start at [22m 02:03:36
[2m   Duration [22m 70.64s[2m (transform 6.00s, setup 70.11s, import 31.89s, tests 16.51s, environment 191.91s)[22m

