
> react-vite-app@0.8.0 test
> vitest src/features/mypage/pages/__tests__/MyPage.test.tsx

[sentry-vite-plugin] Info: Sending telemetry data on issues and performance to Sentry. To disable telemetry, set `options.telemetry` to `false`.

[1m[46m RUN [49m[22m [36mv4.0.16 [39m[90mC:/Users/ghkdd/gemini-projects/solve-climb[39m

node.exe : TypeError: Cannot read properties of undefined (reading 'then')
위치 C:\Program Files\nodejs\npm.ps1:29 문자:3
+   & $NODE_EXE $NPM_CLI_JS $args
+   ~~~~~~~~~~~~~~~~~~~~~~~~~~~~~
    + CategoryInfo          : NotSpecified: (TypeError: Cann...reading 'then'):String) [], RemoteException
    + FullyQualifiedErrorId : NativeCommandError
 
    at C:/Users/ghkdd/gemini-projects/solve-climb/src/features/mypage/pages/MyPage.tsx:132:41
    at commitHookEffectListMount (C:\Users\ghkdd\gemini-projects\solve-climb\node_modules\react-dom\cjs\react-dom.devel
opment.js:23189:26)
    at commitPassiveMountOnFiber (C:\Users\ghkdd\gemini-projects\solve-climb\node_modules\react-dom\cjs\react-dom.devel
opment.js:24970:11)
    at commitPassiveMountEffects_complete (C:\Users\ghkdd\gemini-projects\solve-climb\node_modules\react-dom\cjs\react-
dom.development.js:24930:9)
    at commitPassiveMountEffects_begin (C:\Users\ghkdd\gemini-projects\solve-climb\node_modules\react-dom\cjs\react-dom
.development.js:24917:7)
    at commitPassiveMountEffects (C:\Users\ghkdd\gemini-projects\solve-climb\node_modules\react-dom\cjs\react-dom.devel
opment.js:24905:3)
    at flushPassiveEffectsImpl (C:\Users\ghkdd\gemini-projects\solve-climb\node_modules\react-dom\cjs\react-dom.develop
ment.js:27078:3)
    at flushPassiveEffects (C:\Users\ghkdd\gemini-projects\solve-climb\node_modules\react-dom\cjs\react-dom.development
.js:27023:14)
    at C:\Users\ghkdd\gemini-projects\solve-climb\node_modules\react-dom\cjs\react-dom.development.js:26808:9
    at flushActQueue (C:\Users\ghkdd\gemini-projects\solve-climb\node_modules\react\cjs\react.development.js:2667:24)
[90mstderr[2m | src/features/mypage/pages/__tests__/MyPage.test.tsx[2m > [22m[2mMyPage[2m > [22m[2m
[22m[39mThe above error occurred in the <MyPage> component:

    at MyPage (C:/Users/ghkdd/gemini-projects/solve-climb/src/features/mypage/pages/MyPage.tsx:90:81)
    at Router (file:///C:/Users/ghkdd/gemini-projects/solve-climb/node_modules/react-router/dist/development/chunk-EPOL
DU6W.mjs:6605:13)
    at BrowserRouter (file:///C:/Users/ghkdd/gemini-projects/solve-climb/node_modules/react-router/dist/development/chu
nk-EPOLDU6W.mjs:9815:3)

Consider adding an error boundary to your tree to customize error handling behavior.
Visit https://reactjs.org/link/error-boundaries to learn more about error boundaries.

TypeError: Cannot read properties of undefined (reading 'then')
    at C:/Users/ghkdd/gemini-projects/solve-climb/src/features/mypage/pages/MyPage.tsx:132:41
    at commitHookEffectListMount (C:\Users\ghkdd\gemini-projects\solve-climb\node_modules\react-dom\cjs\react-dom.devel
opment.js:23189:26)
    at commitPassiveMountOnFiber (C:\Users\ghkdd\gemini-projects\solve-climb\node_modules\react-dom\cjs\react-dom.devel
opment.js:24970:11)
    at commitPassiveMountEffects_complete (C:\Users\ghkdd\gemini-projects\solve-climb\node_modules\react-dom\cjs\react-
dom.development.js:24930:9)
    at commitPassiveMountEffects_begin (C:\Users\ghkdd\gemini-projects\solve-climb\node_modules\react-dom\cjs\react-dom
.development.js:24917:7)
    at commitPassiveMountEffects (C:\Users\ghkdd\gemini-projects\solve-climb\node_modules\react-dom\cjs\react-dom.devel
opment.js:24905:3)
    at flushPassiveEffectsImpl (C:\Users\ghkdd\gemini-projects\solve-climb\node_modules\react-dom\cjs\react-dom.develop
ment.js:27078:3)
    at flushPassiveEffects (C:\Users\ghkdd\gemini-projects\solve-climb\node_modules\react-dom\cjs\react-dom.development
.js:27023:14)
    at C:\Users\ghkdd\gemini-projects\solve-climb\node_modules\react-dom\cjs\react-dom.development.js:26808:9
    at flushActQueue (C:\Users\ghkdd\gemini-projects\solve-climb\node_modules\react\cjs\react.development.js:2667:24)
[90mstderr[2m | src/features/mypage/pages/__tests__/MyPage.test.tsx[2m > [22m[2mMyPage[2m > [22m[2mshould handl
e haptic toggle
[22m[39mThe above error occurred in the <MyPage> component:

    at MyPage (C:/Users/ghkdd/gemini-projects/solve-climb/src/features/mypage/pages/MyPage.tsx:90:81)
    at Router (file:///C:/Users/ghkdd/gemini-projects/solve-climb/node_modules/react-router/dist/development/chunk-EPOL
DU6W.mjs:6605:13)
    at BrowserRouter (file:///C:/Users/ghkdd/gemini-projects/solve-climb/node_modules/react-router/dist/development/chu
nk-EPOLDU6W.mjs:9815:3)

Consider adding an error boundary to your tree to customize error handling behavior.
Visit https://reactjs.org/link/error-boundaries to learn more about error boundaries.

TypeError: Cannot read properties of undefined (reading 'then')
    at C:/Users/ghkdd/gemini-projects/solve-climb/src/features/mypage/pages/MyPage.tsx:132:41
    at commitHookEffectListMount (C:\Users\ghkdd\gemini-projects\solve-climb\node_modules\react-dom\cjs\react-dom.devel
opment.js:23189:26)
    at commitPassiveMountOnFiber (C:\Users\ghkdd\gemini-projects\solve-climb\node_modules\react-dom\cjs\react-dom.devel
opment.js:24970:11)
    at commitPassiveMountEffects_complete (C:\Users\ghkdd\gemini-projects\solve-climb\node_modules\react-dom\cjs\react-
dom.development.js:24930:9)
    at commitPassiveMountEffects_begin (C:\Users\ghkdd\gemini-projects\solve-climb\node_modules\react-dom\cjs\react-dom
.development.js:24917:7)
    at commitPassiveMountEffects (C:\Users\ghkdd\gemini-projects\solve-climb\node_modules\react-dom\cjs\react-dom.devel
opment.js:24905:3)
    at flushPassiveEffectsImpl (C:\Users\ghkdd\gemini-projects\solve-climb\node_modules\react-dom\cjs\react-dom.develop
ment.js:27078:3)
    at flushPassiveEffects (C:\Users\ghkdd\gemini-projects\solve-climb\node_modules\react-dom\cjs\react-dom.development
.js:27023:14)
    at C:\Users\ghkdd\gemini-projects\solve-climb\node_modules\react-dom\cjs\react-dom.development.js:26808:9
    at flushActQueue (C:\Users\ghkdd\gemini-projects\solve-climb\node_modules\react\cjs\react.development.js:2667:24)
[90mstderr[2m | src/features/mypage/pages/__tests__/MyPage.test.tsx[2m > [22m[2mMyPage[2m > [22m[2mshould handl
e animation toggle
[22m[39mThe above error occurred in the <MyPage> component:

    at MyPage (C:/Users/ghkdd/gemini-projects/solve-climb/src/features/mypage/pages/MyPage.tsx:90:81)
    at Router (file:///C:/Users/ghkdd/gemini-projects/solve-climb/node_modules/react-router/dist/development/chunk-EPOL
DU6W.mjs:6605:13)
    at BrowserRouter (file:///C:/Users/ghkdd/gemini-projects/solve-climb/node_modules/react-router/dist/development/chu
nk-EPOLDU6W.mjs:9815:3)

Consider adding an error boundary to your tree to customize error handling behavior.
Visit https://reactjs.org/link/error-boundaries to learn more about error boundaries.

TypeError: Cannot read properties of undefined (reading 'then')
    at C:/Users/ghkdd/gemini-projects/solve-climb/src/features/mypage/pages/MyPage.tsx:132:41
    at commitHookEffectListMount (C:\Users\ghkdd\gemini-projects\solve-climb\node_modules\react-dom\cjs\react-dom.devel
opment.js:23189:26)
    at commitPassiveMountOnFiber (C:\Users\ghkdd\gemini-projects\solve-climb\node_modules\react-dom\cjs\react-dom.devel
opment.js:24970:11)
    at commitPassiveMountEffects_complete (C:\Users\ghkdd\gemini-projects\solve-climb\node_modules\react-dom\cjs\react-
dom.development.js:24930:9)
    at commitPassiveMountEffects_begin (C:\Users\ghkdd\gemini-projects\solve-climb\node_modules\react-dom\cjs\react-dom
.development.js:24917:7)
    at commitPassiveMountEffects (C:\Users\ghkdd\gemini-projects\solve-climb\node_modules\react-dom\cjs\react-dom.devel
opment.js:24905:3)
    at flushPassiveEffectsImpl (C:\Users\ghkdd\gemini-projects\solve-climb\node_modules\react-dom\cjs\react-dom.develop
ment.js:27078:3)
    at flushPassiveEffects (C:\Users\ghkdd\gemini-projects\solve-climb\node_modules\react-dom\cjs\react-dom.development
.js:27023:14)
    at C:\Users\ghkdd\gemini-projects\solve-climb\node_modules\react-dom\cjs\react-dom.development.js:26808:9
    at flushActQueue (C:\Users\ghkdd\gemini-projects\solve-climb\node_modules\react\cjs\react.development.js:2667:24)
[90mstderr[2m | src/features/mypage/pages/__tests__/MyPage.test.tsx[2m > [22m[2mMyPage[2m > [22m[2mshould handl
e data reset flow
[22m[39mThe above error occurred in the <MyPage> component:

    at MyPage (C:/Users/ghkdd/gemini-projects/solve-climb/src/features/mypage/pages/MyPage.tsx:90:81)
    at Router (file:///C:/Users/ghkdd/gemini-projects/solve-climb/node_modules/react-router/dist/development/chunk-EPOL
DU6W.mjs:6605:13)
    at BrowserRouter (file:///C:/Users/ghkdd/gemini-projects/solve-climb/node_modules/react-router/dist/development/chu
nk-EPOLDU6W.mjs:9815:3)

Consider adding an error boundary to your tree to customize error handling behavior.
Visit https://reactjs.org/link/error-boundaries to learn more about error boundaries.

TypeError: Cannot read properties of undefined (reading 'then')
    at C:/Users/ghkdd/gemini-projects/solve-climb/src/features/mypage/pages/MyPage.tsx:132:41
    at commitHookEffectListMount (C:\Users\ghkdd\gemini-projects\solve-climb\node_modules\react-dom\cjs\react-dom.devel
opment.js:23189:26)
    at commitPassiveMountOnFiber (C:\Users\ghkdd\gemini-projects\solve-climb\node_modules\react-dom\cjs\react-dom.devel
opment.js:24970:11)
    at commitPassiveMountEffects_complete (C:\Users\ghkdd\gemini-projects\solve-climb\node_modules\react-dom\cjs\react-
dom.development.js:24930:9)
    at commitPassiveMountEffects_begin (C:\Users\ghkdd\gemini-projects\solve-climb\node_modules\react-dom\cjs\react-dom
.development.js:24917:7)
    at commitPassiveMountEffects (C:\Users\ghkdd\gemini-projects\solve-climb\node_modules\react-dom\cjs\react-dom.devel
opment.js:24905:3)
    at flushPassiveEffectsImpl (C:\Users\ghkdd\gemini-projects\solve-climb\node_modules\react-dom\cjs\react-dom.develop
ment.js:27078:3)
    at flushPassiveEffects (C:\Users\ghkdd\gemini-projects\solve-climb\node_modules\react-dom\cjs\react-dom.development
.js:27023:14)
    at C:\Users\ghkdd\gemini-projects\solve-climb\node_modules\react-dom\cjs\react-dom.development.js:26808:9
    at flushActQueue (C:\Users\ghkdd\gemini-projects\solve-climb\node_modules\react\cjs\react.development.js:2667:24)
[90mstderr[2m | src/features/mypage/pages/__tests__/MyPage.test.tsx[2m > [22m[2mMyPage[2m > [22m[2mshould handl
e withdrawal flow
[22m[39mThe above error occurred in the <MyPage> component:

    at MyPage (C:/Users/ghkdd/gemini-projects/solve-climb/src/features/mypage/pages/MyPage.tsx:90:81)
    at Router (file:///C:/Users/ghkdd/gemini-projects/solve-climb/node_modules/react-router/dist/development/chunk-EPOL
DU6W.mjs:6605:13)
    at BrowserRouter (file:///C:/Users/ghkdd/gemini-projects/solve-climb/node_modules/react-router/dist/development/chu
nk-EPOLDU6W.mjs:9815:3)

Consider adding an error boundary to your tree to customize error handling behavior.
Visit https://reactjs.org/link/error-boundaries to learn more about error boundaries.

TypeError: Cannot read properties of undefined (reading 'then')
    at C:/Users/ghkdd/gemini-projects/solve-climb/src/features/mypage/pages/MyPage.tsx:132:41
    at commitHookEffectListMount (C:\Users\ghkdd\gemini-projects\solve-climb\node_modules\react-dom\cjs\react-dom.devel
opment.js:23189:26)
    at commitPassiveMountOnFiber (C:\Users\ghkdd\gemini-projects\solve-climb\node_modules\react-dom\cjs\react-dom.devel
opment.js:24970:11)
    at commitPassiveMountEffects_complete (C:\Users\ghkdd\gemini-projects\solve-climb\node_modules\react-dom\cjs\react-
dom.development.js:24930:9)
    at commitPassiveMountEffects_begin (C:\Users\ghkdd\gemini-projects\solve-climb\node_modules\react-dom\cjs\react-dom
.development.js:24917:7)
    at commitPassiveMountEffects (C:\Users\ghkdd\gemini-projects\solve-climb\node_modules\react-dom\cjs\react-dom.devel
opment.js:24905:3)
    at flushPassiveEffectsImpl (C:\Users\ghkdd\gemini-projects\solve-climb\node_modules\react-dom\cjs\react-dom.develop
ment.js:27078:3)
    at flushPassiveEffects (C:\Users\ghkdd\gemini-projects\solve-climb\node_modules\react-dom\cjs\react-dom.development
.js:27023:14)
    at C:\Users\ghkdd\gemini-projects\solve-climb\node_modules\react-dom\cjs\react-dom.development.js:26808:9
    at flushActQueue (C:\Users\ghkdd\gemini-projects\solve-climb\node_modules\react\cjs\react.development.js:2667:24)
[90mstderr[2m | src/features/mypage/pages/__tests__/MyPage.test.tsx[2m > [22m[2mMyPage[2m > [22m[2m
[22m[39mThe above error occurred in the <MyPage> component:

    at MyPage (C:/Users/ghkdd/gemini-projects/solve-climb/src/features/mypage/pages/MyPage.tsx:90:81)
    at Router (file:///C:/Users/ghkdd/gemini-projects/solve-climb/node_modules/react-router/dist/development/chunk-EPOL
DU6W.mjs:6605:13)
    at BrowserRouter (file:///C:/Users/ghkdd/gemini-projects/solve-climb/node_modules/react-router/dist/development/chu
nk-EPOLDU6W.mjs:9815:3)

Consider adding an error boundary to your tree to customize error handling behavior.
Visit https://reactjs.org/link/error-boundaries to learn more about error boundaries.

TypeError: Cannot read properties of undefined (reading 'then')
    at C:/Users/ghkdd/gemini-projects/solve-climb/src/features/mypage/pages/MyPage.tsx:132:41
    at commitHookEffectListMount (C:\Users\ghkdd\gemini-projects\solve-climb\node_modules\react-dom\cjs\react-dom.devel
opment.js:23189:26)
    at commitPassiveMountOnFiber (C:\Users\ghkdd\gemini-projects\solve-climb\node_modules\react-dom\cjs\react-dom.devel
opment.js:24970:11)
    at commitPassiveMountEffects_complete (C:\Users\ghkdd\gemini-projects\solve-climb\node_modules\react-dom\cjs\react-
dom.development.js:24930:9)
    at commitPassiveMountEffects_begin (C:\Users\ghkdd\gemini-projects\solve-climb\node_modules\react-dom\cjs\react-dom
.development.js:24917:7)
    at commitPassiveMountEffects (C:\Users\ghkdd\gemini-projects\solve-climb\node_modules\react-dom\cjs\react-dom.devel
opment.js:24905:3)
    at flushPassiveEffectsImpl (C:\Users\ghkdd\gemini-projects\solve-climb\node_modules\react-dom\cjs\react-dom.develop
ment.js:27078:3)
    at flushPassiveEffects (C:\Users\ghkdd\gemini-projects\solve-climb\node_modules\react-dom\cjs\react-dom.development
.js:27023:14)
    at C:\Users\ghkdd\gemini-projects\solve-climb\node_modules\react-dom\cjs\react-dom.development.js:26808:9
    at flushActQueue (C:\Users\ghkdd\gemini-projects\solve-climb\node_modules\react\cjs\react.development.js:2667:24)
[90mstderr[2m | src/features/mypage/pages/__tests__/MyPage.test.tsx[2m > [22m[2mMyPage[2m > [22m[2mshould handl
e anonymous login
[22m[39mThe above error occurred in the <MyPage> component:

    at MyPage (C:/Users/ghkdd/gemini-projects/solve-climb/src/features/mypage/pages/MyPage.tsx:90:81)
    at Router (file:///C:/Users/ghkdd/gemini-projects/solve-climb/node_modules/react-router/dist/development/chunk-EPOL
DU6W.mjs:6605:13)
    at BrowserRouter (file:///C:/Users/ghkdd/gemini-projects/solve-climb/node_modules/react-router/dist/development/chu
nk-EPOLDU6W.mjs:9815:3)

Consider adding an error boundary to your tree to customize error handling behavior.
Visit https://reactjs.org/link/error-boundaries to learn more about error boundaries.

TypeError: Cannot read properties of undefined (reading 'then')
    at C:/Users/ghkdd/gemini-projects/solve-climb/src/features/mypage/pages/MyPage.tsx:132:41
    at commitHookEffectListMount (C:\Users\ghkdd\gemini-projects\solve-climb\node_modules\react-dom\cjs\react-dom.devel
opment.js:23189:26)
    at commitPassiveMountOnFiber (C:\Users\ghkdd\gemini-projects\solve-climb\node_modules\react-dom\cjs\react-dom.devel
opment.js:24970:11)
    at commitPassiveMountEffects_complete (C:\Users\ghkdd\gemini-projects\solve-climb\node_modules\react-dom\cjs\react-
dom.development.js:24930:9)
    at commitPassiveMountEffects_begin (C:\Users\ghkdd\gemini-projects\solve-climb\node_modules\react-dom\cjs\react-dom
.development.js:24917:7)
    at commitPassiveMountEffects (C:\Users\ghkdd\gemini-projects\solve-climb\node_modules\react-dom\cjs\react-dom.devel
opment.js:24905:3)
    at flushPassiveEffectsImpl (C:\Users\ghkdd\gemini-projects\solve-climb\node_modules\react-dom\cjs\react-dom.develop
ment.js:27078:3)
    at flushPassiveEffects (C:\Users\ghkdd\gemini-projects\solve-climb\node_modules\react-dom\cjs\react-dom.development
.js:27023:14)
    at C:\Users\ghkdd\gemini-projects\solve-climb\node_modules\react-dom\cjs\react-dom.development.js:26808:9
    at flushActQueue (C:\Users\ghkdd\gemini-projects\solve-climb\node_modules\react\cjs\react.development.js:2667:24)
[90mstderr[2m | src/features/mypage/pages/__tests__/MyPage.test.tsx[2m > [22m[2mMyPage[2m > [22m[2mshould handl
e google login
[22m[39mThe above error occurred in the <MyPage> component:

    at MyPage (C:/Users/ghkdd/gemini-projects/solve-climb/src/features/mypage/pages/MyPage.tsx:90:81)
    at Router (file:///C:/Users/ghkdd/gemini-projects/solve-climb/node_modules/react-router/dist/development/chunk-EPOL
DU6W.mjs:6605:13)
    at BrowserRouter (file:///C:/Users/ghkdd/gemini-projects/solve-climb/node_modules/react-router/dist/development/chu
nk-EPOLDU6W.mjs:9815:3)

Consider adding an error boundary to your tree to customize error handling behavior.
Visit https://reactjs.org/link/error-boundaries to learn more about error boundaries.

TypeError: Cannot read properties of undefined (reading 'then')
    at C:/Users/ghkdd/gemini-projects/solve-climb/src/features/mypage/pages/MyPage.tsx:132:41
    at commitHookEffectListMount (C:\Users\ghkdd\gemini-projects\solve-climb\node_modules\react-dom\cjs\react-dom.devel
opment.js:23189:26)
    at commitPassiveMountOnFiber (C:\Users\ghkdd\gemini-projects\solve-climb\node_modules\react-dom\cjs\react-dom.devel
opment.js:24970:11)
    at commitPassiveMountEffects_complete (C:\Users\ghkdd\gemini-projects\solve-climb\node_modules\react-dom\cjs\react-
dom.development.js:24930:9)
    at commitPassiveMountEffects_begin (C:\Users\ghkdd\gemini-projects\solve-climb\node_modules\react-dom\cjs\react-dom
.development.js:24917:7)
    at commitPassiveMountEffects (C:\Users\ghkdd\gemini-projects\solve-climb\node_modules\react-dom\cjs\react-dom.devel
opment.js:24905:3)
    at flushPassiveEffectsImpl (C:\Users\ghkdd\gemini-projects\solve-climb\node_modules\react-dom\cjs\react-dom.develop
ment.js:27078:3)
    at flushPassiveEffects (C:\Users\ghkdd\gemini-projects\solve-climb\node_modules\react-dom\cjs\react-dom.development
.js:27023:14)
    at C:\Users\ghkdd\gemini-projects\solve-climb\node_modules\react-dom\cjs\react-dom.development.js:26808:9
    at flushActQueue (C:\Users\ghkdd\gemini-projects\solve-climb\node_modules\react\cjs\react.development.js:2667:24)
[90mstderr[2m | src/features/mypage/pages/__tests__/MyPage.test.tsx[2m > [22m[2mMyPage[2m > [22m[2mshould handl
e promotion flow
[22m[39mThe above error occurred in the <MyPage> component:

    at MyPage (C:/Users/ghkdd/gemini-projects/solve-climb/src/features/mypage/pages/MyPage.tsx:90:81)
    at Router (file:///C:/Users/ghkdd/gemini-projects/solve-climb/node_modules/react-router/dist/development/chunk-EPOL
DU6W.mjs:6605:13)
    at BrowserRouter (file:///C:/Users/ghkdd/gemini-projects/solve-climb/node_modules/react-router/dist/development/chu
nk-EPOLDU6W.mjs:9815:3)

Consider adding an error boundary to your tree to customize error handling behavior.
Visit https://reactjs.org/link/error-boundaries to learn more about error boundaries.

TypeError: Cannot read properties of undefined (reading 'then')
    at C:/Users/ghkdd/gemini-projects/solve-climb/src/features/mypage/pages/MyPage.tsx:132:41
    at commitHookEffectListMount (C:\Users\ghkdd\gemini-projects\solve-climb\node_modules\react-dom\cjs\react-dom.devel
opment.js:23189:26)
    at commitPassiveMountOnFiber (C:\Users\ghkdd\gemini-projects\solve-climb\node_modules\react-dom\cjs\react-dom.devel
opment.js:24970:11)
    at commitPassiveMountEffects_complete (C:\Users\ghkdd\gemini-projects\solve-climb\node_modules\react-dom\cjs\react-
dom.development.js:24930:9)
    at commitPassiveMountEffects_begin (C:\Users\ghkdd\gemini-projects\solve-climb\node_modules\react-dom\cjs\react-dom
.development.js:24917:7)
    at commitPassiveMountEffects (C:\Users\ghkdd\gemini-projects\solve-climb\node_modules\react-dom\cjs\react-dom.devel
opment.js:24905:3)
    at flushPassiveEffectsImpl (C:\Users\ghkdd\gemini-projects\solve-climb\node_modules\react-dom\cjs\react-dom.develop
ment.js:27078:3)
    at flushPassiveEffects (C:\Users\ghkdd\gemini-projects\solve-climb\node_modules\react-dom\cjs\react-dom.development
.js:27023:14)
    at C:\Users\ghkdd\gemini-projects\solve-climb\node_modules\react-dom\cjs\react-dom.development.js:26808:9
    at flushActQueue (C:\Users\ghkdd\gemini-projects\solve-climb\node_modules\react\cjs\react.development.js:2667:24)
TypeError: Cannot read properties of undefined (reading 'then')
    at C:/Users/ghkdd/gemini-projects/solve-climb/src/features/mypage/pages/MyPage.tsx:132:41
    at commitHookEffectListMount (C:\Users\ghkdd\gemini-projects\solve-climb\node_modules\react-dom\cjs\react-dom.devel
opment.js:23189:26)
    at commitPassiveMountOnFiber (C:\Users\ghkdd\gemini-projects\solve-climb\node_modules\react-dom\cjs\react-dom.devel
opment.js:24970:11)
    at commitPassiveMountEffects_complete (C:\Users\ghkdd\gemini-projects\solve-climb\node_modules\react-dom\cjs\react-
dom.development.js:24930:9)
    at commitPassiveMountEffects_begin (C:\Users\ghkdd\gemini-projects\solve-climb\node_modules\react-dom\cjs\react-dom
.development.js:24917:7)
    at commitPassiveMountEffects (C:\Users\ghkdd\gemini-projects\solve-climb\node_modules\react-dom\cjs\react-dom.devel
opment.js:24905:3)
    at flushPassiveEffectsImpl (C:\Users\ghkdd\gemini-projects\solve-climb\node_modules\react-dom\cjs\react-dom.develop
ment.js:27078:3)
    at flushPassiveEffects (C:\Users\ghkdd\gemini-projects\solve-climb\node_modules\react-dom\cjs\react-dom.development
.js:27023:14)
    at C:\Users\ghkdd\gemini-projects\solve-climb\node_modules\react-dom\cjs\react-dom.development.js:26808:9
    at flushActQueue (C:\Users\ghkdd\gemini-projects\solve-climb\node_modules\react\cjs\react.development.js:2667:24)
TypeError: Cannot read properties of undefined (reading 'then')
    at C:/Users/ghkdd/gemini-projects/solve-climb/src/features/mypage/pages/MyPage.tsx:132:41
    at commitHookEffectListMount (C:\Users\ghkdd\gemini-projects\solve-climb\node_modules\react-dom\cjs\react-dom.devel
opment.js:23189:26)
    at commitPassiveMountOnFiber (C:\Users\ghkdd\gemini-projects\solve-climb\node_modules\react-dom\cjs\react-dom.devel
opment.js:24970:11)
    at commitPassiveMountEffects_complete (C:\Users\ghkdd\gemini-projects\solve-climb\node_modules\react-dom\cjs\react-
dom.development.js:24930:9)
    at commitPassiveMountEffects_begin (C:\Users\ghkdd\gemini-projects\solve-climb\node_modules\react-dom\cjs\react-dom
.development.js:24917:7)
    at commitPassiveMountEffects (C:\Users\ghkdd\gemini-projects\solve-climb\node_modules\react-dom\cjs\react-dom.devel
opment.js:24905:3)
    at flushPassiveEffectsImpl (C:\Users\ghkdd\gemini-projects\solve-climb\node_modules\react-dom\cjs\react-dom.develop
ment.js:27078:3)
    at flushPassiveEffects (C:\Users\ghkdd\gemini-projects\solve-climb\node_modules\react-dom\cjs\react-dom.development
.js:27023:14)
    at C:\Users\ghkdd\gemini-projects\solve-climb\node_modules\react-dom\cjs\react-dom.development.js:26808:9
    at flushActQueue (C:\Users\ghkdd\gemini-projects\solve-climb\node_modules\react\cjs\react.development.js:2667:24)
TypeError: Cannot read properties of undefined (reading 'then')
    at C:/Users/ghkdd/gemini-projects/solve-climb/src/features/mypage/pages/MyPage.tsx:132:41
    at commitHookEffectListMount (C:\Users\ghkdd\gemini-projects\solve-climb\node_modules\react-dom\cjs\react-dom.devel
opment.js:23189:26)
    at commitPassiveMountOnFiber (C:\Users\ghkdd\gemini-projects\solve-climb\node_modules\react-dom\cjs\react-dom.devel
opment.js:24970:11)
    at commitPassiveMountEffects_complete (C:\Users\ghkdd\gemini-projects\solve-climb\node_modules\react-dom\cjs\react-
dom.development.js:24930:9)
    at commitPassiveMountEffects_begin (C:\Users\ghkdd\gemini-projects\solve-climb\node_modules\react-dom\cjs\react-dom
.development.js:24917:7)
    at commitPassiveMountEffects (C:\Users\ghkdd\gemini-projects\solve-climb\node_modules\react-dom\cjs\react-dom.devel
opment.js:24905:3)
    at flushPassiveEffectsImpl (C:\Users\ghkdd\gemini-projects\solve-climb\node_modules\react-dom\cjs\react-dom.develop
ment.js:27078:3)
    at flushPassiveEffects (C:\Users\ghkdd\gemini-projects\solve-climb\node_modules\react-dom\cjs\react-dom.development
.js:27023:14)
    at C:\Users\ghkdd\gemini-projects\solve-climb\node_modules\react-dom\cjs\react-dom.development.js:26808:9
    at flushActQueue (C:\Users\ghkdd\gemini-projects\solve-climb\node_modules\react\cjs\react.development.js:2667:24)
TypeError: Cannot read properties of undefined (reading 'then')
    at C:/Users/ghkdd/gemini-projects/solve-climb/src/features/mypage/pages/MyPage.tsx:132:41
    at commitHookEffectListMount (C:\Users\ghkdd\gemini-projects\solve-climb\node_modules\react-dom\cjs\react-dom.devel
opment.js:23189:26)
    at commitPassiveMountOnFiber (C:\Users\ghkdd\gemini-projects\solve-climb\node_modules\react-dom\cjs\react-dom.devel
opment.js:24970:11)
    at commitPassiveMountEffects_complete (C:\Users\ghkdd\gemini-projects\solve-climb\node_modules\react-dom\cjs\react-
dom.development.js:24930:9)
    at commitPassiveMountEffects_begin (C:\Users\ghkdd\gemini-projects\solve-climb\node_modules\react-dom\cjs\react-dom
.development.js:24917:7)
    at commitPassiveMountEffects (C:\Users\ghkdd\gemini-projects\solve-climb\node_modules\react-dom\cjs\react-dom.devel
opment.js:24905:3)
    at flushPassiveEffectsImpl (C:\Users\ghkdd\gemini-projects\solve-climb\node_modules\react-dom\cjs\react-dom.develop
ment.js:27078:3)
    at flushPassiveEffects (C:\Users\ghkdd\gemini-projects\solve-climb\node_modules\react-dom\cjs\react-dom.development
.js:27023:14)
    at C:\Users\ghkdd\gemini-projects\solve-climb\node_modules\react-dom\cjs\react-dom.development.js:26808:9
    at flushActQueue (C:\Users\ghkdd\gemini-projects\solve-climb\node_modules\react\cjs\react.development.js:2667:24)
[90mstderr[2m | src/features/mypage/pages/__tests__/MyPage.test.tsx[2m > [22m[2mMyPage[2m > [22m[2mshould handl
e logout
[22m[39mThe above error occurred in the <MyPage> component:

    at MyPage (C:/Users/ghkdd/gemini-projects/solve-climb/src/features/mypage/pages/MyPage.tsx:90:81)
    at Router (file:///C:/Users/ghkdd/gemini-projects/solve-climb/node_modules/react-router/dist/development/chunk-EPOL
DU6W.mjs:6605:13)
    at BrowserRouter (file:///C:/Users/ghkdd/gemini-projects/solve-climb/node_modules/react-router/dist/development/chu
nk-EPOLDU6W.mjs:9815:3)

Consider adding an error boundary to your tree to customize error handling behavior.
Visit https://reactjs.org/link/error-boundaries to learn more about error boundaries.

TypeError: Cannot read properties of undefined (reading 'then')
    at C:/Users/ghkdd/gemini-projects/solve-climb/src/features/mypage/pages/MyPage.tsx:132:41
    at commitHookEffectListMount (C:\Users\ghkdd\gemini-projects\solve-climb\node_modules\react-dom\cjs\react-dom.devel
opment.js:23189:26)
    at commitPassiveMountOnFiber (C:\Users\ghkdd\gemini-projects\solve-climb\node_modules\react-dom\cjs\react-dom.devel
opment.js:24970:11)
    at commitPassiveMountEffects_complete (C:\Users\ghkdd\gemini-projects\solve-climb\node_modules\react-dom\cjs\react-
dom.development.js:24930:9)
    at commitPassiveMountEffects_begin (C:\Users\ghkdd\gemini-projects\solve-climb\node_modules\react-dom\cjs\react-dom
.development.js:24917:7)
    at commitPassiveMountEffects (C:\Users\ghkdd\gemini-projects\solve-climb\node_modules\react-dom\cjs\react-dom.devel
opment.js:24905:3)
    at flushPassiveEffectsImpl (C:\Users\ghkdd\gemini-projects\solve-climb\node_modules\react-dom\cjs\react-dom.develop
ment.js:27078:3)
    at flushPassiveEffects (C:\Users\ghkdd\gemini-projects\solve-climb\node_modules\react-dom\cjs\react-dom.development
.js:27023:14)
    at C:\Users\ghkdd\gemini-projects\solve-climb\node_modules\react-dom\cjs\react-dom.development.js:26808:9
    at flushActQueue (C:\Users\ghkdd\gemini-projects\solve-climb\node_modules\react\cjs\react.development.js:2667:24)
TypeError: Cannot read properties of undefined (reading 'then')
    at C:/Users/ghkdd/gemini-projects/solve-climb/src/features/mypage/pages/MyPage.tsx:132:41
    at commitHookEffectListMount (C:\Users\ghkdd\gemini-projects\solve-climb\node_modules\react-dom\cjs\react-dom.devel
opment.js:23189:26)
    at commitPassiveMountOnFiber (C:\Users\ghkdd\gemini-projects\solve-climb\node_modules\react-dom\cjs\react-dom.devel
opment.js:24970:11)
    at commitPassiveMountEffects_complete (C:\Users\ghkdd\gemini-projects\solve-climb\node_modules\react-dom\cjs\react-
dom.development.js:24930:9)
    at commitPassiveMountEffects_begin (C:\Users\ghkdd\gemini-projects\solve-climb\node_modules\react-dom\cjs\react-dom
.development.js:24917:7)
    at commitPassiveMountEffects (C:\Users\ghkdd\gemini-projects\solve-climb\node_modules\react-dom\cjs\react-dom.devel
opment.js:24905:3)
    at flushPassiveEffectsImpl (C:\Users\ghkdd\gemini-projects\solve-climb\node_modules\react-dom\cjs\react-dom.develop
ment.js:27078:3)
    at flushPassiveEffects (C:\Users\ghkdd\gemini-projects\solve-climb\node_modules\react-dom\cjs\react-dom.development
.js:27023:14)
    at C:\Users\ghkdd\gemini-projects\solve-climb\node_modules\react-dom\cjs\react-dom.development.js:26808:9
    at flushActQueue (C:\Users\ghkdd\gemini-projects\solve-climb\node_modules\react\cjs\react.development.js:2667:24)
[90mstderr[2m | src/features/mypage/pages/__tests__/MyPage.test.tsx[2m > [22m[2mMyPage[2m > [22m[2mshould open 
leaderboard
[22m[39mThe above error occurred in the <MyPage> component:

    at MyPage (C:/Users/ghkdd/gemini-projects/solve-climb/src/features/mypage/pages/MyPage.tsx:90:81)
    at Router (file:///C:/Users/ghkdd/gemini-projects/solve-climb/node_modules/react-router/dist/development/chunk-EPOL
DU6W.mjs:6605:13)
    at BrowserRouter (file:///C:/Users/ghkdd/gemini-projects/solve-climb/node_modules/react-router/dist/development/chu
nk-EPOLDU6W.mjs:9815:3)

Consider adding an error boundary to your tree to customize error handling behavior.
Visit https://reactjs.org/link/error-boundaries to learn more about error boundaries.

[90mstderr[2m | src/features/mypage/pages/__tests__/MyPage.test.tsx[2m > [22m[2mMyPage[2m > [22m[2m
[22m[39mThe above error occurred in the <MyPage> component:

    at MyPage (C:/Users/ghkdd/gemini-projects/solve-climb/src/features/mypage/pages/MyPage.tsx:90:81)
    at Router (file:///C:/Users/ghkdd/gemini-projects/solve-climb/node_modules/react-router/dist/development/chunk-EPOL
DU6W.mjs:6605:13)
    at BrowserRouter (file:///C:/Users/ghkdd/gemini-projects/solve-climb/node_modules/react-router/dist/development/chu
nk-EPOLDU6W.mjs:9815:3)

Consider adding an error boundary to your tree to customize error handling behavior.
Visit https://reactjs.org/link/error-boundaries to learn more about error boundaries.

TypeError: Cannot read properties of undefined (reading 'then')
    at C:/Users/ghkdd/gemini-projects/solve-climb/src/features/mypage/pages/MyPage.tsx:132:41
    at commitHookEffectListMount (C:\Users\ghkdd\gemini-projects\solve-climb\node_modules\react-dom\cjs\react-dom.devel
opment.js:23189:26)
    at commitPassiveMountOnFiber (C:\Users\ghkdd\gemini-projects\solve-climb\node_modules\react-dom\cjs\react-dom.devel
opment.js:24970:11)
    at commitPassiveMountEffects_complete (C:\Users\ghkdd\gemini-projects\solve-climb\node_modules\react-dom\cjs\react-
dom.development.js:24930:9)
    at commitPassiveMountEffects_begin (C:\Users\ghkdd\gemini-projects\solve-climb\node_modules\react-dom\cjs\react-dom
.development.js:24917:7)
    at commitPassiveMountEffects (C:\Users\ghkdd\gemini-projects\solve-climb\node_modules\react-dom\cjs\react-dom.devel
opment.js:24905:3)
    at flushPassiveEffectsImpl (C:\Users\ghkdd\gemini-projects\solve-climb\node_modules\react-dom\cjs\react-dom.develop
ment.js:27078:3)
    at flushPassiveEffects (C:\Users\ghkdd\gemini-projects\solve-climb\node_modules\react-dom\cjs\react-dom.development
.js:27023:14)
    at C:\Users\ghkdd\gemini-projects\solve-climb\node_modules\react-dom\cjs\react-dom.development.js:26808:9
    at flushActQueue (C:\Users\ghkdd\gemini-projects\solve-climb\node_modules\react\cjs\react.development.js:2667:24)
[90mstderr[2m | src/features/mypage/pages/__tests__/MyPage.test.tsx[2m > [22m[2mMyPage[2m > [22m[2mshould handl
e data reset error
[22m[39mThe above error occurred in the <MyPage> component:

    at MyPage (C:/Users/ghkdd/gemini-projects/solve-climb/src/features/mypage/pages/MyPage.tsx:90:81)
    at Router (file:///C:/Users/ghkdd/gemini-projects/solve-climb/node_modules/react-router/dist/development/chunk-EPOL
DU6W.mjs:6605:13)
    at BrowserRouter (file:///C:/Users/ghkdd/gemini-projects/solve-climb/node_modules/react-router/dist/development/chu
nk-EPOLDU6W.mjs:9815:3)

Consider adding an error boundary to your tree to customize error handling behavior.
Visit https://reactjs.org/link/error-boundaries to learn more about error boundaries.

[90mstderr[2m | src/features/mypage/pages/__tests__/MyPage.test.tsx[2m > [22m[2mMyPage[2m > [22m[2mshould handl
e withdrawal error
[22m[39mThe above error occurred in the <MyPage> component:

    at MyPage (C:/Users/ghkdd/gemini-projects/solve-climb/src/features/mypage/pages/MyPage.tsx:90:81)
    at Router (file:///C:/Users/ghkdd/gemini-projects/solve-climb/node_modules/react-router/dist/development/chunk-EPOL
DU6W.mjs:6605:13)
    at BrowserRouter (file:///C:/Users/ghkdd/gemini-projects/solve-climb/node_modules/react-router/dist/development/chu
nk-EPOLDU6W.mjs:9815:3)

Consider adding an error boundary to your tree to customize error handling behavior.
Visit https://reactjs.org/link/error-boundaries to learn more about error boundaries.

[90mstderr[2m | src/features/mypage/pages/__tests__/MyPage.test.tsx[2m > [22m[2mMyPage[2m > [22m[2m
[22m[39mThe above error occurred in the <MyPage> component:

    at MyPage (C:/Users/ghkdd/gemini-projects/solve-climb/src/features/mypage/pages/MyPage.tsx:90:81)
    at Router (file:///C:/Users/ghkdd/gemini-projects/solve-climb/node_modules/react-router/dist/development/chunk-EPOL
DU6W.mjs:6605:13)
    at BrowserRouter (file:///C:/Users/ghkdd/gemini-projects/solve-climb/node_modules/react-router/dist/development/chu
nk-EPOLDU6W.mjs:9815:3)

Consider adding an error boundary to your tree to customize error handling behavior.
Visit https://reactjs.org/link/error-boundaries to learn more about error boundaries.

TypeError: Cannot read properties of undefined (reading 'then')
    at C:/Users/ghkdd/gemini-projects/solve-climb/src/features/mypage/pages/MyPage.tsx:132:41
    at commitHookEffectListMount (C:\Users\ghkdd\gemini-projects\solve-climb\node_modules\react-dom\cjs\react-dom.devel
opment.js:23189:26)
    at commitPassiveMountOnFiber (C:\Users\ghkdd\gemini-projects\solve-climb\node_modules\react-dom\cjs\react-dom.devel
opment.js:24970:11)
    at commitPassiveMountEffects_complete (C:\Users\ghkdd\gemini-projects\solve-climb\node_modules\react-dom\cjs\react-
dom.development.js:24930:9)
    at commitPassiveMountEffects_begin (C:\Users\ghkdd\gemini-projects\solve-climb\node_modules\react-dom\cjs\react-dom
.development.js:24917:7)
    at commitPassiveMountEffects (C:\Users\ghkdd\gemini-projects\solve-climb\node_modules\react-dom\cjs\react-dom.devel
opment.js:24905:3)
    at flushPassiveEffectsImpl (C:\Users\ghkdd\gemini-projects\solve-climb\node_modules\react-dom\cjs\react-dom.develop
ment.js:27078:3)
    at flushPassiveEffects (C:\Users\ghkdd\gemini-projects\solve-climb\node_modules\react-dom\cjs\react-dom.development
.js:27023:14)
    at C:\Users\ghkdd\gemini-projects\solve-climb\node_modules\react-dom\cjs\react-dom.development.js:26808:9
    at flushActQueue (C:\Users\ghkdd\gemini-projects\solve-climb\node_modules\react\cjs\react.development.js:2667:24)
TypeError: Cannot read properties of undefined (reading 'then')
    at C:/Users/ghkdd/gemini-projects/solve-climb/src/features/mypage/pages/MyPage.tsx:132:41
    at commitHookEffectListMount (C:\Users\ghkdd\gemini-projects\solve-climb\node_modules\react-dom\cjs\react-dom.devel
opment.js:23189:26)
    at commitPassiveMountOnFiber (C:\Users\ghkdd\gemini-projects\solve-climb\node_modules\react-dom\cjs\react-dom.devel
opment.js:24970:11)
    at commitPassiveMountEffects_complete (C:\Users\ghkdd\gemini-projects\solve-climb\node_modules\react-dom\cjs\react-
dom.development.js:24930:9)
    at commitPassiveMountEffects_begin (C:\Users\ghkdd\gemini-projects\solve-climb\node_modules\react-dom\cjs\react-dom
.development.js:24917:7)
    at commitPassiveMountEffects (C:\Users\ghkdd\gemini-projects\solve-climb\node_modules\react-dom\cjs\react-dom.devel
opment.js:24905:3)
    at flushPassiveEffectsImpl (C:\Users\ghkdd\gemini-projects\solve-climb\node_modules\react-dom\cjs\react-dom.develop
ment.js:27078:3)
    at flushPassiveEffects (C:\Users\ghkdd\gemini-projects\solve-climb\node_modules\react-dom\cjs\react-dom.development
.js:27023:14)
    at C:\Users\ghkdd\gemini-projects\solve-climb\node_modules\react-dom\cjs\react-dom.development.js:26808:9
    at flushActQueue (C:\Users\ghkdd\gemini-projects\solve-climb\node_modules\react\cjs\react.development.js:2667:24)
[90mstderr[2m | src/features/mypage/pages/__tests__/MyPage.test.tsx[2m > [22m[2mMyPage[2m > [22m[2m
[22m[39mThe above error occurred in the <MyPage> component:

    at MyPage (C:/Users/ghkdd/gemini-projects/solve-climb/src/features/mypage/pages/MyPage.tsx:90:81)
    at Router (file:///C:/Users/ghkdd/gemini-projects/solve-climb/node_modules/react-router/dist/development/chunk-EPOL
DU6W.mjs:6605:13)
    at BrowserRouter (file:///C:/Users/ghkdd/gemini-projects/solve-climb/node_modules/react-router/dist/development/chu
nk-EPOLDU6W.mjs:9815:3)

Consider adding an error boundary to your tree to customize error handling behavior.
Visit https://reactjs.org/link/error-boundaries to learn more about error boundaries.

[90mstderr[2m | src/features/mypage/pages/__tests__/MyPage.test.tsx[2m > [22m[2mMyPage[2m > [22m[2mshould show 
development toast when leaderboard button clicked
[22m[39mThe above error occurred in the <MyPage> component:

    at MyPage (C:/Users/ghkdd/gemini-projects/solve-climb/src/features/mypage/pages/MyPage.tsx:90:81)
    at Router (file:///C:/Users/ghkdd/gemini-projects/solve-climb/node_modules/react-router/dist/development/chunk-EPOL
DU6W.mjs:6605:13)
    at BrowserRouter (file:///C:/Users/ghkdd/gemini-projects/solve-climb/node_modules/react-router/dist/development/chu
nk-EPOLDU6W.mjs:9815:3)

Consider adding an error boundary to your tree to customize error handling behavior.
Visit https://reactjs.org/link/error-boundaries to learn more about error boundaries.

TypeError: Cannot read properties of undefined (reading 'then')
    at C:/Users/ghkdd/gemini-projects/solve-climb/src/features/mypage/pages/MyPage.tsx:132:41
    at commitHookEffectListMount (C:\Users\ghkdd\gemini-projects\solve-climb\node_modules\react-dom\cjs\react-dom.devel
opment.js:23189:26)
    at commitPassiveMountOnFiber (C:\Users\ghkdd\gemini-projects\solve-climb\node_modules\react-dom\cjs\react-dom.devel
opment.js:24970:11)
    at commitPassiveMountEffects_complete (C:\Users\ghkdd\gemini-projects\solve-climb\node_modules\react-dom\cjs\react-
dom.development.js:24930:9)
    at commitPassiveMountEffects_begin (C:\Users\ghkdd\gemini-projects\solve-climb\node_modules\react-dom\cjs\react-dom
.development.js:24917:7)
    at commitPassiveMountEffects (C:\Users\ghkdd\gemini-projects\solve-climb\node_modules\react-dom\cjs\react-dom.devel
opment.js:24905:3)
    at flushPassiveEffectsImpl (C:\Users\ghkdd\gemini-projects\solve-climb\node_modules\react-dom\cjs\react-dom.develop
ment.js:27078:3)
    at flushPassiveEffects (C:\Users\ghkdd\gemini-projects\solve-climb\node_modules\react-dom\cjs\react-dom.development
.js:27023:14)
    at C:\Users\ghkdd\gemini-projects\solve-climb\node_modules\react-dom\cjs\react-dom.development.js:26808:9
    at flushActQueue (C:\Users\ghkdd\gemini-projects\solve-climb\node_modules\react\cjs\react.development.js:2667:24)
[90mstderr[2m | src/features/mypage/pages/__tests__/MyPage.test.tsx[2m > [22m[2mMyPage[2m > [22m[2mshould handl
e profile complete with direct redirect
[22m[39mThe above error occurred in the <MyPage> component:

    at MyPage (C:/Users/ghkdd/gemini-projects/solve-climb/src/features/mypage/pages/MyPage.tsx:90:81)
    at Router (file:///C:/Users/ghkdd/gemini-projects/solve-climb/node_modules/react-router/dist/development/chunk-EPOL
DU6W.mjs:6605:13)
    at BrowserRouter (file:///C:/Users/ghkdd/gemini-projects/solve-climb/node_modules/react-router/dist/development/chu
nk-EPOLDU6W.mjs:9815:3)

Consider adding an error boundary to your tree to customize error handling behavior.
Visit https://reactjs.org/link/error-boundaries to learn more about error boundaries.

[90mstderr[2m | src/features/mypage/pages/__tests__/MyPage.test.tsx[2m > [22m[2mMyPage[2m > [22m[2m
[22m[39mThe above error occurred in the <MyPage> component:

    at MyPage (C:/Users/ghkdd/gemini-projects/solve-climb/src/features/mypage/pages/MyPage.tsx:90:81)
    at Router (file:///C:/Users/ghkdd/gemini-projects/solve-climb/node_modules/react-router/dist/development/chunk-EPOL
DU6W.mjs:6605:13)
    at BrowserRouter (file:///C:/Users/ghkdd/gemini-projects/solve-climb/node_modules/react-router/dist/development/chu
nk-EPOLDU6W.mjs:9815:3)

Consider adding an error boundary to your tree to customize error handling behavior.
Visit https://reactjs.org/link/error-boundaries to learn more about error boundaries.

[90mstderr[2m | src/features/mypage/pages/__tests__/MyPage.test.tsx[2m > [22m[2mMyPage[2m > [22m[2m
[22m[39mThe above error occurred in the <MyPage> component:

    at MyPage (C:/Users/ghkdd/gemini-projects/solve-climb/src/features/mypage/pages/MyPage.tsx:90:81)
    at Router (file:///C:/Users/ghkdd/gemini-projects/solve-climb/node_modules/react-router/dist/development/chunk-EPOL
DU6W.mjs:6605:13)
    at BrowserRouter (file:///C:/Users/ghkdd/gemini-projects/solve-climb/node_modules/react-router/dist/development/chu
nk-EPOLDU6W.mjs:9815:3)

Consider adding an error boundary to your tree to customize error handling behavior.
Visit https://reactjs.org/link/error-boundaries to learn more about error boundaries.

TypeError: Cannot read properties of undefined (reading 'then')
    at C:/Users/ghkdd/gemini-projects/solve-climb/src/features/mypage/pages/MyPage.tsx:132:41
    at commitHookEffectListMount (C:\Users\ghkdd\gemini-projects\solve-climb\node_modules\react-dom\cjs\react-dom.devel
opment.js:23189:26)
    at commitPassiveMountOnFiber (C:\Users\ghkdd\gemini-projects\solve-climb\node_modules\react-dom\cjs\react-dom.devel
opment.js:24970:11)
    at commitPassiveMountEffects_complete (C:\Users\ghkdd\gemini-projects\solve-climb\node_modules\react-dom\cjs\react-
dom.development.js:24930:9)
    at commitPassiveMountEffects_begin (C:\Users\ghkdd\gemini-projects\solve-climb\node_modules\react-dom\cjs\react-dom
.development.js:24917:7)
    at commitPassiveMountEffects (C:\Users\ghkdd\gemini-projects\solve-climb\node_modules\react-dom\cjs\react-dom.devel
opment.js:24905:3)
    at flushPassiveEffectsImpl (C:\Users\ghkdd\gemini-projects\solve-climb\node_modules\react-dom\cjs\react-dom.develop
ment.js:27078:3)
    at flushPassiveEffects (C:\Users\ghkdd\gemini-projects\solve-climb\node_modules\react-dom\cjs\react-dom.development
.js:27023:14)
    at C:\Users\ghkdd\gemini-projects\solve-climb\node_modules\react-dom\cjs\react-dom.development.js:26808:9
    at flushActQueue (C:\Users\ghkdd\gemini-projects\solve-climb\node_modules\react\cjs\react.development.js:2667:24)
[90mstderr[2m | src/features/mypage/pages/__tests__/MyPage.test.tsx[2m > [22m[2mMyPage[2m > [22m[2mshould close
 Promotion Modal
[22m[39mThe above error occurred in the <MyPage> component:

    at MyPage (C:/Users/ghkdd/gemini-projects/solve-climb/src/features/mypage/pages/MyPage.tsx:90:81)
    at Router (file:///C:/Users/ghkdd/gemini-projects/solve-climb/node_modules/react-router/dist/development/chunk-EPOL
DU6W.mjs:6605:13)
    at BrowserRouter (file:///C:/Users/ghkdd/gemini-projects/solve-climb/node_modules/react-router/dist/development/chu
nk-EPOLDU6W.mjs:9815:3)

Consider adding an error boundary to your tree to customize error handling behavior.
Visit https://reactjs.org/link/error-boundaries to learn more about error boundaries.

TypeError: Cannot read properties of undefined (reading 'then')
    at C:/Users/ghkdd/gemini-projects/solve-climb/src/features/mypage/pages/MyPage.tsx:132:41
    at commitHookEffectListMount (C:\Users\ghkdd\gemini-projects\solve-climb\node_modules\react-dom\cjs\react-dom.devel
opment.js:23189:26)
    at commitPassiveMountOnFiber (C:\Users\ghkdd\gemini-projects\solve-climb\node_modules\react-dom\cjs\react-dom.devel
opment.js:24970:11)
    at commitPassiveMountEffects_complete (C:\Users\ghkdd\gemini-projects\solve-climb\node_modules\react-dom\cjs\react-
dom.development.js:24930:9)
    at commitPassiveMountEffects_begin (C:\Users\ghkdd\gemini-projects\solve-climb\node_modules\react-dom\cjs\react-dom
.development.js:24917:7)
    at commitPassiveMountEffects (C:\Users\ghkdd\gemini-projects\solve-climb\node_modules\react-dom\cjs\react-dom.devel
opment.js:24905:3)
    at flushPassiveEffectsImpl (C:\Users\ghkdd\gemini-projects\solve-climb\node_modules\react-dom\cjs\react-dom.develop
ment.js:27078:3)
    at flushPassiveEffects (C:\Users\ghkdd\gemini-projects\solve-climb\node_modules\react-dom\cjs\react-dom.development
.js:27023:14)
    at C:\Users\ghkdd\gemini-projects\solve-climb\node_modules\react-dom\cjs\react-dom.development.js:26808:9
    at flushActQueue (C:\Users\ghkdd\gemini-projects\solve-climb\node_modules\react\cjs\react.development.js:2667:24)
[90mstderr[2m | src/features/mypage/pages/__tests__/MyPage.test.tsx[2m > [22m[2mMyPage[2m > [22m[2m
[22m[39mThe above error occurred in the <MyPage> component:

    at MyPage (C:/Users/ghkdd/gemini-projects/solve-climb/src/features/mypage/pages/MyPage.tsx:90:81)
    at Router (file:///C:/Users/ghkdd/gemini-projects/solve-climb/node_modules/react-router/dist/development/chunk-EPOL
DU6W.mjs:6605:13)
    at BrowserRouter (file:///C:/Users/ghkdd/gemini-projects/solve-climb/node_modules/react-router/dist/development/chu
nk-EPOLDU6W.mjs:9815:3)

Consider adding an error boundary to your tree to customize error handling behavior.
Visit https://reactjs.org/link/error-boundaries to learn more about error boundaries.

TypeError: Cannot read properties of undefined (reading 'then')
    at C:/Users/ghkdd/gemini-projects/solve-climb/src/features/mypage/pages/MyPage.tsx:132:41
    at commitHookEffectListMount (C:\Users\ghkdd\gemini-projects\solve-climb\node_modules\react-dom\cjs\react-dom.devel
opment.js:23189:26)
    at commitPassiveMountOnFiber (C:\Users\ghkdd\gemini-projects\solve-climb\node_modules\react-dom\cjs\react-dom.devel
opment.js:24970:11)
    at commitPassiveMountEffects_complete (C:\Users\ghkdd\gemini-projects\solve-climb\node_modules\react-dom\cjs\react-
dom.development.js:24930:9)
    at commitPassiveMountEffects_begin (C:\Users\ghkdd\gemini-projects\solve-climb\node_modules\react-dom\cjs\react-dom
.development.js:24917:7)
    at commitPassiveMountEffects (C:\Users\ghkdd\gemini-projects\solve-climb\node_modules\react-dom\cjs\react-dom.devel
opment.js:24905:3)
    at flushPassiveEffectsImpl (C:\Users\ghkdd\gemini-projects\solve-climb\node_modules\react-dom\cjs\react-dom.develop
ment.js:27078:3)
    at flushPassiveEffects (C:\Users\ghkdd\gemini-projects\solve-climb\node_modules\react-dom\cjs\react-dom.development
.js:27023:14)
    at C:\Users\ghkdd\gemini-projects\solve-climb\node_modules\react-dom\cjs\react-dom.development.js:26808:9
    at flushActQueue (C:\Users\ghkdd\gemini-projects\solve-climb\node_modules\react\cjs\react.development.js:2667:24)
[90mstderr[2m | src/features/mypage/pages/__tests__/MyPage.test.tsx[2m > [22m[2mMyPage[2m > [22m[2mshould handl
e anonymous login error
[22m[39mThe above error occurred in the <MyPage> component:

    at MyPage (C:/Users/ghkdd/gemini-projects/solve-climb/src/features/mypage/pages/MyPage.tsx:90:81)
    at Router (file:///C:/Users/ghkdd/gemini-projects/solve-climb/node_modules/react-router/dist/development/chunk-EPOL
DU6W.mjs:6605:13)
    at BrowserRouter (file:///C:/Users/ghkdd/gemini-projects/solve-climb/node_modules/react-router/dist/development/chu
nk-EPOLDU6W.mjs:9815:3)

Consider adding an error boundary to your tree to customize error handling behavior.
Visit https://reactjs.org/link/error-boundaries to learn more about error boundaries.

TypeError: Cannot read properties of undefined (reading 'then')
    at C:/Users/ghkdd/gemini-projects/solve-climb/src/features/mypage/pages/MyPage.tsx:132:41
    at commitHookEffectListMount (C:\Users\ghkdd\gemini-projects\solve-climb\node_modules\react-dom\cjs\react-dom.devel
opment.js:23189:26)
    at commitPassiveMountOnFiber (C:\Users\ghkdd\gemini-projects\solve-climb\node_modules\react-dom\cjs\react-dom.devel
opment.js:24970:11)
    at commitPassiveMountEffects_complete (C:\Users\ghkdd\gemini-projects\solve-climb\node_modules\react-dom\cjs\react-
dom.development.js:24930:9)
    at commitPassiveMountEffects_begin (C:\Users\ghkdd\gemini-projects\solve-climb\node_modules\react-dom\cjs\react-dom
.development.js:24917:7)
    at commitPassiveMountEffects (C:\Users\ghkdd\gemini-projects\solve-climb\node_modules\react-dom\cjs\react-dom.devel
opment.js:24905:3)
    at flushPassiveEffectsImpl (C:\Users\ghkdd\gemini-projects\solve-climb\node_modules\react-dom\cjs\react-dom.develop
ment.js:27078:3)
    at flushPassiveEffects (C:\Users\ghkdd\gemini-projects\solve-climb\node_modules\react-dom\cjs\react-dom.development
.js:27023:14)
    at C:\Users\ghkdd\gemini-projects\solve-climb\node_modules\react-dom\cjs\react-dom.development.js:26808:9
    at flushActQueue (C:\Users\ghkdd\gemini-projects\solve-climb\node_modules\react\cjs\react.development.js:2667:24)
[90mstderr[2m | src/features/mypage/pages/__tests__/MyPage.test.tsx[2m > [22m[2mMyPage[2m > [22m[2m
[22m[39mThe above error occurred in the <MyPage> component:

    at MyPage (C:/Users/ghkdd/gemini-projects/solve-climb/src/features/mypage/pages/MyPage.tsx:90:81)
    at Router (file:///C:/Users/ghkdd/gemini-projects/solve-climb/node_modules/react-router/dist/development/chunk-EPOL
DU6W.mjs:6605:13)
    at BrowserRouter (file:///C:/Users/ghkdd/gemini-projects/solve-climb/node_modules/react-router/dist/development/chu
nk-EPOLDU6W.mjs:9815:3)

Consider adding an error boundary to your tree to customize error handling behavior.
Visit https://reactjs.org/link/error-boundaries to learn more about error boundaries.

TypeError: Cannot read properties of undefined (reading 'then')
    at C:/Users/ghkdd/gemini-projects/solve-climb/src/features/mypage/pages/MyPage.tsx:132:41
    at commitHookEffectListMount (C:\Users\ghkdd\gemini-projects\solve-climb\node_modules\react-dom\cjs\react-dom.devel
opment.js:23189:26)
    at commitPassiveMountOnFiber (C:\Users\ghkdd\gemini-projects\solve-climb\node_modules\react-dom\cjs\react-dom.devel
opment.js:24970:11)
    at commitPassiveMountEffects_complete (C:\Users\ghkdd\gemini-projects\solve-climb\node_modules\react-dom\cjs\react-
dom.development.js:24930:9)
    at commitPassiveMountEffects_begin (C:\Users\ghkdd\gemini-projects\solve-climb\node_modules\react-dom\cjs\react-dom
.development.js:24917:7)
    at commitPassiveMountEffects (C:\Users\ghkdd\gemini-projects\solve-climb\node_modules\react-dom\cjs\react-dom.devel
opment.js:24905:3)
    at flushPassiveEffectsImpl (C:\Users\ghkdd\gemini-projects\solve-climb\node_modules\react-dom\cjs\react-dom.develop
ment.js:27078:3)
    at flushPassiveEffects (C:\Users\ghkdd\gemini-projects\solve-climb\node_modules\react-dom\cjs\react-dom.development
.js:27023:14)
    at C:\Users\ghkdd\gemini-projects\solve-climb\node_modules\react-dom\cjs\react-dom.development.js:26808:9
    at flushActQueue (C:\Users\ghkdd\gemini-projects\solve-climb\node_modules\react\cjs\react.development.js:2667:24)
[90mstderr[2m | src/features/mypage/pages/__tests__/MyPage.test.tsx[2m > [22m[2mMyPage[2m > [22m[2m
[22m[39mThe above error occurred in the <MyPage> component:

    at MyPage (C:/Users/ghkdd/gemini-projects/solve-climb/src/features/mypage/pages/MyPage.tsx:90:81)
    at Router (file:///C:/Users/ghkdd/gemini-projects/solve-climb/node_modules/react-router/dist/development/chunk-EPOL
DU6W.mjs:6605:13)
    at BrowserRouter (file:///C:/Users/ghkdd/gemini-projects/solve-climb/node_modules/react-router/dist/development/chu
nk-EPOLDU6W.mjs:9815:3)

Consider adding an error boundary to your tree to customize error handling behavior.
Visit https://reactjs.org/link/error-boundaries to learn more about error boundaries.

TypeError: Cannot read properties of undefined (reading 'then')
    at C:/Users/ghkdd/gemini-projects/solve-climb/src/features/mypage/pages/MyPage.tsx:132:41
    at commitHookEffectListMount (C:\Users\ghkdd\gemini-projects\solve-climb\node_modules\react-dom\cjs\react-dom.devel
opment.js:23189:26)
    at commitPassiveMountOnFiber (C:\Users\ghkdd\gemini-projects\solve-climb\node_modules\react-dom\cjs\react-dom.devel
opment.js:24970:11)
    at commitPassiveMountEffects_complete (C:\Users\ghkdd\gemini-projects\solve-climb\node_modules\react-dom\cjs\react-
dom.development.js:24930:9)
    at commitPassiveMountEffects_begin (C:\Users\ghkdd\gemini-projects\solve-climb\node_modules\react-dom\cjs\react-dom
.development.js:24917:7)
    at commitPassiveMountEffects (C:\Users\ghkdd\gemini-projects\solve-climb\node_modules\react-dom\cjs\react-dom.devel
opment.js:24905:3)
    at flushPassiveEffectsImpl (C:\Users\ghkdd\gemini-projects\solve-climb\node_modules\react-dom\cjs\react-dom.develop
ment.js:27078:3)
    at flushPassiveEffects (C:\Users\ghkdd\gemini-projects\solve-climb\node_modules\react-dom\cjs\react-dom.development
.js:27023:14)
    at C:\Users\ghkdd\gemini-projects\solve-climb\node_modules\react-dom\cjs\react-dom.development.js:26808:9
    at flushActQueue (C:\Users\ghkdd\gemini-projects\solve-climb\node_modules\react\cjs\react.development.js:2667:24)
[90mstderr[2m | src/features/mypage/pages/__tests__/MyPage.test.tsx[2m > [22m[2mMyPage[2m > [22m[2mshould handl
e Promotion Modal actions
[22m[39mThe above error occurred in the <MyPage> component:

    at MyPage (C:/Users/ghkdd/gemini-projects/solve-climb/src/features/mypage/pages/MyPage.tsx:90:81)
    at Router (file:///C:/Users/ghkdd/gemini-projects/solve-climb/node_modules/react-router/dist/development/chunk-EPOL
DU6W.mjs:6605:13)
    at BrowserRouter (file:///C:/Users/ghkdd/gemini-projects/solve-climb/node_modules/react-router/dist/development/chu
nk-EPOLDU6W.mjs:9815:3)

Consider adding an error boundary to your tree to customize error handling behavior.
Visit https://reactjs.org/link/error-boundaries to learn more about error boundaries.

TypeError: Cannot read properties of undefined (reading 'then')
    at C:/Users/ghkdd/gemini-projects/solve-climb/src/features/mypage/pages/MyPage.tsx:132:41
    at commitHookEffectListMount (C:\Users\ghkdd\gemini-projects\solve-climb\node_modules\react-dom\cjs\react-dom.devel
opment.js:23189:26)
    at commitPassiveMountOnFiber (C:\Users\ghkdd\gemini-projects\solve-climb\node_modules\react-dom\cjs\react-dom.devel
opment.js:24970:11)
    at commitPassiveMountEffects_complete (C:\Users\ghkdd\gemini-projects\solve-climb\node_modules\react-dom\cjs\react-
dom.development.js:24930:9)
    at commitPassiveMountEffects_begin (C:\Users\ghkdd\gemini-projects\solve-climb\node_modules\react-dom\cjs\react-dom
.development.js:24917:7)
    at commitPassiveMountEffects (C:\Users\ghkdd\gemini-projects\solve-climb\node_modules\react-dom\cjs\react-dom.devel
opment.js:24905:3)
    at flushPassiveEffectsImpl (C:\Users\ghkdd\gemini-projects\solve-climb\node_modules\react-dom\cjs\react-dom.develop
ment.js:27078:3)
    at flushPassiveEffects (C:\Users\ghkdd\gemini-projects\solve-climb\node_modules\react-dom\cjs\react-dom.development
.js:27023:14)
    at C:\Users\ghkdd\gemini-projects\solve-climb\node_modules\react-dom\cjs\react-dom.development.js:26808:9
    at flushActQueue (C:\Users\ghkdd\gemini-projects\solve-climb\node_modules\react\cjs\react.development.js:2667:24)
[90mstderr[2m | src/features/mypage/pages/__tests__/MyPage.test.tsx[2m > [22m[2mMyPage[2m > [22m[2mshould handl
e profile form cancellation
[22m[39mThe above error occurred in the <MyPage> component:

    at MyPage (C:/Users/ghkdd/gemini-projects/solve-climb/src/features/mypage/pages/MyPage.tsx:90:81)
    at Router (file:///C:/Users/ghkdd/gemini-projects/solve-climb/node_modules/react-router/dist/development/chunk-EPOL
DU6W.mjs:6605:13)
    at BrowserRouter (file:///C:/Users/ghkdd/gemini-projects/solve-climb/node_modules/react-router/dist/development/chu
nk-EPOLDU6W.mjs:9815:3)

Consider adding an error boundary to your tree to customize error handling behavior.
Visit https://reactjs.org/link/error-boundaries to learn more about error boundaries.

TypeError: Cannot read properties of undefined (reading 'then')
    at C:/Users/ghkdd/gemini-projects/solve-climb/src/features/mypage/pages/MyPage.tsx:132:41
    at commitHookEffectListMount (C:\Users\ghkdd\gemini-projects\solve-climb\node_modules\react-dom\cjs\react-dom.devel
opment.js:23189:26)
    at commitPassiveMountOnFiber (C:\Users\ghkdd\gemini-projects\solve-climb\node_modules\react-dom\cjs\react-dom.devel
opment.js:24970:11)
    at commitPassiveMountEffects_complete (C:\Users\ghkdd\gemini-projects\solve-climb\node_modules\react-dom\cjs\react-
dom.development.js:24930:9)
    at commitPassiveMountEffects_begin (C:\Users\ghkdd\gemini-projects\solve-climb\node_modules\react-dom\cjs\react-dom
.development.js:24917:7)
    at commitPassiveMountEffects (C:\Users\ghkdd\gemini-projects\solve-climb\node_modules\react-dom\cjs\react-dom.devel
opment.js:24905:3)
    at flushPassiveEffectsImpl (C:\Users\ghkdd\gemini-projects\solve-climb\node_modules\react-dom\cjs\react-dom.develop
ment.js:27078:3)
    at flushPassiveEffects (C:\Users\ghkdd\gemini-projects\solve-climb\node_modules\react-dom\cjs\react-dom.development
.js:27023:14)
    at C:\Users\ghkdd\gemini-projects\solve-climb\node_modules\react-dom\cjs\react-dom.development.js:26808:9
    at flushActQueue (C:\Users\ghkdd\gemini-projects\solve-climb\node_modules\react\cjs\react.development.js:2667:24)
[90mstderr[2m | src/features/mypage/pages/__tests__/MyPage.test.tsx[2m > [22m[2mMyPage[2m > [22m[2m
[22m[39mThe above error occurred in the <MyPage> component:

    at MyPage (C:/Users/ghkdd/gemini-projects/solve-climb/src/features/mypage/pages/MyPage.tsx:90:81)
    at Router (file:///C:/Users/ghkdd/gemini-projects/solve-climb/node_modules/react-router/dist/development/chunk-EPOL
DU6W.mjs:6605:13)
    at BrowserRouter (file:///C:/Users/ghkdd/gemini-projects/solve-climb/node_modules/react-router/dist/development/chu
nk-EPOLDU6W.mjs:9815:3)

Consider adding an error boundary to your tree to customize error handling behavior.
Visit https://reactjs.org/link/error-boundaries to learn more about error boundaries.

TypeError: Cannot read properties of undefined (reading 'then')
    at C:/Users/ghkdd/gemini-projects/solve-climb/src/features/mypage/pages/MyPage.tsx:132:41
    at commitHookEffectListMount (C:\Users\ghkdd\gemini-projects\solve-climb\node_modules\react-dom\cjs\react-dom.devel
opment.js:23189:26)
    at commitPassiveMountOnFiber (C:\Users\ghkdd\gemini-projects\solve-climb\node_modules\react-dom\cjs\react-dom.devel
opment.js:24970:11)
    at commitPassiveMountEffects_complete (C:\Users\ghkdd\gemini-projects\solve-climb\node_modules\react-dom\cjs\react-
dom.development.js:24930:9)
    at commitPassiveMountEffects_begin (C:\Users\ghkdd\gemini-projects\solve-climb\node_modules\react-dom\cjs\react-dom
.development.js:24917:7)
    at commitPassiveMountEffects (C:\Users\ghkdd\gemini-projects\solve-climb\node_modules\react-dom\cjs\react-dom.devel
opment.js:24905:3)
    at flushPassiveEffectsImpl (C:\Users\ghkdd\gemini-projects\solve-climb\node_modules\react-dom\cjs\react-dom.develop
ment.js:27078:3)
    at flushPassiveEffects (C:\Users\ghkdd\gemini-projects\solve-climb\node_modules\react-dom\cjs\react-dom.development
.js:27023:14)
    at C:\Users\ghkdd\gemini-projects\solve-climb\node_modules\react-dom\cjs\react-dom.development.js:26808:9
    at flushActQueue (C:\Users\ghkdd\gemini-projects\solve-climb\node_modules\react\cjs\react.development.js:2667:24)
[90mstderr[2m | src/features/mypage/pages/__tests__/MyPage.test.tsx[2m > [22m[2mMyPage[2m > [22m[2m
[22m[39mThe above error occurred in the <MyPage> component:

    at MyPage (C:/Users/ghkdd/gemini-projects/solve-climb/src/features/mypage/pages/MyPage.tsx:90:81)
    at Router (file:///C:/Users/ghkdd/gemini-projects/solve-climb/node_modules/react-router/dist/development/chunk-EPOL
DU6W.mjs:6605:13)
    at BrowserRouter (file:///C:/Users/ghkdd/gemini-projects/solve-climb/node_modules/react-router/dist/development/chu
nk-EPOLDU6W.mjs:9815:3)

Consider adding an error boundary to your tree to customize error handling behavior.
Visit https://reactjs.org/link/error-boundaries to learn more about error boundaries.

 [31m??[39m src/features/mypage/pages/__tests__/MyPage.test.tsx [2m([22m[2m29 tests[22m[2m | [22m[31m29 failed[39m[2m)[22m[32m 160[2mms[22m[39m
[31m     [31m횞[31m [39m[32m 35[2mms[22m[39m
[31m     [31m횞[31m should handle haptic toggle[39m[32m 5[2mms[22m[39m
[31m     [31m횞[31m should handle animation toggle[39m[32m 5[2mms[22m[39m
[31m     [31m횞[31m should handle data reset flow[39m[32m 5[2mms[22m[39m
[31m     [31m횞[31m should handle withdrawal flow[39m[32m 6[2mms[22m[39m
[31m     [31m횞[31m [39m[32m 5[2mms[22m[39m
[31m     [31m횞[31m should handle anonymous login[39m[32m 4[2mms[22m[39m
[31m     [31m횞[31m should handle google login[39m[32m 4[2mms[22m[39m
[31m     [31m횞[31m should handle promotion flow[39m[32m 6[2mms[22m[39m
[31m     [31m횞[31m should handle logout[39m[32m 5[2mms[22m[39m
[31m     [31m횞[31m should open leaderboard[39m[32m 4[2mms[22m[39m
[31m     [31m횞[31m [39m[32m 3[2mms[22m[39m
[31m     [31m횞[31m should handle data reset error[39m[32m 4[2mms[22m[39m
[31m     [31m횞[31m should handle withdrawal error[39m[32m 5[2mms[22m[39m
[31m     [31m횞[31m [39m[32m 7[2mms[22m[39m
[31m     [31m횞[31m [39m[32m 3[2mms[22m[39m
[31m     [31m횞[31m should show development toast when leaderboard button clicked[39m[32m 4[2mms[22m[39m
[31m     [31m횞[31m should handle profile complete with direct redirect[39m[32m 3[2mms[22m[39m
[31m     [31m횞[31m [39m[32m 3[2mms[22m[39m
[31m     [31m횞[31m [39m[32m 5[2mms[22m[39m
[31m     [31m횞[31m should close Promotion Modal[39m[32m 5[2mms[22m[39m
[31m     [31m횞[31m [39m[32m 7[2mms[22m[39m
[31m     [31m횞[31m should handle anonymous login error[39m[32m 4[2mms[22m[39m
[31m     [31m횞[31m [39m[32m 4[2mms[22m[39m
[31m     [31m횞[31m [39m[32m 4[2mms[22m[39m
[31m     [31m횞[31m should handle Promotion Modal actions[39m[32m 3[2mms[22m[39m
[31m     [31m횞[31m should handle profile form cancellation[39m[32m 3[2mms[22m[39m
[31m     [31m횞[31m [39m[32m 3[2mms[22m[39m
[31m     [31m횞[31m [39m[32m 3[2mms[22m[39m

[31m??렞??렞??렞[39m[1m[41m Failed Tests 29 [49m[22m[31m??렞??렞??렞??[39m

[41m[1m FAIL [22m[49m src/features/mypage/pages/__tests__/MyPage.test.tsx[2m > [22mMyPage[2m > [22m
[41m[1m FAIL [22m[49m src/features/mypage/pages/__tests__/MyPage.test.tsx[2m > [22mMyPage[2m > [22mshould handl
e haptic toggle
[41m[1m FAIL [22m[49m src/features/mypage/pages/__tests__/MyPage.test.tsx[2m > [22mMyPage[2m > [22mshould handl
e animation toggle
[41m[1m FAIL [22m[49m src/features/mypage/pages/__tests__/MyPage.test.tsx[2m > [22mMyPage[2m > [22mshould handl
e data reset flow
[41m[1m FAIL [22m[49m src/features/mypage/pages/__tests__/MyPage.test.tsx[2m > [22mMyPage[2m > [22mshould handl
e withdrawal flow
[41m[1m FAIL [22m[49m src/features/mypage/pages/__tests__/MyPage.test.tsx[2m > [22mMyPage[2m > [22m
[41m[1m FAIL [22m[49m src/features/mypage/pages/__tests__/MyPage.test.tsx[2m > [22mMyPage[2m > [22mshould handl
e anonymous login
[41m[1m FAIL [22m[49m src/features/mypage/pages/__tests__/MyPage.test.tsx[2m > [22mMyPage[2m > [22mshould handl
e google login
[41m[1m FAIL [22m[49m src/features/mypage/pages/__tests__/MyPage.test.tsx[2m > [22mMyPage[2m > [22mshould handl
e promotion flow
[41m[1m FAIL [22m[49m src/features/mypage/pages/__tests__/MyPage.test.tsx[2m > [22mMyPage[2m > [22mshould handl
e logout
[41m[1m FAIL [22m[49m src/features/mypage/pages/__tests__/MyPage.test.tsx[2m > [22mMyPage[2m > [22mshould open 
leaderboard
[41m[1m FAIL [22m[49m src/features/mypage/pages/__tests__/MyPage.test.tsx[2m > [22mMyPage[2m > [22m
[41m[1m FAIL [22m[49m src/features/mypage/pages/__tests__/MyPage.test.tsx[2m > [22mMyPage[2m > [22mshould handl
e data reset error
[41m[1m FAIL [22m[49m src/features/mypage/pages/__tests__/MyPage.test.tsx[2m > [22mMyPage[2m > [22mshould handl
e withdrawal error
[41m[1m FAIL [22m[49m src/features/mypage/pages/__tests__/MyPage.test.tsx[2m > [22mMyPage[2m > [22m
[41m[1m FAIL [22m[49m src/features/mypage/pages/__tests__/MyPage.test.tsx[2m > [22mMyPage[2m > [22m
[41m[1m FAIL [22m[49m src/features/mypage/pages/__tests__/MyPage.test.tsx[2m > [22mMyPage[2m > [22mshould show 
development toast when leaderboard button clicked
[41m[1m FAIL [22m[49m src/features/mypage/pages/__tests__/MyPage.test.tsx[2m > [22mMyPage[2m > [22mshould handl
e profile complete with direct redirect
[41m[1m FAIL [22m[49m src/features/mypage/pages/__tests__/MyPage.test.tsx[2m > [22mMyPage[2m > [22m
[41m[1m FAIL [22m[49m src/features/mypage/pages/__tests__/MyPage.test.tsx[2m > [22mMyPage[2m > [22m
[41m[1m FAIL [22m[49m src/features/mypage/pages/__tests__/MyPage.test.tsx[2m > [22mMyPage[2m > [22mshould close
 Promotion Modal
[41m[1m FAIL [22m[49m src/features/mypage/pages/__tests__/MyPage.test.tsx[2m > [22mMyPage[2m > [22m
[41m[1m FAIL [22m[49m src/features/mypage/pages/__tests__/MyPage.test.tsx[2m > [22mMyPage[2m > [22mshould handl
e anonymous login error
[41m[1m FAIL [22m[49m src/features/mypage/pages/__tests__/MyPage.test.tsx[2m > [22mMyPage[2m > [22m
[41m[1m FAIL [22m[49m src/features/mypage/pages/__tests__/MyPage.test.tsx[2m > [22mMyPage[2m > [22m
[41m[1m FAIL [22m[49m src/features/mypage/pages/__tests__/MyPage.test.tsx[2m > [22mMyPage[2m > [22mshould handl
e Promotion Modal actions
[41m[1m FAIL [22m[49m src/features/mypage/pages/__tests__/MyPage.test.tsx[2m > [22mMyPage[2m > [22mshould handl
e profile form cancellation
[41m[1m FAIL [22m[49m src/features/mypage/pages/__tests__/MyPage.test.tsx[2m > [22mMyPage[2m > [22m
[41m[1m FAIL [22m[49m src/features/mypage/pages/__tests__/MyPage.test.tsx[2m > [22mMyPage[2m > [22m
[31m[1mTypeError[22m: Cannot read properties of undefined (reading 'then')[39m
[36m [2m??[22m src/features/mypage/pages/MyPage.tsx:[2m132:41[22m[39m
    [90m130| [39m  [90m// ?ㅻ뒛??梨뚮┛吏 媛?몄삤湲?[39m
    [90m131| [39m  [34museEffect[39m(() [33m=>[39m {
    [90m132| [39m    [34mgetTodayChallenge[39m(progressMap[33m,[39m flags)
    [90m   | [39m                                        [31m^[39m
    [90m133| [39m      [33m.[39m[34mthen[39m((challengeData) [33m=>[39m {
    [90m134| [39m        [34msetTodayChallenge[39m(challengeData)[33m;[39m
[90m [2m??[22m commitHookEffectListMount node_modules/react-dom/cjs/react-dom.development.js:[2m23189:26[22m[39m
[90m [2m??[22m commitPassiveMountOnFiber node_modules/react-dom/cjs/react-dom.development.js:[2m24970:11[22m[39m
[90m [2m??[22m commitPassiveMountEffects_complete node_modules/react-dom/cjs/react-dom.development.js:[2m24930:9[22
m[39m
[90m [2m??[22m commitPassiveMountEffects_begin node_modules/react-dom/cjs/react-dom.development.js:[2m24917:7[22m[
39m
[90m [2m??[22m commitPassiveMountEffects node_modules/react-dom/cjs/react-dom.development.js:[2m24905:3[22m[39m
[90m [2m??[22m flushPassiveEffectsImpl node_modules/react-dom/cjs/react-dom.development.js:[2m27078:3[22m[39m
[90m [2m??[22m flushPassiveEffects node_modules/react-dom/cjs/react-dom.development.js:[2m27023:14[22m[39m
[90m [2m??[22m node_modules/react-dom/cjs/react-dom.development.js:[2m26808:9[22m[39m
[90m [2m??[22m flushActQueue node_modules/react/cjs/react.development.js:[2m2667:24[22m[39m

[31m[2m??렞??렞??렞??렞??렞??렞??렞??렞??렞??렞??렞??1/29]??[22m[39m


[2m Test Files [22m [1m[31m1 failed[39m[22m[90m (1)[39m
[2m      Tests [22m [1m[31m29 failed[39m[22m[90m (29)[39m
[2m   Start at [22m 17:52:06
[2m   Duration [22m 2.98s[2m (transform 517ms, setup 534ms, import 667ms, tests 160ms, environment 1.36s)[22m

JUNIT report written to C:/Users/ghkdd/gemini-projects/solve-climb/reports/test-results.xml
