src/features/quiz/components/game/BackpackBottomSheet.tsx(2,31): error TS2307: Cannot find module '@/types/user' or its corresponding type declarations.
src/features/quiz/components/QuizModals.tsx(12,31): error TS2307: Cannot find module '@/types/user' or its corresponding type declarations.
src/features/quiz/contexts/QuizContext.tsx(11,31): error TS2307: Cannot find module '@/types/user' or its corresponding type declarations.
src/features/quiz/contexts/QuizProvider.tsx(9,34): error TS2307: Cannot find module '@/stores/useSettingsStore' or its corresponding type declarations.
src/features/quiz/contexts/QuizProvider.tsx(11,30): error TS2307: Cannot find module '@/stores/useUserStore' or its corresponding type declarations.
src/features/quiz/contexts/QuizProvider.tsx(70,42): error TS7006: Parameter 'state' implicitly has an 'any' type.
src/features/quiz/contexts/QuizProvider.tsx(71,43): error TS7006: Parameter 'state' implicitly has an 'any' type.
src/features/quiz/hooks/bridge/useBackpack.ts(2,30): error TS2307: Cannot find module '@/stores/useUserStore' or its corresponding type declarations.
src/features/quiz/hooks/bridge/useCategoryList.ts(5,34): error TS2307: Cannot find module '@/stores/useFavoriteStore' or its corresponding type declarations.
src/features/quiz/hooks/bridge/useCategoryList.ts(12,40): error TS7006: Parameter 'state' implicitly has an 'any' type.
src/features/quiz/hooks/bridge/useCategoryList.ts(13,41): error TS7006: Parameter 'state' implicitly has an 'any' type.
src/features/quiz/hooks/bridge/useCategorySelect.ts(6,34): error TS2307: Cannot find module '@/stores/useFavoriteStore' or its corresponding type declarations.
src/features/quiz/hooks/bridge/useCategorySelect.ts(7,31): error TS2307: Cannot find module '@/stores/useDebugStore' or its corresponding type declarations.
src/features/quiz/hooks/bridge/useCategorySelect.ts(21,42): error TS7006: Parameter 'state' implicitly has an 'any' type.
src/features/quiz/hooks/bridge/useCategorySelect.ts(22,40): error TS7006: Parameter 'state' implicitly has an 'any' type.
src/features/quiz/hooks/bridge/useCategorySelect.ts(23,41): error TS7006: Parameter 'state' implicitly has an 'any' type.
src/features/quiz/hooks/bridge/useClimbGraphic.ts(2,52): error TS2307: Cannot find module '@/stores/useProfileStore' or its corresponding type declarations.
src/features/quiz/hooks/bridge/useFeverEffectBridge.ts(2,34): error TS2307: Cannot find module '@/stores/useSettingsStore' or its corresponding type declarations.
src/features/quiz/hooks/bridge/useFeverEffectBridge.ts(6,46): error TS7006: Parameter 'state' implicitly has an 'any' type.
src/features/quiz/hooks/bridge/useItemDebugBridge.ts(3,30): error TS2307: Cannot find module '@/stores/useUserStore' or its corresponding type declarations.
src/features/quiz/hooks/bridge/useItemDebugBridge.ts(4,36): error TS2307: Cannot find module '@/types/user' or its corresponding type declarations.
src/features/quiz/hooks/bridge/useItemDebugBridge.ts(216,43): error TS7006: Parameter 'item' implicitly has an 'any' type.
src/features/quiz/hooks/bridge/useKeyboardInfoModalBridge.ts(3,34): error TS2307: Cannot find module '@/stores/useSettingsStore' or its corresponding type declarations.
src/features/quiz/hooks/bridge/useKeyboardInfoModalBridge.ts(19,42): error TS7006: Parameter 'state' implicitly has an 'any' type.
src/features/quiz/hooks/bridge/useLevelList.ts(3,33): error TS2307: Cannot find module '@/stores/useProfileStore' or its corresponding type declarations.
src/features/quiz/hooks/bridge/useLevelList.ts(15,36): error TS7006: Parameter 'state' implicitly has an 'any' type.
src/features/quiz/hooks/bridge/useLevelSelectPageBridge.ts(4,34): error TS2307: Cannot find module '@/stores/useFavoriteStore' or its corresponding type declarations.
src/features/quiz/hooks/bridge/useLevelSelectPageBridge.ts(23,41): error TS7006: Parameter 'state' implicitly has an 'any' type.
src/features/quiz/hooks/bridge/useLevelSelectPageBridge.ts(24,40): error TS7006: Parameter 'state' implicitly has an 'any' type.
src/features/quiz/hooks/bridge/useQuizSession.ts(3,35): error TS2307: Cannot find module '@/utils/debugFetch' or its corresponding type declarations.
src/features/quiz/hooks/bridge/useQuizSession.ts(4,31): error TS2307: Cannot find module '@/stores/useDebugStore' or its corresponding type declarations.
src/features/quiz/hooks/bridge/useQuizStartLogic.ts(8,31): error TS2307: Cannot find module '@/types/user' or its corresponding type declarations.
src/features/quiz/hooks/bridge/useResultPageBridge.ts(3,30): error TS2307: Cannot find module '@/stores/useUserStore' or its corresponding type declarations.
src/features/quiz/hooks/bridge/useResultPageBridge.ts(5,34): error TS2307: Cannot find module '@/stores/useSettingsStore' or its corresponding type declarations.
src/features/quiz/hooks/bridge/useTierDebugBridge.ts(3,32): error TS2307: Cannot find module '@/hooks/useMyPageStats' or its corresponding type declarations.
src/features/quiz/hooks/core/useQuizRevive.ts(2,31): error TS2307: Cannot find module '@/types/user' or its corresponding type declarations.
src/features/quiz/hooks/core/useStamina.ts(1,30): error TS2307: Cannot find module '@/stores/useUserStore' or its corresponding type declarations.
src/features/quiz/pages/ResultPage.tsx(8,35): error TS2307: Cannot find module '@/components/BadgeNotification' or its corresponding type declarations.
src/features/quiz/services/LevelSyncService.ts(2,35): error TS2307: Cannot find module '../../../utils/debugFetch' or its corresponding type declarations.
src/features/quiz/stores/useLevelProgressStore.ts(5,35): error TS2307: Cannot find module '@/utils/debugFetch' or its corresponding type declarations.
src/features/quiz/stores/useLevelProgressStore.ts(8,31): error TS2307: Cannot find module '@/stores/useDebugStore' or its corresponding type declarations.
src/features/quiz/stores/useLevelProgressStore.ts(339,34): error TS7006: Parameter 'serverRecord' implicitly has an 'any' type.
